
> frontend@0.1.0 test
> react-scripts test --maxWorkers=2 --watchAll=false

FAIL src/tests/unit/hooks/useFieldValidation.test.tsx
  ● useFieldValidation › initialization › should initialize with empty value by default

    expect(received).toBe(expected) // Object.is equality

    Expected: false
    Received: true

      34 |
      35 |       expect(result.current.value).toBe('');
    > 36 |       expect(result.current.isValid).toBe(false);
         |                                      ^
      37 |     });
      38 |
      39 |     it('should validate initial value when validateOnMount is true', () => {

      at Object.<anonymous> (src/tests/unit/hooks/useFieldValidation.test.tsx:36:38)

  ● useFieldValidation › validation options › validateOnMount › should not validate on mount when disabled

    expect(received).toBe(expected) // Object.is equality

    Expected: false
    Received: true

      250 |
      251 |         expect(result.current.errors).toEqual([]);
    > 252 |         expect(result.current.isValid).toBe(false);
          |                                        ^
      253 |       });
      254 |     });
      255 |

      at Object.<anonymous> (src/tests/unit/hooks/useFieldValidation.test.tsx:252:40)

  ● useFieldValidation › complex validation scenarios › should handle async-like validation with custom rules

    expect(received).toContain(expected) // indexOf

    Expected value: "Must be at least 5 characters"
    Received array: []

      468 |         result.current.setValue('test');
      469 |       });
    > 470 |       expect(result.current.errors).toContain('Must be at least 5 characters');
          |                                     ^
      471 |     });
      472 |
      473 |     it('should handle validation with context-dependent rules', () => {

      at Object.<anonymous> (src/tests/unit/hooks/useFieldValidation.test.tsx:470:37)

FAIL src/tests/personas/language-switching.test.tsx
  ● Language Switching - Persona-Based Testing › SeniorChroniclerElf Persona - Sindarin Interface › loads application in default Sindarin language

    TestingLibraryElementError: Unable to find an element with the text: 3r9n`i0j. This could be because the text is broken up by multiple elements. In this case, you can provide a function for your text matcher to make your matcher more flexible.

    Ignored nodes: comments, script, style
    [36m<body>[39m
      [36m<div>[39m
        [36m<div[39m
          [33mclass[39m=[32m"App   desktop-app"[39m
        [36m>[39m
          [36m<header[39m
            [33mclass[39m=[32m"App-header "[39m
          [36m>[39m
            [36m<div[39m
              [33mclass[39m=[32m"container"[39m
            [36m>[39m
              [36m<div[39m
                [33mclass[39m=[32m"header-content"[39m
              [36m>[39m
                [36m<h1[39m
                  [33mclass[39m=[32m"tengwar-text "[39m
                [36m>[39m
                  [0mChronicler[0m
                [36m</h1>[39m
                [36m<p[39m
                  [33mclass[39m=[32m"tengwar-text "[39m
                [36m>[39m
                  [0mDistance Calculation Tool[0m
                [36m</p>[39m
              [36m</div>[39m
              [36m<div[39m
                [33mclass[39m=[32m"language-toggle-container"[39m
              [36m>[39m
                [36m<div[39m
                  [33mclass[39m=[32m"language-toggle-container header-language-toggle"[39m
                [36m>[39m
                  [36m<button[39m
                    [33maria-label[39m=[32m"Switch to Hobbit (English) language"[39m
                    [33mclass[39m=[32m"language-toggle language-toggle--small elvish-mode"[39m
                    [33mtitle[39m=[32m"Currently in Elf (Sindarin) mode. Click to switch."[39m
                  [36m>[39m
                    [36m<span[39m
                      [33mclass[39m=[32m"language-toggle__icon"[39m
                    [36m>[39m
                      [0m🧙‍♂️[0m
                    [36m</span>[39m
                    [36m<span[39m
                      [33mclass[39m=[32m"language-toggle__text"[39m
                    [36m>[39m
                      [0mHobbit (English)[0m
                    [36m</span>[39m
                    [36m<span[39m
                      [33mclass[39m=[32m"language-toggle__arrow"[39m
                    [36m>[39m
                      [0m⟷[0m
                    [36m</span>[39m
                  [36m</button>[39m
                [36m</div>[39m
              [36m</div>[39m
            [36m</div>[39m
          [36m</header>[39m
          [36m<main[39m
            [33mclass[39m=[32m"App-main "[39m
          [36m>[39m
            [36m<div[39m
              [33mclass[39m=[32m"container"[39m
            [36m>[39m
              [36m<div>[39m
                [36m<div>[39m
                  [36m<div[39m
                    [33mclass[39m=[32m"upload-section "[39m
                  [36m>[39m
                    [36m<div[39m
                      [33mclass[39m=[32m"file-upload-component"[39m
                    [36m>[39m
                      [36m<div[39m
                        [33maria-describedby[39m=[32m"upload-instructions"[39m
                        [33maria-label[39m=[32m"File upload zone"[39m
                        [33mclass[39m=[32m"upload-zone upload-zone--desktop upload-zone--lg"[39m
                        [33mdata-testid[39m=[32m"upload-zone"[39m
                        [33mrole[39m=[32m"button"[39m
                        [33mtabindex[39m=[32m"0"[39m
                      [36m>[39m
                        [36m<div[39m
                          [33mclass[39m=[32m"upload-zone-content "[39m
                        [36m>[39m
                          [36m<div[39m
                            [33mclass[39m=[32m"upload-instructions "[39m
                          [36m>[39m
                            [36m<div[39m
                              [33mclass[39m=[32m"upload-icon "[39m
                            [36m>[39m
                              [0m⬆️[0m
                            [36m</div>[39m
                            [36m<div[39m
                              [33mclass[39m=[32m"upload-text"[39m
                            [36m>[39m
                              [36m<p>[39m
                                [36m<strong[39m
                                  [33mclass[39m=[32m"tengwar-text "[39m
                                [36m>[39m
                                  [0mUpload your text file[0m
                                [36m</strong>[39m
                              [36m</p>[39m
                              [36m<p[39m
                                [33mclass[39m=[32m"tengwar-text"[39m
                              [36m>[39m
                                [0mor[0m
                                [0m [0m
                                [36m<button[39m
                                  [33mclass[39m=[32m"browse-button tengwar-text"[39m
                                  [33mtype[39m=[32m"button"[39m
                                [36m>[39m
                                  [0mbrowse[0m
                                [36m</button>[39m
                                [0m [0m
                                [0mto select[0m
                              [36m</p>[39m
                            [36m</div>[39m
                          [36m</div>[39m
                        [36m</div>[39m
                        [36m<input[39m
                          [33maccept[39m=[32m".txt"[39m
                          [33maria-describedby[39m=[32m"upload-instructions"[39m
                          [33mclass[39m=[32m"file-input"[39m
                          [33mdata-testid[39m=[32m"file-input"[39m
                          [33mtype[39m=[32m"file"[39m
                        [36m/>[39m
                      [36m</div>[39m
                      [36m<div[39m
                        [33mclass[39m=[32m"upload-requirements"[39m
                        [33mid[39m=[32m"upload-instructions"[39m
                      [36m>[39m
                        [36m<p[39m
                          [33mclass[39m=[32m"tengwar-text"[39m
                        [36m>[39m
                          [0mText files (.txt)[0m
                          [0m • [0m
                          [0mMax 10MB[0m
                        [36m</p>[39m
                        [36m<p[39m
                          [33mclass[39m=[32m"tengwar-text"[39m
                        [36m>[39m
                          [0mTwo columns of integers separated by spaces[0m
                        [36m</p>[39m
                      [36m</div>[39m
                      [36m<div[39m
                        [33maria-live[39m=[32m"polite"[39m
                        [33mclass[39m=[32m"sr-only"[39m
                        [33mrole[39m=[32m"status"[39m
                      [36m/>[39m
                    [36m</div>[39m
                  [36m</div>[39m
                [36m</div>[39m
              [36m</div>[39m
            [36m</div>[39m
          [36m</main>[39m
        [36m</div>[39m
      [36m</div>[39m
    [36m</body>[39m

      32 |       
      33 |       // Verify app loads in Sindarin (default)
    > 34 |       expect(screen.getByText('3r9n`i0j')).toBeInTheDocument(); // "Chronicler" in Tengwar
         |                     ^
      35 |       
      36 |       // Verify language toggle shows "Hobbitish" (option to switch to English)
      37 |       expect(screen.getByText('Hobbitish')).toBeInTheDocument();

      at Object.getElementError (../node_modules/@testing-library/dom/dist/config.js:37:19)
      at ../node_modules/@testing-library/dom/dist/query-helpers.js:76:38
      at ../node_modules/@testing-library/dom/dist/query-helpers.js:52:17
      at getByText (../node_modules/@testing-library/dom/dist/query-helpers.js:95:19)
      at Object.<anonymous> (src/tests/personas/language-switching.test.tsx:34:21)

  ● Language Switching - Persona-Based Testing › SeniorChroniclerElf Persona - Sindarin Interface › can switch from Sindarin to English successfully

    TestingLibraryElementError: Unable to find an element with the text: 3r9n`i0j. This could be because the text is broken up by multiple elements. In this case, you can provide a function for your text matcher to make your matcher more flexible.

    Ignored nodes: comments, script, style
    [36m<body>[39m
      [36m<div>[39m
        [36m<div[39m
          [33mclass[39m=[32m"App   desktop-app"[39m
        [36m>[39m
          [36m<header[39m
            [33mclass[39m=[32m"App-header "[39m
          [36m>[39m
            [36m<div[39m
              [33mclass[39m=[32m"container"[39m
            [36m>[39m
              [36m<div[39m
                [33mclass[39m=[32m"header-content"[39m
              [36m>[39m
                [36m<h1[39m
                  [33mclass[39m=[32m"tengwar-text "[39m
                [36m>[39m
                  [0mChronicler[0m
                [36m</h1>[39m
                [36m<p[39m
                  [33mclass[39m=[32m"tengwar-text "[39m
                [36m>[39m
                  [0mDistance Calculation Tool[0m
                [36m</p>[39m
              [36m</div>[39m
              [36m<div[39m
                [33mclass[39m=[32m"language-toggle-container"[39m
              [36m>[39m
                [36m<div[39m
                  [33mclass[39m=[32m"language-toggle-container header-language-toggle"[39m
                [36m>[39m
                  [36m<button[39m
                    [33maria-label[39m=[32m"Switch to Hobbit (English) language"[39m
                    [33mclass[39m=[32m"language-toggle language-toggle--small elvish-mode"[39m
                    [33mtitle[39m=[32m"Currently in Elf (Sindarin) mode. Click to switch."[39m
                  [36m>[39m
                    [36m<span[39m
                      [33mclass[39m=[32m"language-toggle__icon"[39m
                    [36m>[39m
                      [0m🧙‍♂️[0m
                    [36m</span>[39m
                    [36m<span[39m
                      [33mclass[39m=[32m"language-toggle__text"[39m
                    [36m>[39m
                      [0mHobbit (English)[0m
                    [36m</span>[39m
                    [36m<span[39m
                      [33mclass[39m=[32m"language-toggle__arrow"[39m
                    [36m>[39m
                      [0m⟷[0m
                    [36m</span>[39m
                  [36m</button>[39m
                [36m</div>[39m
              [36m</div>[39m
            [36m</div>[39m
          [36m</header>[39m
          [36m<main[39m
            [33mclass[39m=[32m"App-main "[39m
          [36m>[39m
            [36m<div[39m
              [33mclass[39m=[32m"container"[39m
            [36m>[39m
              [36m<div>[39m
                [36m<div>[39m
                  [36m<div[39m
                    [33mclass[39m=[32m"upload-section "[39m
                  [36m>[39m
                    [36m<div[39m
                      [33mclass[39m=[32m"file-upload-component"[39m
                    [36m>[39m
                      [36m<div[39m
                        [33maria-describedby[39m=[32m"upload-instructions"[39m
                        [33maria-label[39m=[32m"File upload zone"[39m
                        [33mclass[39m=[32m"upload-zone upload-zone--desktop upload-zone--lg"[39m
                        [33mdata-testid[39m=[32m"upload-zone"[39m
                        [33mrole[39m=[32m"button"[39m
                        [33mtabindex[39m=[32m"0"[39m
                      [36m>[39m
                        [36m<div[39m
                          [33mclass[39m=[32m"upload-zone-content "[39m
                        [36m>[39m
                          [36m<div[39m
                            [33mclass[39m=[32m"upload-instructions "[39m
                          [36m>[39m
                            [36m<div[39m
                              [33mclass[39m=[32m"upload-icon "[39m
                            [36m>[39m
                              [0m⬆️[0m
                            [36m</div>[39m
                            [36m<div[39m
                              [33mclass[39m=[32m"upload-text"[39m
                            [36m>[39m
                              [36m<p>[39m
                                [36m<strong[39m
                                  [33mclass[39m=[32m"tengwar-text "[39m
                                [36m>[39m
                                  [0mUpload your text file[0m
                                [36m</strong>[39m
                              [36m</p>[39m
                              [36m<p[39m
                                [33mclass[39m=[32m"tengwar-text"[39m
                              [36m>[39m
                                [0mor[0m
                                [0m [0m
                                [36m<button[39m
                                  [33mclass[39m=[32m"browse-button tengwar-text"[39m
                                  [33mtype[39m=[32m"button"[39m
                                [36m>[39m
                                  [0mbrowse[0m
                                [36m</button>[39m
                                [0m [0m
                                [0mto select[0m
                              [36m</p>[39m
                            [36m</div>[39m
                          [36m</div>[39m
                        [36m</div>[39m
                        [36m<input[39m
                          [33maccept[39m=[32m".txt"[39m
                          [33maria-describedby[39m=[32m"upload-instructions"[39m
                          [33mclass[39m=[32m"file-input"[39m
                          [33mdata-testid[39m=[32m"file-input"[39m
                          [33mtype[39m=[32m"file"[39m
                        [36m/>[39m
                      [36m</div>[39m
                      [36m<div[39m
                        [33mclass[39m=[32m"upload-requirements"[39m
                        [33mid[39m=[32m"upload-instructions"[39m
                      [36m>[39m
                        [36m<p[39m
                          [33mclass[39m=[32m"tengwar-text"[39m
                        [36m>[39m
                          [0mText files (.txt)[0m
                          [0m • [0m
                          [0mMax 10MB[0m
                        [36m</p>[39m
                        [36m<p[39m
                          [33mclass[39m=[32m"tengwar-text"[39m
                        [36m>[39m
                          [0mTwo columns of integers separated by spaces[0m
                        [36m</p>[39m
                      [36m</div>[39m
                      [36m<div[39m
                        [33maria-live[39m=[32m"polite"[39m
                        [33mclass[39m=[32m"sr-only"[39m
                        [33mrole[39m=[32m"status"[39m
                      [36m/>[39m
                    [36m</div>[39m
                  [36m</div>[39m
                [36m</div>[39m
              [36m</div>[39m
            [36m</div>[39m
          [36m</main>[39m
        [36m</div>[39m
      [36m</div>[39m
    [36m</body>[39m

      50 |       
      51 |       // Start in Sindarin
    > 52 |       expect(screen.getByText('3r9n`i0j')).toBeInTheDocument();
         |                     ^
      53 |       
      54 |       // Click language toggle to switch to English
      55 |       const languageToggle = screen.getByText('Hobbitish');

      at Object.getElementError (../node_modules/@testing-library/dom/dist/config.js:37:19)
      at ../node_modules/@testing-library/dom/dist/query-helpers.js:76:38
      at ../node_modules/@testing-library/dom/dist/query-helpers.js:52:17
      at getByText (../node_modules/@testing-library/dom/dist/query-helpers.js:95:19)
      at Object.<anonymous> (src/tests/personas/language-switching.test.tsx:52:21)

  ● Language Switching - Persona-Based Testing › SeniorChroniclerElf Persona - Sindarin Interface › maintains Tengwar font loading and cultural elements during switch

    TestingLibraryElementError: Unable to find an element with the text: /[\u{E000}-\u{F8FF}]/u. This could be because the text is broken up by multiple elements. In this case, you can provide a function for your text matcher to make your matcher more flexible.

    Ignored nodes: comments, script, style
    [36m<body>[39m
      [36m<div>[39m
        [36m<div[39m
          [33mclass[39m=[32m"App   desktop-app"[39m
        [36m>[39m
          [36m<header[39m
            [33mclass[39m=[32m"App-header "[39m
          [36m>[39m
            [36m<div[39m
              [33mclass[39m=[32m"container"[39m
            [36m>[39m
              [36m<div[39m
                [33mclass[39m=[32m"header-content"[39m
              [36m>[39m
                [36m<h1[39m
                  [33mclass[39m=[32m"tengwar-text "[39m
                [36m>[39m
                  [0mChronicler[0m
                [36m</h1>[39m
                [36m<p[39m
                  [33mclass[39m=[32m"tengwar-text "[39m
                [36m>[39m
                  [0mDistance Calculation Tool[0m
                [36m</p>[39m
              [36m</div>[39m
              [36m<div[39m
                [33mclass[39m=[32m"language-toggle-container"[39m
              [36m>[39m
                [36m<div[39m
                  [33mclass[39m=[32m"language-toggle-container header-language-toggle"[39m
                [36m>[39m
                  [36m<button[39m
                    [33maria-label[39m=[32m"Switch to Hobbit (English) language"[39m
                    [33mclass[39m=[32m"language-toggle language-toggle--small elvish-mode"[39m
                    [33mtitle[39m=[32m"Currently in Elf (Sindarin) mode. Click to switch."[39m
                  [36m>[39m
                    [36m<span[39m
                      [33mclass[39m=[32m"language-toggle__icon"[39m
                    [36m>[39m
                      [0m🧙‍♂️[0m
                    [36m</span>[39m
                    [36m<span[39m
                      [33mclass[39m=[32m"language-toggle__text"[39m
                    [36m>[39m
                      [0mHobbit (English)[0m
                    [36m</span>[39m
                    [36m<span[39m
                      [33mclass[39m=[32m"language-toggle__arrow"[39m
                    [36m>[39m
                      [0m⟷[0m
                    [36m</span>[39m
                  [36m</button>[39m
                [36m</div>[39m
              [36m</div>[39m
            [36m</div>[39m
          [36m</header>[39m
          [36m<main[39m
            [33mclass[39m=[32m"App-main "[39m
          [36m>[39m
            [36m<div[39m
              [33mclass[39m=[32m"container"[39m
            [36m>[39m
              [36m<div>[39m
                [36m<div>[39m
                  [36m<div[39m
                    [33mclass[39m=[32m"upload-section "[39m
                  [36m>[39m
                    [36m<div[39m
                      [33mclass[39m=[32m"file-upload-component"[39m
                    [36m>[39m
                      [36m<div[39m
                        [33maria-describedby[39m=[32m"upload-instructions"[39m
                        [33maria-label[39m=[32m"File upload zone"[39m
                        [33mclass[39m=[32m"upload-zone upload-zone--desktop upload-zone--lg"[39m
                        [33mdata-testid[39m=[32m"upload-zone"[39m
                        [33mrole[39m=[32m"button"[39m
                        [33mtabindex[39m=[32m"0"[39m
                      [36m>[39m
                        [36m<div[39m
                          [33mclass[39m=[32m"upload-zone-content "[39m
                        [36m>[39m
                          [36m<div[39m
                            [33mclass[39m=[32m"upload-instructions "[39m
                          [36m>[39m
                            [36m<div[39m
                              [33mclass[39m=[32m"upload-icon "[39m
                            [36m>[39m
                              [0m⬆️[0m
                            [36m</div>[39m
                            [36m<div[39m
                              [33mclass[39m=[32m"upload-text"[39m
                            [36m>[39m
                              [36m<p>[39m
                                [36m<strong[39m
                                  [33mclass[39m=[32m"tengwar-text "[39m
                                [36m>[39m
                                  [0mUpload your text file[0m
                                [36m</strong>[39m
                              [36m</p>[39m
                              [36m<p[39m
                                [33mclass[39m=[32m"tengwar-text"[39m
                              [36m>[39m
                                [0mor[0m
                                [0m [0m
                                [36m<button[39m
                                  [33mclass[39m=[32m"browse-button tengwar-text"[39m
                                  [33mtype[39m=[32m"button"[39m
                                [36m>[39m
                                  [0mbrowse[0m
                                [36m</button>[39m
                                [0m [0m
                                [0mto select[0m
                              [36m</p>[39m
                            [36m</div>[39m
                          [36m</div>[39m
                        [36m</div>[39m
                        [36m<input[39m
                          [33maccept[39m=[32m".txt"[39m
                          [33maria-describedby[39m=[32m"upload-instructions"[39m
                          [33mclass[39m=[32m"file-input"[39m
                          [33mdata-testid[39m=[32m"file-input"[39m
                          [33mtype[39m=[32m"file"[39m
                        [36m/>[39m
                      [36m</div>[39m
                      [36m<div[39m
                        [33mclass[39m=[32m"upload-requirements"[39m
                        [33mid[39m=[32m"upload-instructions"[39m
                      [36m>[39m
                        [36m<p[39m
                          [33mclass[39m=[32m"tengwar-text"[39m
                        [36m>[39m
                          [0mText files (.txt)[0m
                          [0m • [0m
                          [0mMax 10MB[0m
                        [36m</p>[39m
                        [36m<p[39m
                          [33mclass[39m=[32m"tengwar-text"[39m
                        [36m>[39m
                          [0mTwo columns of integers separated by spaces[0m
                        [36m</p>[39m
                      [36m</div>[39m
                      [36m<div[39m
                        [33maria-live[39m=[32m"polite"[39m
                        [33mclass[39m=[32m"sr-only"[39m
                        [33mrole[39m=[32m"status"[39m
                      [36m/>[39m
                    [36m</div>[39m
                  [36m</div>[39m
                [36m</div>[39m
              [36m</div>[39m
            [36m</div>[39m
          [36m</main>[39m
        [36m</div>[39m
      [36m</div>[39m
    [36m</body>[39m

      76 |       
      77 |       // Verify Tengwar elements are present initially
    > 78 |       const tengwarElements = screen.getAllByText(/[\u{E000}-\u{F8FF}]/u);
         |                                      ^
      79 |       expect(tengwarElements.length).toBeGreaterThan(0);
      80 |       
      81 |       // Switch to English

      at Object.getElementError (../node_modules/@testing-library/dom/dist/config.js:37:19)
      at ../node_modules/@testing-library/dom/dist/query-helpers.js:76:38
      at getAllByText (../node_modules/@testing-library/dom/dist/query-helpers.js:109:15)
      at Object.<anonymous> (src/tests/personas/language-switching.test.tsx:78:38)

  ● Language Switching - Persona-Based Testing › Pip Proudfoot (Hobbit) Persona - English Interface › can quickly find and use language toggle from Sindarin default

    TestingLibraryElementError: Unable to find an element with the text: 3r9n`i0j. This could be because the text is broken up by multiple elements. In this case, you can provide a function for your text matcher to make your matcher more flexible.

    Ignored nodes: comments, script, style
    [36m<body>[39m
      [36m<div>[39m
        [36m<div[39m
          [33mclass[39m=[32m"App   desktop-app"[39m
        [36m>[39m
          [36m<header[39m
            [33mclass[39m=[32m"App-header "[39m
          [36m>[39m
            [36m<div[39m
              [33mclass[39m=[32m"container"[39m
            [36m>[39m
              [36m<div[39m
                [33mclass[39m=[32m"header-content"[39m
              [36m>[39m
                [36m<h1[39m
                  [33mclass[39m=[32m"tengwar-text "[39m
                [36m>[39m
                  [0mChronicler[0m
                [36m</h1>[39m
                [36m<p[39m
                  [33mclass[39m=[32m"tengwar-text "[39m
                [36m>[39m
                  [0mDistance Calculation Tool[0m
                [36m</p>[39m
              [36m</div>[39m
              [36m<div[39m
                [33mclass[39m=[32m"language-toggle-container"[39m
              [36m>[39m
                [36m<div[39m
                  [33mclass[39m=[32m"language-toggle-container header-language-toggle"[39m
                [36m>[39m
                  [36m<button[39m
                    [33maria-label[39m=[32m"Switch to Hobbit (English) language"[39m
                    [33mclass[39m=[32m"language-toggle language-toggle--small elvish-mode"[39m
                    [33mtitle[39m=[32m"Currently in Elf (Sindarin) mode. Click to switch."[39m
                  [36m>[39m
                    [36m<span[39m
                      [33mclass[39m=[32m"language-toggle__icon"[39m
                    [36m>[39m
                      [0m🧙‍♂️[0m
                    [36m</span>[39m
                    [36m<span[39m
                      [33mclass[39m=[32m"language-toggle__text"[39m
                    [36m>[39m
                      [0mHobbit (English)[0m
                    [36m</span>[39m
                    [36m<span[39m
                      [33mclass[39m=[32m"language-toggle__arrow"[39m
                    [36m>[39m
                      [0m⟷[0m
                    [36m</span>[39m
                  [36m</button>[39m
                [36m</div>[39m
              [36m</div>[39m
            [36m</div>[39m
          [36m</header>[39m
          [36m<main[39m
            [33mclass[39m=[32m"App-main "[39m
          [36m>[39m
            [36m<div[39m
              [33mclass[39m=[32m"container"[39m
            [36m>[39m
              [36m<div>[39m
                [36m<div>[39m
                  [36m<div[39m
                    [33mclass[39m=[32m"upload-section "[39m
                  [36m>[39m
                    [36m<div[39m
                      [33mclass[39m=[32m"file-upload-component"[39m
                    [36m>[39m
                      [36m<div[39m
                        [33maria-describedby[39m=[32m"upload-instructions"[39m
                        [33maria-label[39m=[32m"File upload zone"[39m
                        [33mclass[39m=[32m"upload-zone upload-zone--desktop upload-zone--lg"[39m
                        [33mdata-testid[39m=[32m"upload-zone"[39m
                        [33mrole[39m=[32m"button"[39m
                        [33mtabindex[39m=[32m"0"[39m
                      [36m>[39m
                        [36m<div[39m
                          [33mclass[39m=[32m"upload-zone-content "[39m
                        [36m>[39m
                          [36m<div[39m
                            [33mclass[39m=[32m"upload-instructions "[39m
                          [36m>[39m
                            [36m<div[39m
                              [33mclass[39m=[32m"upload-icon "[39m
                            [36m>[39m
                              [0m⬆️[0m
                            [36m</div>[39m
                            [36m<div[39m
                              [33mclass[39m=[32m"upload-text"[39m
                            [36m>[39m
                              [36m<p>[39m
                                [36m<strong[39m
                                  [33mclass[39m=[32m"tengwar-text "[39m
                                [36m>[39m
                                  [0mUpload your text file[0m
                                [36m</strong>[39m
                              [36m</p>[39m
                              [36m<p[39m
                                [33mclass[39m=[32m"tengwar-text"[39m
                              [36m>[39m
                                [0mor[0m
                                [0m [0m
                                [36m<button[39m
                                  [33mclass[39m=[32m"browse-button tengwar-text"[39m
                                  [33mtype[39m=[32m"button"[39m
                                [36m>[39m
                                  [0mbrowse[0m
                                [36m</button>[39m
                                [0m [0m
                                [0mto select[0m
                              [36m</p>[39m
                            [36m</div>[39m
                          [36m</div>[39m
                        [36m</div>[39m
                        [36m<input[39m
                          [33maccept[39m=[32m".txt"[39m
                          [33maria-describedby[39m=[32m"upload-instructions"[39m
                          [33mclass[39m=[32m"file-input"[39m
                          [33mdata-testid[39m=[32m"file-input"[39m
                          [33mtype[39m=[32m"file"[39m
                        [36m/>[39m
                      [36m</div>[39m
                      [36m<div[39m
                        [33mclass[39m=[32m"upload-requirements"[39m
                        [33mid[39m=[32m"upload-instructions"[39m
                      [36m>[39m
                        [36m<p[39m
                          [33mclass[39m=[32m"tengwar-text"[39m
                        [36m>[39m
                          [0mText files (.txt)[0m
                          [0m • [0m
                          [0mMax 10MB[0m
                        [36m</p>[39m
                        [36m<p[39m
                          [33mclass[39m=[32m"tengwar-text"[39m
                        [36m>[39m
                          [0mTwo columns of integers separated by spaces[0m
                        [36m</p>[39m
                      [36m</div>[39m
                      [36m<div[39m
                        [33maria-live[39m=[32m"polite"[39m
                        [33mclass[39m=[32m"sr-only"[39m
                        [33mrole[39m=[32m"status"[39m
                      [36m/>[39m
                    [36m</div>[39m
                  [36m</div>[39m
                [36m</div>[39m
              [36m</div>[39m
            [36m</div>[39m
          [36m</main>[39m
        [36m</div>[39m
      [36m</div>[39m
    [36m</body>[39m

      103 |       
      104 |       // Simulate Hobbit user arriving at Sindarin interface
    > 105 |       expect(screen.getByText('3r9n`i0j')).toBeInTheDocument();
          |                     ^
      106 |       
      107 |       // Should easily find "Hobbitish" toggle (clear English label)
      108 |       const languageToggle = screen.getByText('Hobbitish');

      at Object.getElementError (../node_modules/@testing-library/dom/dist/config.js:37:19)
      at ../node_modules/@testing-library/dom/dist/query-helpers.js:76:38
      at ../node_modules/@testing-library/dom/dist/query-helpers.js:52:17
      at getByText (../node_modules/@testing-library/dom/dist/query-helpers.js:95:19)
      at Object.<anonymous> (src/tests/personas/language-switching.test.tsx:105:21)

  ● Language Switching - Persona-Based Testing › Pip Proudfoot (Hobbit) Persona - English Interface › English interface maintains professional tone and clarity

    TestingLibraryElementError: Unable to find an element with the text: Hobbitish. This could be because the text is broken up by multiple elements. In this case, you can provide a function for your text matcher to make your matcher more flexible.

    Ignored nodes: comments, script, style
    [36m<body>[39m
      [36m<div>[39m
        [36m<div[39m
          [33mclass[39m=[32m"App   desktop-app"[39m
        [36m>[39m
          [36m<header[39m
            [33mclass[39m=[32m"App-header "[39m
          [36m>[39m
            [36m<div[39m
              [33mclass[39m=[32m"container"[39m
            [36m>[39m
              [36m<div[39m
                [33mclass[39m=[32m"header-content"[39m
              [36m>[39m
                [36m<h1[39m
                  [33mclass[39m=[32m"tengwar-text "[39m
                [36m>[39m
                  [0mChronicler[0m
                [36m</h1>[39m
                [36m<p[39m
                  [33mclass[39m=[32m"tengwar-text "[39m
                [36m>[39m
                  [0mDistance Calculation Tool[0m
                [36m</p>[39m
              [36m</div>[39m
              [36m<div[39m
                [33mclass[39m=[32m"language-toggle-container"[39m
              [36m>[39m
                [36m<div[39m
                  [33mclass[39m=[32m"language-toggle-container header-language-toggle"[39m
                [36m>[39m
                  [36m<button[39m
                    [33maria-label[39m=[32m"Switch to Hobbit (English) language"[39m
                    [33mclass[39m=[32m"language-toggle language-toggle--small elvish-mode"[39m
                    [33mtitle[39m=[32m"Currently in Elf (Sindarin) mode. Click to switch."[39m
                  [36m>[39m
                    [36m<span[39m
                      [33mclass[39m=[32m"language-toggle__icon"[39m
                    [36m>[39m
                      [0m🧙‍♂️[0m
                    [36m</span>[39m
                    [36m<span[39m
                      [33mclass[39m=[32m"language-toggle__text"[39m
                    [36m>[39m
                      [0mHobbit (English)[0m
                    [36m</span>[39m
                    [36m<span[39m
                      [33mclass[39m=[32m"language-toggle__arrow"[39m
                    [36m>[39m
                      [0m⟷[0m
                    [36m</span>[39m
                  [36m</button>[39m
                [36m</div>[39m
              [36m</div>[39m
            [36m</div>[39m
          [36m</header>[39m
          [36m<main[39m
            [33mclass[39m=[32m"App-main "[39m
          [36m>[39m
            [36m<div[39m
              [33mclass[39m=[32m"container"[39m
            [36m>[39m
              [36m<div>[39m
                [36m<div>[39m
                  [36m<div[39m
                    [33mclass[39m=[32m"upload-section "[39m
                  [36m>[39m
                    [36m<div[39m
                      [33mclass[39m=[32m"file-upload-component"[39m
                    [36m>[39m
                      [36m<div[39m
                        [33maria-describedby[39m=[32m"upload-instructions"[39m
                        [33maria-label[39m=[32m"File upload zone"[39m
                        [33mclass[39m=[32m"upload-zone upload-zone--desktop upload-zone--lg"[39m
                        [33mdata-testid[39m=[32m"upload-zone"[39m
                        [33mrole[39m=[32m"button"[39m
                        [33mtabindex[39m=[32m"0"[39m
                      [36m>[39m
                        [36m<div[39m
                          [33mclass[39m=[32m"upload-zone-content "[39m
                        [36m>[39m
                          [36m<div[39m
                            [33mclass[39m=[32m"upload-instructions "[39m
                          [36m>[39m
                            [36m<div[39m
                              [33mclass[39m=[32m"upload-icon "[39m
                            [36m>[39m
                              [0m⬆️[0m
                            [36m</div>[39m
                            [36m<div[39m
                              [33mclass[39m=[32m"upload-text"[39m
                            [36m>[39m
                              [36m<p>[39m
                                [36m<strong[39m
                                  [33mclass[39m=[32m"tengwar-text "[39m
                                [36m>[39m
                                  [0mUpload your text file[0m
                                [36m</strong>[39m
                              [36m</p>[39m
                              [36m<p[39m
                                [33mclass[39m=[32m"tengwar-text"[39m
                              [36m>[39m
                                [0mor[0m
                                [0m [0m
                                [36m<button[39m
                                  [33mclass[39m=[32m"browse-button tengwar-text"[39m
                                  [33mtype[39m=[32m"button"[39m
                                [36m>[39m
                                  [0mbrowse[0m
                                [36m</button>[39m
                                [0m [0m
                                [0mto select[0m
                              [36m</p>[39m
                            [36m</div>[39m
                          [36m</div>[39m
                        [36m</div>[39m
                        [36m<input[39m
                          [33maccept[39m=[32m".txt"[39m
                          [33maria-describedby[39m=[32m"upload-instructions"[39m
                          [33mclass[39m=[32m"file-input"[39m
                          [33mdata-testid[39m=[32m"file-input"[39m
                          [33mtype[39m=[32m"file"[39m
                        [36m/>[39m
                      [36m</div>[39m
                      [36m<div[39m
                        [33mclass[39m=[32m"upload-requirements"[39m
                        [33mid[39m=[32m"upload-instructions"[39m
                      [36m>[39m
                        [36m<p[39m
                          [33mclass[39m=[32m"tengwar-text"[39m
                        [36m>[39m
                          [0mText files (.txt)[0m
                          [0m • [0m
                          [0mMax 10MB[0m
                        [36m</p>[39m
                        [36m<p[39m
                          [33mclass[39m=[32m"tengwar-text"[39m
                        [36m>[39m
                          [0mTwo columns of integers separated by spaces[0m
                        [36m</p>[39m
                      [36m</div>[39m
                      [36m<div[39m
                        [33maria-live[39m=[32m"polite"[39m
                        [33mclass[39m=[32m"sr-only"[39m
                        [33mrole[39m=[32m"status"[39m
                      [36m/>[39m
                    [36m</div>[39m
                  [36m</div>[39m
                [36m</div>[39m
              [36m</div>[39m
            [36m</div>[39m
          [36m</main>[39m
        [36m</div>[39m
      [36m</div>[39m
    [36m</body>[39m

      132 |       
      133 |       // Switch to English
    > 134 |       await userEvent.click(screen.getByText('Hobbitish'));
          |                                    ^
      135 |       await waitFor(() => {
      136 |         (global as any).mockLanguage = 'english';
      137 |       });

      at Object.getElementError (../node_modules/@testing-library/dom/dist/config.js:37:19)
      at ../node_modules/@testing-library/dom/dist/query-helpers.js:76:38
      at ../node_modules/@testing-library/dom/dist/query-helpers.js:52:17
      at getByText (../node_modules/@testing-library/dom/dist/query-helpers.js:95:19)
      at Object.<anonymous> (src/tests/personas/language-switching.test.tsx:134:36)

  ● Language Switching - Persona-Based Testing › Pip Proudfoot (Hobbit) Persona - English Interface › completes full workflow in English without cultural barriers

    TestingLibraryElementError: Unable to find an element with the text: Hobbitish. This could be because the text is broken up by multiple elements. In this case, you can provide a function for your text matcher to make your matcher more flexible.

    Ignored nodes: comments, script, style
    [36m<body>[39m
      [36m<div>[39m
        [36m<div[39m
          [33mclass[39m=[32m"App   desktop-app"[39m
        [36m>[39m
          [36m<header[39m
            [33mclass[39m=[32m"App-header "[39m
          [36m>[39m
            [36m<div[39m
              [33mclass[39m=[32m"container"[39m
            [36m>[39m
              [36m<div[39m
                [33mclass[39m=[32m"header-content"[39m
              [36m>[39m
                [36m<h1[39m
                  [33mclass[39m=[32m"tengwar-text "[39m
                [36m>[39m
                  [0mChronicler[0m
                [36m</h1>[39m
                [36m<p[39m
                  [33mclass[39m=[32m"tengwar-text "[39m
                [36m>[39m
                  [0mDistance Calculation Tool[0m
                [36m</p>[39m
              [36m</div>[39m
              [36m<div[39m
                [33mclass[39m=[32m"language-toggle-container"[39m
              [36m>[39m
                [36m<div[39m
                  [33mclass[39m=[32m"language-toggle-container header-language-toggle"[39m
                [36m>[39m
                  [36m<button[39m
                    [33maria-label[39m=[32m"Switch to Hobbit (English) language"[39m
                    [33mclass[39m=[32m"language-toggle language-toggle--small elvish-mode"[39m
                    [33mtitle[39m=[32m"Currently in Elf (Sindarin) mode. Click to switch."[39m
                  [36m>[39m
                    [36m<span[39m
                      [33mclass[39m=[32m"language-toggle__icon"[39m
                    [36m>[39m
                      [0m🧙‍♂️[0m
                    [36m</span>[39m
                    [36m<span[39m
                      [33mclass[39m=[32m"language-toggle__text"[39m
                    [36m>[39m
                      [0mHobbit (English)[0m
                    [36m</span>[39m
                    [36m<span[39m
                      [33mclass[39m=[32m"language-toggle__arrow"[39m
                    [36m>[39m
                      [0m⟷[0m
                    [36m</span>[39m
                  [36m</button>[39m
                [36m</div>[39m
              [36m</div>[39m
            [36m</div>[39m
          [36m</header>[39m
          [36m<main[39m
            [33mclass[39m=[32m"App-main "[39m
          [36m>[39m
            [36m<div[39m
              [33mclass[39m=[32m"container"[39m
            [36m>[39m
              [36m<div>[39m
                [36m<div>[39m
                  [36m<div[39m
                    [33mclass[39m=[32m"upload-section "[39m
                  [36m>[39m
                    [36m<div[39m
                      [33mclass[39m=[32m"file-upload-component"[39m
                    [36m>[39m
                      [36m<div[39m
                        [33maria-describedby[39m=[32m"upload-instructions"[39m
                        [33maria-label[39m=[32m"File upload zone"[39m
                        [33mclass[39m=[32m"upload-zone upload-zone--desktop upload-zone--lg"[39m
                        [33mdata-testid[39m=[32m"upload-zone"[39m
                        [33mrole[39m=[32m"button"[39m
                        [33mtabindex[39m=[32m"0"[39m
                      [36m>[39m
                        [36m<div[39m
                          [33mclass[39m=[32m"upload-zone-content "[39m
                        [36m>[39m
                          [36m<div[39m
                            [33mclass[39m=[32m"upload-instructions "[39m
                          [36m>[39m
                            [36m<div[39m
                              [33mclass[39m=[32m"upload-icon "[39m
                            [36m>[39m
                              [0m⬆️[0m
                            [36m</div>[39m
                            [36m<div[39m
                              [33mclass[39m=[32m"upload-text"[39m
                            [36m>[39m
                              [36m<p>[39m
                                [36m<strong[39m
                                  [33mclass[39m=[32m"tengwar-text "[39m
                                [36m>[39m
                                  [0mUpload your text file[0m
                                [36m</strong>[39m
                              [36m</p>[39m
                              [36m<p[39m
                                [33mclass[39m=[32m"tengwar-text"[39m
                              [36m>[39m
                                [0mor[0m
                                [0m [0m
                                [36m<button[39m
                                  [33mclass[39m=[32m"browse-button tengwar-text"[39m
                                  [33mtype[39m=[32m"button"[39m
                                [36m>[39m
                                  [0mbrowse[0m
                                [36m</button>[39m
                                [0m [0m
                                [0mto select[0m
                              [36m</p>[39m
                            [36m</div>[39m
                          [36m</div>[39m
                        [36m</div>[39m
                        [36m<input[39m
                          [33maccept[39m=[32m".txt"[39m
                          [33maria-describedby[39m=[32m"upload-instructions"[39m
                          [33mclass[39m=[32m"file-input"[39m
                          [33mdata-testid[39m=[32m"file-input"[39m
                          [33mtype[39m=[32m"file"[39m
                        [36m/>[39m
                      [36m</div>[39m
                      [36m<div[39m
                        [33mclass[39m=[32m"upload-requirements"[39m
                        [33mid[39m=[32m"upload-instructions"[39m
                      [36m>[39m
                        [36m<p[39m
                          [33mclass[39m=[32m"tengwar-text"[39m
                        [36m>[39m
                          [0mText files (.txt)[0m
                          [0m • [0m
                          [0mMax 10MB[0m
                        [36m</p>[39m
                        [36m<p[39m
                          [33mclass[39m=[32m"tengwar-text"[39m
                        [36m>[39m
                          [0mTwo columns of integers separated by spaces[0m
                        [36m</p>[39m
                      [36m</div>[39m
                      [36m<div[39m
                        [33maria-live[39m=[32m"polite"[39m
                        [33mclass[39m=[32m"sr-only"[39m
                        [33mrole[39m=[32m"status"[39m
                      [36m/>[39m
                    [36m</div>[39m
                  [36m</div>[39m
                [36m</div>[39m
              [36m</div>[39m
            [36m</div>[39m
          [36m</main>[39m
        [36m</div>[39m
      [36m</div>[39m
    [36m</body>[39m

      158 |       
      159 |       // Switch to English immediately
    > 160 |       await userEvent.click(screen.getByText('Hobbitish'));
          |                                    ^
      161 |       await waitFor(() => {
      162 |         (global as any).mockLanguage = 'english';
      163 |       });

      at Object.getElementError (../node_modules/@testing-library/dom/dist/config.js:37:19)
      at ../node_modules/@testing-library/dom/dist/query-helpers.js:76:38
      at ../node_modules/@testing-library/dom/dist/query-helpers.js:52:17
      at getByText (../node_modules/@testing-library/dom/dist/query-helpers.js:95:19)
      at Object.<anonymous> (src/tests/personas/language-switching.test.tsx:160:36)

  ● Language Switching - Persona-Based Testing › Pip Proudfoot (Hobbit) Persona - English Interface › English interface maintains accessibility compliance

    TestingLibraryElementError: Unable to find an element with the text: Hobbitish. This could be because the text is broken up by multiple elements. In this case, you can provide a function for your text matcher to make your matcher more flexible.

    Ignored nodes: comments, script, style
    [36m<body>[39m
      [36m<div>[39m
        [36m<div[39m
          [33mclass[39m=[32m"App   desktop-app"[39m
        [36m>[39m
          [36m<header[39m
            [33mclass[39m=[32m"App-header "[39m
          [36m>[39m
            [36m<div[39m
              [33mclass[39m=[32m"container"[39m
            [36m>[39m
              [36m<div[39m
                [33mclass[39m=[32m"header-content"[39m
              [36m>[39m
                [36m<h1[39m
                  [33mclass[39m=[32m"tengwar-text "[39m
                [36m>[39m
                  [0mChronicler[0m
                [36m</h1>[39m
                [36m<p[39m
                  [33mclass[39m=[32m"tengwar-text "[39m
                [36m>[39m
                  [0mDistance Calculation Tool[0m
                [36m</p>[39m
              [36m</div>[39m
              [36m<div[39m
                [33mclass[39m=[32m"language-toggle-container"[39m
              [36m>[39m
                [36m<div[39m
                  [33mclass[39m=[32m"language-toggle-container header-language-toggle"[39m
                [36m>[39m
                  [36m<button[39m
                    [33maria-label[39m=[32m"Switch to Hobbit (English) language"[39m
                    [33mclass[39m=[32m"language-toggle language-toggle--small elvish-mode"[39m
                    [33mtitle[39m=[32m"Currently in Elf (Sindarin) mode. Click to switch."[39m
                  [36m>[39m
                    [36m<span[39m
                      [33mclass[39m=[32m"language-toggle__icon"[39m
                    [36m>[39m
                      [0m🧙‍♂️[0m
                    [36m</span>[39m
                    [36m<span[39m
                      [33mclass[39m=[32m"language-toggle__text"[39m
                    [36m>[39m
                      [0mHobbit (English)[0m
                    [36m</span>[39m
                    [36m<span[39m
                      [33mclass[39m=[32m"language-toggle__arrow"[39m
                    [36m>[39m
                      [0m⟷[0m
                    [36m</span>[39m
                  [36m</button>[39m
                [36m</div>[39m
              [36m</div>[39m
            [36m</div>[39m
          [36m</header>[39m
          [36m<main[39m
            [33mclass[39m=[32m"App-main "[39m
          [36m>[39m
            [36m<div[39m
              [33mclass[39m=[32m"container"[39m
            [36m>[39m
              [36m<div>[39m
                [36m<div>[39m
                  [36m<div[39m
                    [33mclass[39m=[32m"upload-section "[39m
                  [36m>[39m
                    [36m<div[39m
                      [33mclass[39m=[32m"file-upload-component"[39m
                    [36m>[39m
                      [36m<div[39m
                        [33maria-describedby[39m=[32m"upload-instructions"[39m
                        [33maria-label[39m=[32m"File upload zone"[39m
                        [33mclass[39m=[32m"upload-zone upload-zone--desktop upload-zone--lg"[39m
                        [33mdata-testid[39m=[32m"upload-zone"[39m
                        [33mrole[39m=[32m"button"[39m
                        [33mtabindex[39m=[32m"0"[39m
                      [36m>[39m
                        [36m<div[39m
                          [33mclass[39m=[32m"upload-zone-content "[39m
                        [36m>[39m
                          [36m<div[39m
                            [33mclass[39m=[32m"upload-instructions "[39m
                          [36m>[39m
                            [36m<div[39m
                              [33mclass[39m=[32m"upload-icon "[39m
                            [36m>[39m
                              [0m⬆️[0m
                            [36m</div>[39m
                            [36m<div[39m
                              [33mclass[39m=[32m"upload-text"[39m
                            [36m>[39m
                              [36m<p>[39m
                                [36m<strong[39m
                                  [33mclass[39m=[32m"tengwar-text "[39m
                                [36m>[39m
                                  [0mUpload your text file[0m
                                [36m</strong>[39m
                              [36m</p>[39m
                              [36m<p[39m
                                [33mclass[39m=[32m"tengwar-text"[39m
                              [36m>[39m
                                [0mor[0m
                                [0m [0m
                                [36m<button[39m
                                  [33mclass[39m=[32m"browse-button tengwar-text"[39m
                                  [33mtype[39m=[32m"button"[39m
                                [36m>[39m
                                  [0mbrowse[0m
                                [36m</button>[39m
                                [0m [0m
                                [0mto select[0m
                              [36m</p>[39m
                            [36m</div>[39m
                          [36m</div>[39m
                        [36m</div>[39m
                        [36m<input[39m
                          [33maccept[39m=[32m".txt"[39m
                          [33maria-describedby[39m=[32m"upload-instructions"[39m
                          [33mclass[39m=[32m"file-input"[39m
                          [33mdata-testid[39m=[32m"file-input"[39m
                          [33mtype[39m=[32m"file"[39m
                        [36m/>[39m
                      [36m</div>[39m
                      [36m<div[39m
                        [33mclass[39m=[32m"upload-requirements"[39m
                        [33mid[39m=[32m"upload-instructions"[39m
                      [36m>[39m
                        [36m<p[39m
                          [33mclass[39m=[32m"tengwar-text"[39m
                        [36m>[39m
                          [0mText files (.txt)[0m
                          [0m • [0m
                          [0mMax 10MB[0m
                        [36m</p>[39m
                        [36m<p[39m
                          [33mclass[39m=[32m"tengwar-text"[39m
                        [36m>[39m
                          [0mTwo columns of integers separated by spaces[0m
                        [36m</p>[39m
                      [36m</div>[39m
                      [36m<div[39m
                        [33maria-live[39m=[32m"polite"[39m
                        [33mclass[39m=[32m"sr-only"[39m
                        [33mrole[39m=[32m"status"[39m
                      [36m/>[39m
                    [36m</div>[39m
                  [36m</div>[39m
                [36m</div>[39m
              [36m</div>[39m
            [36m</div>[39m
          [36m</main>[39m
        [36m</div>[39m
      [36m</div>[39m
    [36m</body>[39m

      178 |       
      179 |       // Switch to English
    > 180 |       await userEvent.click(screen.getByText('Hobbitish'));
          |                                    ^
      181 |       await waitFor(() => {
      182 |         (global as any).mockLanguage = 'english';
      183 |       });

      at Object.getElementError (../node_modules/@testing-library/dom/dist/config.js:37:19)
      at ../node_modules/@testing-library/dom/dist/query-helpers.js:76:38
      at ../node_modules/@testing-library/dom/dist/query-helpers.js:52:17
      at getByText (../node_modules/@testing-library/dom/dist/query-helpers.js:95:19)
      at Object.<anonymous> (src/tests/personas/language-switching.test.tsx:180:36)

  ● Language Switching - Persona-Based Testing › Bidirectional Language Switching › can switch between languages multiple times without issues

    TestingLibraryElementError: Unable to find an element with the text: 3r9n`i0j. This could be because the text is broken up by multiple elements. In this case, you can provide a function for your text matcher to make your matcher more flexible.

    Ignored nodes: comments, script, style
    [36m<body>[39m
      [36m<div>[39m
        [36m<div[39m
          [33mclass[39m=[32m"App   desktop-app"[39m
        [36m>[39m
          [36m<header[39m
            [33mclass[39m=[32m"App-header "[39m
          [36m>[39m
            [36m<div[39m
              [33mclass[39m=[32m"container"[39m
            [36m>[39m
              [36m<div[39m
                [33mclass[39m=[32m"header-content"[39m
              [36m>[39m
                [36m<h1[39m
                  [33mclass[39m=[32m"tengwar-text "[39m
                [36m>[39m
                  [0mChronicler[0m
                [36m</h1>[39m
                [36m<p[39m
                  [33mclass[39m=[32m"tengwar-text "[39m
                [36m>[39m
                  [0mDistance Calculation Tool[0m
                [36m</p>[39m
              [36m</div>[39m
              [36m<div[39m
                [33mclass[39m=[32m"language-toggle-container"[39m
              [36m>[39m
                [36m<div[39m
                  [33mclass[39m=[32m"language-toggle-container header-language-toggle"[39m
                [36m>[39m
                  [36m<button[39m
                    [33maria-label[39m=[32m"Switch to Hobbit (English) language"[39m
                    [33mclass[39m=[32m"language-toggle language-toggle--small elvish-mode"[39m
                    [33mtitle[39m=[32m"Currently in Elf (Sindarin) mode. Click to switch."[39m
                  [36m>[39m
                    [36m<span[39m
                      [33mclass[39m=[32m"language-toggle__icon"[39m
                    [36m>[39m
                      [0m🧙‍♂️[0m
                    [36m</span>[39m
                    [36m<span[39m
                      [33mclass[39m=[32m"language-toggle__text"[39m
                    [36m>[39m
                      [0mHobbit (English)[0m
                    [36m</span>[39m
                    [36m<span[39m
                      [33mclass[39m=[32m"language-toggle__arrow"[39m
                    [36m>[39m
                      [0m⟷[0m
                    [36m</span>[39m
                  [36m</button>[39m
                [36m</div>[39m
              [36m</div>[39m
            [36m</div>[39m
          [36m</header>[39m
          [36m<main[39m
            [33mclass[39m=[32m"App-main "[39m
          [36m>[39m
            [36m<div[39m
              [33mclass[39m=[32m"container"[39m
            [36m>[39m
              [36m<div>[39m
                [36m<div>[39m
                  [36m<div[39m
                    [33mclass[39m=[32m"upload-section "[39m
                  [36m>[39m
                    [36m<div[39m
                      [33mclass[39m=[32m"file-upload-component"[39m
                    [36m>[39m
                      [36m<div[39m
                        [33maria-describedby[39m=[32m"upload-instructions"[39m
                        [33maria-label[39m=[32m"File upload zone"[39m
                        [33mclass[39m=[32m"upload-zone upload-zone--desktop upload-zone--lg"[39m
                        [33mdata-testid[39m=[32m"upload-zone"[39m
                        [33mrole[39m=[32m"button"[39m
                        [33mtabindex[39m=[32m"0"[39m
                      [36m>[39m
                        [36m<div[39m
                          [33mclass[39m=[32m"upload-zone-content "[39m
                        [36m>[39m
                          [36m<div[39m
                            [33mclass[39m=[32m"upload-instructions "[39m
                          [36m>[39m
                            [36m<div[39m
                              [33mclass[39m=[32m"upload-icon "[39m
                            [36m>[39m
                              [0m⬆️[0m
                            [36m</div>[39m
                            [36m<div[39m
                              [33mclass[39m=[32m"upload-text"[39m
                            [36m>[39m
                              [36m<p>[39m
                                [36m<strong[39m
                                  [33mclass[39m=[32m"tengwar-text "[39m
                                [36m>[39m
                                  [0mUpload your text file[0m
                                [36m</strong>[39m
                              [36m</p>[39m
                              [36m<p[39m
                                [33mclass[39m=[32m"tengwar-text"[39m
                              [36m>[39m
                                [0mor[0m
                                [0m [0m
                                [36m<button[39m
                                  [33mclass[39m=[32m"browse-button tengwar-text"[39m
                                  [33mtype[39m=[32m"button"[39m
                                [36m>[39m
                                  [0mbrowse[0m
                                [36m</button>[39m
                                [0m [0m
                                [0mto select[0m
                              [36m</p>[39m
                            [36m</div>[39m
                          [36m</div>[39m
                        [36m</div>[39m
                        [36m<input[39m
                          [33maccept[39m=[32m".txt"[39m
                          [33maria-describedby[39m=[32m"upload-instructions"[39m
                          [33mclass[39m=[32m"file-input"[39m
                          [33mdata-testid[39m=[32m"file-input"[39m
                          [33mtype[39m=[32m"file"[39m
                        [36m/>[39m
                      [36m</div>[39m
                      [36m<div[39m
                        [33mclass[39m=[32m"upload-requirements"[39m
                        [33mid[39m=[32m"upload-instructions"[39m
                      [36m>[39m
                        [36m<p[39m
                          [33mclass[39m=[32m"tengwar-text"[39m
                        [36m>[39m
                          [0mText files (.txt)[0m
                          [0m • [0m
                          [0mMax 10MB[0m
                        [36m</p>[39m
                        [36m<p[39m
                          [33mclass[39m=[32m"tengwar-text"[39m
                        [36m>[39m
                          [0mTwo columns of integers separated by spaces[0m
                        [36m</p>[39m
                      [36m</div>[39m
                      [36m<div[39m
                        [33maria-live[39m=[32m"polite"[39m
                        [33mclass[39m=[32m"sr-only"[39m
                        [33mrole[39m=[32m"status"[39m
                      [36m/>[39m
                    [36m</div>[39m
                  [36m</div>[39m
                [36m</div>[39m
              [36m</div>[39m
            [36m</div>[39m
          [36m</main>[39m
        [36m</div>[39m
      [36m</div>[39m
    [36m</body>[39m

      202 |       
      203 |       // Start in Sindarin
    > 204 |       expect(screen.getByText('3r9n`i0j')).toBeInTheDocument();
          |                     ^
      205 |       
      206 |       // Switch to English
      207 |       await userEvent.click(screen.getByText('Hobbitish'));

      at Object.getElementError (../node_modules/@testing-library/dom/dist/config.js:37:19)
      at ../node_modules/@testing-library/dom/dist/query-helpers.js:76:38
      at ../node_modules/@testing-library/dom/dist/query-helpers.js:52:17
      at getByText (../node_modules/@testing-library/dom/dist/query-helpers.js:95:19)
      at Object.<anonymous> (src/tests/personas/language-switching.test.tsx:204:21)

  ● Language Switching - Persona-Based Testing › Performance and User Experience › language switching has minimal performance impact

    TestingLibraryElementError: Unable to find an element with the text: Hobbitish. This could be because the text is broken up by multiple elements. In this case, you can provide a function for your text matcher to make your matcher more flexible.

    Ignored nodes: comments, script, style
    [36m<body>[39m
      [36m<div>[39m
        [36m<div[39m
          [33mclass[39m=[32m"App   desktop-app"[39m
        [36m>[39m
          [36m<header[39m
            [33mclass[39m=[32m"App-header "[39m
          [36m>[39m
            [36m<div[39m
              [33mclass[39m=[32m"container"[39m
            [36m>[39m
              [36m<div[39m
                [33mclass[39m=[32m"header-content"[39m
              [36m>[39m
                [36m<h1[39m
                  [33mclass[39m=[32m"tengwar-text "[39m
                [36m>[39m
                  [0mChronicler[0m
                [36m</h1>[39m
                [36m<p[39m
                  [33mclass[39m=[32m"tengwar-text "[39m
                [36m>[39m
                  [0mDistance Calculation Tool[0m
                [36m</p>[39m
              [36m</div>[39m
              [36m<div[39m
                [33mclass[39m=[32m"language-toggle-container"[39m
              [36m>[39m
                [36m<div[39m
                  [33mclass[39m=[32m"language-toggle-container header-language-toggle"[39m
                [36m>[39m
                  [36m<button[39m
                    [33maria-label[39m=[32m"Switch to Hobbit (English) language"[39m
                    [33mclass[39m=[32m"language-toggle language-toggle--small elvish-mode"[39m
                    [33mtitle[39m=[32m"Currently in Elf (Sindarin) mode. Click to switch."[39m
                  [36m>[39m
                    [36m<span[39m
                      [33mclass[39m=[32m"language-toggle__icon"[39m
                    [36m>[39m
                      [0m🧙‍♂️[0m
                    [36m</span>[39m
                    [36m<span[39m
                      [33mclass[39m=[32m"language-toggle__text"[39m
                    [36m>[39m
                      [0mHobbit (English)[0m
                    [36m</span>[39m
                    [36m<span[39m
                      [33mclass[39m=[32m"language-toggle__arrow"[39m
                    [36m>[39m
                      [0m⟷[0m
                    [36m</span>[39m
                  [36m</button>[39m
                [36m</div>[39m
              [36m</div>[39m
            [36m</div>[39m
          [36m</header>[39m
          [36m<main[39m
            [33mclass[39m=[32m"App-main "[39m
          [36m>[39m
            [36m<div[39m
              [33mclass[39m=[32m"container"[39m
            [36m>[39m
              [36m<div>[39m
                [36m<div>[39m
                  [36m<div[39m
                    [33mclass[39m=[32m"upload-section "[39m
                  [36m>[39m
                    [36m<div[39m
                      [33mclass[39m=[32m"file-upload-component"[39m
                    [36m>[39m
                      [36m<div[39m
                        [33maria-describedby[39m=[32m"upload-instructions"[39m
                        [33maria-label[39m=[32m"File upload zone"[39m
                        [33mclass[39m=[32m"upload-zone upload-zone--desktop upload-zone--lg"[39m
                        [33mdata-testid[39m=[32m"upload-zone"[39m
                        [33mrole[39m=[32m"button"[39m
                        [33mtabindex[39m=[32m"0"[39m
                      [36m>[39m
                        [36m<div[39m
                          [33mclass[39m=[32m"upload-zone-content "[39m
                        [36m>[39m
                          [36m<div[39m
                            [33mclass[39m=[32m"upload-instructions "[39m
                          [36m>[39m
                            [36m<div[39m
                              [33mclass[39m=[32m"upload-icon "[39m
                            [36m>[39m
                              [0m⬆️[0m
                            [36m</div>[39m
                            [36m<div[39m
                              [33mclass[39m=[32m"upload-text"[39m
                            [36m>[39m
                              [36m<p>[39m
                                [36m<strong[39m
                                  [33mclass[39m=[32m"tengwar-text "[39m
                                [36m>[39m
                                  [0mUpload your text file[0m
                                [36m</strong>[39m
                              [36m</p>[39m
                              [36m<p[39m
                                [33mclass[39m=[32m"tengwar-text"[39m
                              [36m>[39m
                                [0mor[0m
                                [0m [0m
                                [36m<button[39m
                                  [33mclass[39m=[32m"browse-button tengwar-text"[39m
                                  [33mtype[39m=[32m"button"[39m
                                [36m>[39m
                                  [0mbrowse[0m
                                [36m</button>[39m
                                [0m [0m
                                [0mto select[0m
                              [36m</p>[39m
                            [36m</div>[39m
                          [36m</div>[39m
                        [36m</div>[39m
                        [36m<input[39m
                          [33maccept[39m=[32m".txt"[39m
                          [33maria-describedby[39m=[32m"upload-instructions"[39m
                          [33mclass[39m=[32m"file-input"[39m
                          [33mdata-testid[39m=[32m"file-input"[39m
                          [33mtype[39m=[32m"file"[39m
                        [36m/>[39m
                      [36m</div>[39m
                      [36m<div[39m
                        [33mclass[39m=[32m"upload-requirements"[39m
                        [33mid[39m=[32m"upload-instructions"[39m
                      [36m>[39m
                        [36m<p[39m
                          [33mclass[39m=[32m"tengwar-text"[39m
                        [36m>[39m
                          [0mText files (.txt)[0m
                          [0m • [0m
                          [0mMax 10MB[0m
                        [36m</p>[39m
                        [36m<p[39m
                          [33mclass[39m=[32m"tengwar-text"[39m
                        [36m>[39m
                          [0mTwo columns of integers separated by spaces[0m
                        [36m</p>[39m
                      [36m</div>[39m
                      [36m<div[39m
                        [33maria-live[39m=[32m"polite"[39m
                        [33mclass[39m=[32m"sr-only"[39m
                        [33mrole[39m=[32m"status"[39m
                      [36m/>[39m
                    [36m</div>[39m
                  [36m</div>[39m
                [36m</div>[39m
              [36m</div>[39m
            [36m</div>[39m
          [36m</main>[39m
        [36m</div>[39m
      [36m</div>[39m
    [36m</body>[39m

      247 |       // Perform multiple language switches
      248 |       for (let i = 0; i < 5; i++) {
    > 249 |         await userEvent.click(screen.getByText(i % 2 === 0 ? 'Hobbitish' : 'Sindarin'));
          |                                      ^
      250 |         await waitFor(() => {
      251 |           (global as any).mockLanguage = i % 2 === 0 ? 'english' : 'sindarin';
      252 |         });

      at Object.getElementError (../node_modules/@testing-library/dom/dist/config.js:37:19)
      at ../node_modules/@testing-library/dom/dist/query-helpers.js:76:38
      at ../node_modules/@testing-library/dom/dist/query-helpers.js:52:17
      at getByText (../node_modules/@testing-library/dom/dist/query-helpers.js:95:19)
      at Object.<anonymous> (src/tests/personas/language-switching.test.tsx:249:38)

FAIL src/tests/unit/components/MobileNavigation.test.tsx
  ● Console

    console.error
      An update to LanguageProvider inside a test was not wrapped in act(...).
      
      When testing, code that causes React state updates should be wrapped into act(...):
      
      act(() => {
        /* fire events that update state */
      });
      /* assert on the output */
      
      This ensures that you're testing the behavior the user would see in the browser. Learn more at https://react.dev/link/wrap-tests-with-act

      189 |       
      190 |       // Load Tengwar font asynchronously
    > 191 |       setIsFontLoading(true);
          |       ^
      192 |       const fontLoaded = await TengwarFontManager.loadTengwarFont();
      193 |       setTengwarFontLoaded(fontLoaded);
      194 |       setIsFontLoading(false);

      at node_modules/react-dom/cjs/react-dom-client.development.js:16023:19
      at runWithFiberInDEV (node_modules/react-dom/cjs/react-dom-client.development.js:1522:13)
      at warnIfUpdatesNotWrappedWithActDEV (node_modules/react-dom/cjs/react-dom-client.development.js:16022:9)
      at scheduleUpdateOnFiber (node_modules/react-dom/cjs/react-dom-client.development.js:14396:11)
      at dispatchSetStateInternal (node_modules/react-dom/cjs/react-dom-client.development.js:6969:13)
      at setIsFontLoading (node_modules/react-dom/cjs/react-dom-client.development.js:6927:7)
      at initializeLanguageSettings (src/contexts/LanguageContext.tsx:191:7)

    console.error
      An update to LanguageProvider inside a test was not wrapped in act(...).
      
      When testing, code that causes React state updates should be wrapped into act(...):
      
      act(() => {
        /* fire events that update state */
      });
      /* assert on the output */
      
      This ensures that you're testing the behavior the user would see in the browser. Learn more at https://react.dev/link/wrap-tests-with-act

      189 |       
      190 |       // Load Tengwar font asynchronously
    > 191 |       setIsFontLoading(true);
          |       ^
      192 |       const fontLoaded = await TengwarFontManager.loadTengwarFont();
      193 |       setTengwarFontLoaded(fontLoaded);
      194 |       setIsFontLoading(false);

      at node_modules/react-dom/cjs/react-dom-client.development.js:16023:19
      at runWithFiberInDEV (node_modules/react-dom/cjs/react-dom-client.development.js:1522:13)
      at warnIfUpdatesNotWrappedWithActDEV (node_modules/react-dom/cjs/react-dom-client.development.js:16022:9)
      at scheduleUpdateOnFiber (node_modules/react-dom/cjs/react-dom-client.development.js:14396:11)
      at dispatchSetStateInternal (node_modules/react-dom/cjs/react-dom-client.development.js:6969:13)
      at setIsFontLoading (node_modules/react-dom/cjs/react-dom-client.development.js:6927:7)
      at initializeLanguageSettings (src/contexts/LanguageContext.tsx:191:7)

    console.error
      An update to LanguageProvider inside a test was not wrapped in act(...).
      
      When testing, code that causes React state updates should be wrapped into act(...):
      
      act(() => {
        /* fire events that update state */
      });
      /* assert on the output */
      
      This ensures that you're testing the behavior the user would see in the browser. Learn more at https://react.dev/link/wrap-tests-with-act

      189 |       
      190 |       // Load Tengwar font asynchronously
    > 191 |       setIsFontLoading(true);
          |       ^
      192 |       const fontLoaded = await TengwarFontManager.loadTengwarFont();
      193 |       setTengwarFontLoaded(fontLoaded);
      194 |       setIsFontLoading(false);

      at node_modules/react-dom/cjs/react-dom-client.development.js:16023:19
      at runWithFiberInDEV (node_modules/react-dom/cjs/react-dom-client.development.js:1522:13)
      at warnIfUpdatesNotWrappedWithActDEV (node_modules/react-dom/cjs/react-dom-client.development.js:16022:9)
      at scheduleUpdateOnFiber (node_modules/react-dom/cjs/react-dom-client.development.js:14396:11)
      at dispatchSetStateInternal (node_modules/react-dom/cjs/react-dom-client.development.js:6969:13)
      at setIsFontLoading (node_modules/react-dom/cjs/react-dom-client.development.js:6927:7)
      at initializeLanguageSettings (src/contexts/LanguageContext.tsx:191:7)

    console.error
      An update to LanguageProvider inside a test was not wrapped in act(...).
      
      When testing, code that causes React state updates should be wrapped into act(...):
      
      act(() => {
        /* fire events that update state */
      });
      /* assert on the output */
      
      This ensures that you're testing the behavior the user would see in the browser. Learn more at https://react.dev/link/wrap-tests-with-act

      189 |       
      190 |       // Load Tengwar font asynchronously
    > 191 |       setIsFontLoading(true);
          |       ^
      192 |       const fontLoaded = await TengwarFontManager.loadTengwarFont();
      193 |       setTengwarFontLoaded(fontLoaded);
      194 |       setIsFontLoading(false);

      at node_modules/react-dom/cjs/react-dom-client.development.js:16023:19
      at runWithFiberInDEV (node_modules/react-dom/cjs/react-dom-client.development.js:1522:13)
      at warnIfUpdatesNotWrappedWithActDEV (node_modules/react-dom/cjs/react-dom-client.development.js:16022:9)
      at scheduleUpdateOnFiber (node_modules/react-dom/cjs/react-dom-client.development.js:14396:11)
      at dispatchSetStateInternal (node_modules/react-dom/cjs/react-dom-client.development.js:6969:13)
      at setIsFontLoading (node_modules/react-dom/cjs/react-dom-client.development.js:6927:7)
      at initializeLanguageSettings (src/contexts/LanguageContext.tsx:191:7)

    console.error
      An update to LanguageProvider inside a test was not wrapped in act(...).
      
      When testing, code that causes React state updates should be wrapped into act(...):
      
      act(() => {
        /* fire events that update state */
      });
      /* assert on the output */
      
      This ensures that you're testing the behavior the user would see in the browser. Learn more at https://react.dev/link/wrap-tests-with-act

      189 |       
      190 |       // Load Tengwar font asynchronously
    > 191 |       setIsFontLoading(true);
          |       ^
      192 |       const fontLoaded = await TengwarFontManager.loadTengwarFont();
      193 |       setTengwarFontLoaded(fontLoaded);
      194 |       setIsFontLoading(false);

      at node_modules/react-dom/cjs/react-dom-client.development.js:16023:19
      at runWithFiberInDEV (node_modules/react-dom/cjs/react-dom-client.development.js:1522:13)
      at warnIfUpdatesNotWrappedWithActDEV (node_modules/react-dom/cjs/react-dom-client.development.js:16022:9)
      at scheduleUpdateOnFiber (node_modules/react-dom/cjs/react-dom-client.development.js:14396:11)
      at dispatchSetStateInternal (node_modules/react-dom/cjs/react-dom-client.development.js:6969:13)
      at setIsFontLoading (node_modules/react-dom/cjs/react-dom-client.development.js:6927:7)
      at initializeLanguageSettings (src/contexts/LanguageContext.tsx:191:7)

    console.error
      An update to LanguageProvider inside a test was not wrapped in act(...).
      
      When testing, code that causes React state updates should be wrapped into act(...):
      
      act(() => {
        /* fire events that update state */
      });
      /* assert on the output */
      
      This ensures that you're testing the behavior the user would see in the browser. Learn more at https://react.dev/link/wrap-tests-with-act

      189 |       
      190 |       // Load Tengwar font asynchronously
    > 191 |       setIsFontLoading(true);
          |       ^
      192 |       const fontLoaded = await TengwarFontManager.loadTengwarFont();
      193 |       setTengwarFontLoaded(fontLoaded);
      194 |       setIsFontLoading(false);

      at node_modules/react-dom/cjs/react-dom-client.development.js:16023:19
      at runWithFiberInDEV (node_modules/react-dom/cjs/react-dom-client.development.js:1522:13)
      at warnIfUpdatesNotWrappedWithActDEV (node_modules/react-dom/cjs/react-dom-client.development.js:16022:9)
      at scheduleUpdateOnFiber (node_modules/react-dom/cjs/react-dom-client.development.js:14396:11)
      at dispatchSetStateInternal (node_modules/react-dom/cjs/react-dom-client.development.js:6969:13)
      at setIsFontLoading (node_modules/react-dom/cjs/react-dom-client.development.js:6927:7)
      at initializeLanguageSettings (src/contexts/LanguageContext.tsx:191:7)

    console.error
      An update to LanguageProvider inside a test was not wrapped in act(...).
      
      When testing, code that causes React state updates should be wrapped into act(...):
      
      act(() => {
        /* fire events that update state */
      });
      /* assert on the output */
      
      This ensures that you're testing the behavior the user would see in the browser. Learn more at https://react.dev/link/wrap-tests-with-act

      189 |       
      190 |       // Load Tengwar font asynchronously
    > 191 |       setIsFontLoading(true);
          |       ^
      192 |       const fontLoaded = await TengwarFontManager.loadTengwarFont();
      193 |       setTengwarFontLoaded(fontLoaded);
      194 |       setIsFontLoading(false);

      at node_modules/react-dom/cjs/react-dom-client.development.js:16023:19
      at runWithFiberInDEV (node_modules/react-dom/cjs/react-dom-client.development.js:1522:13)
      at warnIfUpdatesNotWrappedWithActDEV (node_modules/react-dom/cjs/react-dom-client.development.js:16022:9)
      at scheduleUpdateOnFiber (node_modules/react-dom/cjs/react-dom-client.development.js:14396:11)
      at dispatchSetStateInternal (node_modules/react-dom/cjs/react-dom-client.development.js:6969:13)
      at setIsFontLoading (node_modules/react-dom/cjs/react-dom-client.development.js:6927:7)
      at initializeLanguageSettings (src/contexts/LanguageContext.tsx:191:7)

    console.error
      An update to LanguageProvider inside a test was not wrapped in act(...).
      
      When testing, code that causes React state updates should be wrapped into act(...):
      
      act(() => {
        /* fire events that update state */
      });
      /* assert on the output */
      
      This ensures that you're testing the behavior the user would see in the browser. Learn more at https://react.dev/link/wrap-tests-with-act

      189 |       
      190 |       // Load Tengwar font asynchronously
    > 191 |       setIsFontLoading(true);
          |       ^
      192 |       const fontLoaded = await TengwarFontManager.loadTengwarFont();
      193 |       setTengwarFontLoaded(fontLoaded);
      194 |       setIsFontLoading(false);

      at node_modules/react-dom/cjs/react-dom-client.development.js:16023:19
      at runWithFiberInDEV (node_modules/react-dom/cjs/react-dom-client.development.js:1522:13)
      at warnIfUpdatesNotWrappedWithActDEV (node_modules/react-dom/cjs/react-dom-client.development.js:16022:9)
      at scheduleUpdateOnFiber (node_modules/react-dom/cjs/react-dom-client.development.js:14396:11)
      at dispatchSetStateInternal (node_modules/react-dom/cjs/react-dom-client.development.js:6969:13)
      at setIsFontLoading (node_modules/react-dom/cjs/react-dom-client.development.js:6927:7)
      at initializeLanguageSettings (src/contexts/LanguageContext.tsx:191:7)

    console.error
      An update to LanguageProvider inside a test was not wrapped in act(...).
      
      When testing, code that causes React state updates should be wrapped into act(...):
      
      act(() => {
        /* fire events that update state */
      });
      /* assert on the output */
      
      This ensures that you're testing the behavior the user would see in the browser. Learn more at https://react.dev/link/wrap-tests-with-act

      189 |       
      190 |       // Load Tengwar font asynchronously
    > 191 |       setIsFontLoading(true);
          |       ^
      192 |       const fontLoaded = await TengwarFontManager.loadTengwarFont();
      193 |       setTengwarFontLoaded(fontLoaded);
      194 |       setIsFontLoading(false);

      at node_modules/react-dom/cjs/react-dom-client.development.js:16023:19
      at runWithFiberInDEV (node_modules/react-dom/cjs/react-dom-client.development.js:1522:13)
      at warnIfUpdatesNotWrappedWithActDEV (node_modules/react-dom/cjs/react-dom-client.development.js:16022:9)
      at scheduleUpdateOnFiber (node_modules/react-dom/cjs/react-dom-client.development.js:14396:11)
      at dispatchSetStateInternal (node_modules/react-dom/cjs/react-dom-client.development.js:6969:13)
      at setIsFontLoading (node_modules/react-dom/cjs/react-dom-client.development.js:6927:7)
      at initializeLanguageSettings (src/contexts/LanguageContext.tsx:191:7)

    console.error
      An update to LanguageProvider inside a test was not wrapped in act(...).
      
      When testing, code that causes React state updates should be wrapped into act(...):
      
      act(() => {
        /* fire events that update state */
      });
      /* assert on the output */
      
      This ensures that you're testing the behavior the user would see in the browser. Learn more at https://react.dev/link/wrap-tests-with-act

      189 |       
      190 |       // Load Tengwar font asynchronously
    > 191 |       setIsFontLoading(true);
          |       ^
      192 |       const fontLoaded = await TengwarFontManager.loadTengwarFont();
      193 |       setTengwarFontLoaded(fontLoaded);
      194 |       setIsFontLoading(false);

      at node_modules/react-dom/cjs/react-dom-client.development.js:16023:19
      at runWithFiberInDEV (node_modules/react-dom/cjs/react-dom-client.development.js:1522:13)
      at warnIfUpdatesNotWrappedWithActDEV (node_modules/react-dom/cjs/react-dom-client.development.js:16022:9)
      at scheduleUpdateOnFiber (node_modules/react-dom/cjs/react-dom-client.development.js:14396:11)
      at dispatchSetStateInternal (node_modules/react-dom/cjs/react-dom-client.development.js:6969:13)
      at setIsFontLoading (node_modules/react-dom/cjs/react-dom-client.development.js:6927:7)
      at initializeLanguageSettings (src/contexts/LanguageContext.tsx:191:7)

  ● MobileNavigation Component › Navigation Menu › should have proper touch-friendly spacing

    TestingLibraryElementError: Unable to find an accessible element with the role "button" and name `/Submit|View|Documentation/`

    Here are the accessible roles:

      navigation:

      Name "Mobile navigation":
      [36m<nav[39m
        [33maria-label[39m=[32m"Mobile navigation"[39m
        [33mclass[39m=[32m"mobile-nav "[39m
      [36m/>[39m

      --------------------------------------------------
      button:

      Name "Toggle navigation menu":
      [36m<button[39m
        [33maria-controls[39m=[32m"mobile-nav-menu-94t05obnz"[39m
        [33maria-expanded[39m=[32m"true"[39m
        [33maria-label[39m=[32m"Toggle navigation menu"[39m
        [33mclass[39m=[32m"nav-toggle"[39m
        [33mtype[39m=[32m"button"[39m
      [36m/>[39m

      --------------------------------------------------
      menu:

      Name "":
      [36m<div[39m
        [33maria-hidden[39m=[32m"false"[39m
        [33mclass[39m=[32m"nav-menu open"[39m
        [33mdata-testid[39m=[32m"nav-menu"[39m
        [33mid[39m=[32m"mobile-nav-menu-94t05obnz"[39m
        [33mrole[39m=[32m"menu"[39m
      [36m/>[39m

      --------------------------------------------------
      menuitem:

      Name "Navigate to Submit Chronicle Lists":
      [36m<button[39m
        [33maria-label[39m=[32m"Navigate to Submit Chronicle Lists"[39m
        [33mclass[39m=[32m"nav-item"[39m
        [33mrole[39m=[32m"menuitem"[39m
        [33mtabindex[39m=[32m"0"[39m
      [36m/>[39m

      Name "Navigate to View Results":
      [36m<button[39m
        [33maria-label[39m=[32m"Navigate to View Results"[39m
        [33mclass[39m=[32m"nav-item"[39m
        [33mrole[39m=[32m"menuitem"[39m
        [33mtabindex[39m=[32m"0"[39m
      [36m/>[39m

      Name "Navigate to Documentation":
      [36m<button[39m
        [33maria-label[39m=[32m"Navigate to Documentation"[39m
        [33mclass[39m=[32m"nav-item"[39m
        [33mrole[39m=[32m"menuitem"[39m
        [33mtabindex[39m=[32m"0"[39m
      [36m/>[39m

      --------------------------------------------------

    Ignored nodes: comments, script, style
    [36m<body>[39m
      [36m<div>[39m
        [36m<nav[39m
          [33maria-label[39m=[32m"Mobile navigation"[39m
          [33mclass[39m=[32m"mobile-nav "[39m
        [36m>[39m
          [36m<button[39m
            [33maria-controls[39m=[32m"mobile-nav-menu-94t05obnz"[39m
            [33maria-expanded[39m=[32m"true"[39m
            [33maria-label[39m=[32m"Toggle navigation menu"[39m
            [33mclass[39m=[32m"nav-toggle"[39m
            [33mtype[39m=[32m"button"[39m
          [36m>[39m
            [36m<span[39m
              [33mclass[39m=[32m"hamburger-line"[39m
              [33mdata-testid[39m=[32m"hamburger-line-1"[39m
            [36m/>[39m
            [36m<span[39m
              [33mclass[39m=[32m"hamburger-line"[39m
              [33mdata-testid[39m=[32m"hamburger-line-2"[39m
            [36m/>[39m
            [36m<span[39m
              [33mclass[39m=[32m"hamburger-line"[39m
              [33mdata-testid[39m=[32m"hamburger-line-3"[39m
            [36m/>[39m
          [36m</button>[39m
          [36m<div[39m
            [33maria-hidden[39m=[32m"false"[39m
            [33mclass[39m=[32m"nav-menu open"[39m
            [33mdata-testid[39m=[32m"nav-menu"[39m
            [33mid[39m=[32m"mobile-nav-menu-94t05obnz"[39m
            [33mrole[39m=[32m"menu"[39m
          [36m>[39m
            [36m<button[39m
              [33maria-label[39m=[32m"Navigate to Submit Chronicle Lists"[39m
              [33mclass[39m=[32m"nav-item"[39m
              [33mrole[39m=[32m"menuitem"[39m
              [33mtabindex[39m=[32m"0"[39m
            [36m>[39m
              [0mSubmit Chronicle Lists[0m
            [36m</button>[39m
            [36m<button[39m
              [33maria-label[39m=[32m"Navigate to View Results"[39m
              [33mclass[39m=[32m"nav-item"[39m
              [33mrole[39m=[32m"menuitem"[39m
              [33mtabindex[39m=[32m"0"[39m
            [36m>[39m
              [0mView Results[0m
            [36m</button>[39m
            [36m<button[39m
              [33maria-label[39m=[32m"Navigate to Documentation"[39m
              [33mclass[39m=[32m"nav-item"[39m
              [33mrole[39m=[32m"menuitem"[39m
              [33mtabindex[39m=[32m"0"[39m
            [36m>[39m
              [0mDocumentation[0m
            [36m</button>[39m
          [36m</div>[39m
        [36m</nav>[39m
      [36m</div>[39m
    [36m</body>[39m

      195 |       await user.click(toggleButton);
      196 |
    > 197 |       const menuItems = screen.getAllByRole('button', { name: /Submit|View|Documentation/ });
          |                                ^
      198 |       
      199 |       // Each menu item should have appropriate CSS classes for touch targets
      200 |       menuItems.forEach(item => {

      at Object.getElementError (../node_modules/@testing-library/dom/dist/config.js:37:19)
      at ../node_modules/@testing-library/dom/dist/query-helpers.js:76:38
      at getAllByRole (../node_modules/@testing-library/dom/dist/query-helpers.js:109:15)
      at Object.<anonymous> (src/tests/unit/components/MobileNavigation.test.tsx:197:32)

  ● MobileNavigation Component › Keyboard Navigation › should handle Tab navigation within menu

    expect(element).toHaveFocus()

    Expected element with focus:
      <button aria-label="Navigate to Submit Chronicle Lists" class="nav-item" role="menuitem" tabindex="0">Submit Chronicle Lists</button>
    Received element with focus:
      <button aria-label="Navigate to View Results" class="nav-item" role="menuitem" tabindex="0">View Results</button>

      264 |       // Tab through menu items
      265 |       await user.keyboard('{Tab}');
    > 266 |       expect(screen.getByText('Submit Chronicle Lists')).toHaveFocus();
          |                                                          ^
      267 |
      268 |       await user.keyboard('{Tab}');
      269 |       expect(screen.getByText('View Results')).toHaveFocus();

      at Object.<anonymous> (src/tests/unit/components/MobileNavigation.test.tsx:266:58)

  ● MobileNavigation Component › Touch Gestures › should handle touch events on toggle button

    expect(element).toHaveAttribute("aria-expanded", "true") // element.getAttribute("aria-expanded") === "true"

    Expected the element to have attribute:
      aria-expanded="true"
    Received:
      aria-expanded="false"

      292 |       fireEvent.touchEnd(toggleButton);
      293 |       
    > 294 |       expect(toggleButton).toHaveAttribute('aria-expanded', 'true');
          |                            ^
      295 |     });
      296 |
      297 |     test('should close menu when touching outside', async () => {

      at Object.<anonymous> (src/tests/unit/components/MobileNavigation.test.tsx:294:28)

  ● MobileNavigation Component › Touch Gestures › should close menu when touching outside

    TestingLibraryElementError: Unable to find an element by: [data-testid="mobile-navigation"]

    Ignored nodes: comments, script, style
    [36m<body>[39m
      [36m<div>[39m
        [36m<nav[39m
          [33maria-label[39m=[32m"Mobile navigation"[39m
          [33mclass[39m=[32m"mobile-nav "[39m
        [36m>[39m
          [36m<button[39m
            [33maria-controls[39m=[32m"mobile-nav-menu-h9jrh9tjm"[39m
            [33maria-expanded[39m=[32m"true"[39m
            [33maria-label[39m=[32m"Toggle navigation menu"[39m
            [33mclass[39m=[32m"nav-toggle"[39m
            [33mtype[39m=[32m"button"[39m
          [36m>[39m
            [36m<span[39m
              [33mclass[39m=[32m"hamburger-line"[39m
              [33mdata-testid[39m=[32m"hamburger-line-1"[39m
            [36m/>[39m
            [36m<span[39m
              [33mclass[39m=[32m"hamburger-line"[39m
              [33mdata-testid[39m=[32m"hamburger-line-2"[39m
            [36m/>[39m
            [36m<span[39m
              [33mclass[39m=[32m"hamburger-line"[39m
              [33mdata-testid[39m=[32m"hamburger-line-3"[39m
            [36m/>[39m
          [36m</button>[39m
          [36m<div[39m
            [33maria-hidden[39m=[32m"false"[39m
            [33mclass[39m=[32m"nav-menu open"[39m
            [33mdata-testid[39m=[32m"nav-menu"[39m
            [33mid[39m=[32m"mobile-nav-menu-h9jrh9tjm"[39m
            [33mrole[39m=[32m"menu"[39m
          [36m>[39m
            [36m<button[39m
              [33maria-label[39m=[32m"Navigate to Submit Chronicle Lists"[39m
              [33mclass[39m=[32m"nav-item"[39m
              [33mrole[39m=[32m"menuitem"[39m
              [33mtabindex[39m=[32m"0"[39m
            [36m>[39m
              [0mSubmit Chronicle Lists[0m
            [36m</button>[39m
            [36m<button[39m
              [33maria-label[39m=[32m"Navigate to View Results"[39m
              [33mclass[39m=[32m"nav-item"[39m
              [33mrole[39m=[32m"menuitem"[39m
              [33mtabindex[39m=[32m"0"[39m
            [36m>[39m
              [0mView Results[0m
            [36m</button>[39m
            [36m<button[39m
              [33maria-label[39m=[32m"Navigate to Documentation"[39m
              [33mclass[39m=[32m"nav-item"[39m
              [33mrole[39m=[32m"menuitem"[39m
              [33mtabindex[39m=[32m"0"[39m
            [36m>[39m
              [0mDocumentation[0m
            [36m</button>[39m
          [36m</div>[39m
        [36m</nav>[39m
      [36m</div>[39m
    [36m</body>[39m

      305 |
      306 |       // Touch outside (simulate by firing click on document)
    > 307 |       fireEvent.click(screen.getByTestId('mobile-navigation'));
          |                              ^
      308 |       
      309 |       await waitFor(() => {
      310 |         expect(toggleButton).toHaveAttribute('aria-expanded', 'false');

      at Object.getElementError (../node_modules/@testing-library/dom/dist/config.js:37:19)
      at ../node_modules/@testing-library/dom/dist/query-helpers.js:76:38
      at ../node_modules/@testing-library/dom/dist/query-helpers.js:52:17
      at getByTestId (../node_modules/@testing-library/dom/dist/query-helpers.js:95:19)
      at Object.<anonymous> (src/tests/unit/components/MobileNavigation.test.tsx:307:30)

  ● MobileNavigation Component › Accessibility › should work with screen readers

    expect(received).toBeGreaterThan(expected)

    Expected: > 1
    Received:   1

      374 |       // Check that menu items have proper roles and labels
      375 |       const menuItems = screen.getAllByRole('button');
    > 376 |       expect(menuItems.length).toBeGreaterThan(1);
          |                                ^
      377 |       
      378 |       menuItems.forEach(item => {
      379 |         expect(item).toBeVisible();

      at Object.<anonymous> (src/tests/unit/components/MobileNavigation.test.tsx:376:32)

  ● MobileNavigation Component › Error Handling › should handle responsive hook errors

    expect(received).not.toThrow()

    Error name:    "TypeError"
    Error message: "Cannot destructure property 'isMobile' of '(0 , _useResponsive.useResponsive)(...)' as it is null."

          48 |   items
          49 | }) => {
        > 50 |   const { isMobile } = useResponsive();
             |           ^
          51 |   const [isOpen, setIsOpen] = useState(false);
          52 |   const menuRef = useRef<HTMLDivElement>(null);
          53 |   const toggleRef = useRef<HTMLButtonElement>(null);

      at MobileNavigation (src/components/MobileNavigation.tsx:50:11)
      at Object.react-stack-bottom-frame (node_modules/react-dom/cjs/react-dom-client.development.js:23863:20)
      at renderWithHooks (node_modules/react-dom/cjs/react-dom-client.development.js:5529:22)
      at updateFunctionComponent (node_modules/react-dom/cjs/react-dom-client.development.js:8897:19)
      at beginWork (node_modules/react-dom/cjs/react-dom-client.development.js:10522:18)
      at runWithFiberInDEV (node_modules/react-dom/cjs/react-dom-client.development.js:1522:13)
      at performUnitOfWork (node_modules/react-dom/cjs/react-dom-client.development.js:15140:22)
      at workLoopSync (node_modules/react-dom/cjs/react-dom-client.development.js:14956:41)
      at renderRootSync (node_modules/react-dom/cjs/react-dom-client.development.js:14936:11)
      at performWorkOnRoot (node_modules/react-dom/cjs/react-dom-client.development.js:14462:44)
      at performWorkOnRootViaSchedulerTask (node_modules/react-dom/cjs/react-dom-client.development.js:16216:7)
      at flushActQueue (node_modules/react/cjs/react.development.js:566:34)
      at Object.<anonymous>.process.env.NODE_ENV.exports.act (node_modules/react/cjs/react.development.js:859:10)
      at node_modules/@testing-library/react/dist/act-compat.js:47:25
      at renderRoot (node_modules/@testing-library/react/dist/pure.js:190:26)
      at render (node_modules/@testing-library/react/dist/pure.js:292:10)
      at customRender (src/tests/utils/test-utils.tsx:35:16)
      at src/tests/unit/components/MobileNavigation.test.tsx:456:15
      at Object.<anonymous> (node_modules/expect/build/toThrowMatchers.js:83:11)
      at Object.toThrow (node_modules/expect/build/index.js:382:21)
      at Object.<anonymous> (src/tests/unit/components/MobileNavigation.test.tsx:457:14)
      at Object.<anonymous> (src/tests/unit/components/MobileNavigation.test.tsx:457:14)

FAIL src/tests/unit/components/loading/LoadingOverlay.test.tsx
  ● Console

    console.error
      An update to LanguageProvider inside a test was not wrapped in act(...).
      
      When testing, code that causes React state updates should be wrapped into act(...):
      
      act(() => {
        /* fire events that update state */
      });
      /* assert on the output */
      
      This ensures that you're testing the behavior the user would see in the browser. Learn more at https://react.dev/link/wrap-tests-with-act

      189 |       
      190 |       // Load Tengwar font asynchronously
    > 191 |       setIsFontLoading(true);
          |       ^
      192 |       const fontLoaded = await TengwarFontManager.loadTengwarFont();
      193 |       setTengwarFontLoaded(fontLoaded);
      194 |       setIsFontLoading(false);

      at node_modules/react-dom/cjs/react-dom-client.development.js:16023:19
      at runWithFiberInDEV (node_modules/react-dom/cjs/react-dom-client.development.js:1522:13)
      at warnIfUpdatesNotWrappedWithActDEV (node_modules/react-dom/cjs/react-dom-client.development.js:16022:9)
      at scheduleUpdateOnFiber (node_modules/react-dom/cjs/react-dom-client.development.js:14396:11)
      at dispatchSetStateInternal (node_modules/react-dom/cjs/react-dom-client.development.js:6969:13)
      at setIsFontLoading (node_modules/react-dom/cjs/react-dom-client.development.js:6927:7)
      at initializeLanguageSettings (src/contexts/LanguageContext.tsx:191:7)

    console.error
      An update to LanguageProvider inside a test was not wrapped in act(...).
      
      When testing, code that causes React state updates should be wrapped into act(...):
      
      act(() => {
        /* fire events that update state */
      });
      /* assert on the output */
      
      This ensures that you're testing the behavior the user would see in the browser. Learn more at https://react.dev/link/wrap-tests-with-act

      189 |       
      190 |       // Load Tengwar font asynchronously
    > 191 |       setIsFontLoading(true);
          |       ^
      192 |       const fontLoaded = await TengwarFontManager.loadTengwarFont();
      193 |       setTengwarFontLoaded(fontLoaded);
      194 |       setIsFontLoading(false);

      at node_modules/react-dom/cjs/react-dom-client.development.js:16023:19
      at runWithFiberInDEV (node_modules/react-dom/cjs/react-dom-client.development.js:1522:13)
      at warnIfUpdatesNotWrappedWithActDEV (node_modules/react-dom/cjs/react-dom-client.development.js:16022:9)
      at scheduleUpdateOnFiber (node_modules/react-dom/cjs/react-dom-client.development.js:14396:11)
      at dispatchSetStateInternal (node_modules/react-dom/cjs/react-dom-client.development.js:6969:13)
      at setIsFontLoading (node_modules/react-dom/cjs/react-dom-client.development.js:6927:7)
      at initializeLanguageSettings (src/contexts/LanguageContext.tsx:191:7)

  ● LoadingOverlay › shows overlay when loading

    TypeError: Cannot read properties of undefined (reading 'matches')

      19 |   useEffect(() => {
      20 |     const media = window.matchMedia('(prefers-reduced-motion: reduce)');
    > 21 |     setPrefersReducedMotion(media.matches);
         |                                   ^
      22 |     
      23 |     const handleChange = () => setPrefersReducedMotion(media.matches);
      24 |     media.addEventListener('change', handleChange);

      at src/components/loading/Spinner.tsx:21:35
      at Object.react-stack-bottom-frame (node_modules/react-dom/cjs/react-dom-client.development.js:23949:20)
      at runWithFiberInDEV (node_modules/react-dom/cjs/react-dom-client.development.js:1522:13)
      at commitHookEffectListMount (node_modules/react-dom/cjs/react-dom-client.development.js:11905:29)
      at commitHookPassiveMountEffects (node_modules/react-dom/cjs/react-dom-client.development.js:12028:11)
      at commitPassiveMountOnFiber (node_modules/react-dom/cjs/react-dom-client.development.js:13841:13)
      at recursivelyTraversePassiveMountEffects (node_modules/react-dom/cjs/react-dom-client.development.js:13815:11)
      at commitPassiveMountOnFiber (node_modules/react-dom/cjs/react-dom-client.development.js:13957:11)
      at recursivelyTraversePassiveMountEffects (node_modules/react-dom/cjs/react-dom-client.development.js:13815:11)
      at commitPassiveMountOnFiber (node_modules/react-dom/cjs/react-dom-client.development.js:13957:11)
      at recursivelyTraversePassiveMountEffects (node_modules/react-dom/cjs/react-dom-client.development.js:13815:11)
      at commitPassiveMountOnFiber (node_modules/react-dom/cjs/react-dom-client.development.js:13957:11)
      at recursivelyTraversePassiveMountEffects (node_modules/react-dom/cjs/react-dom-client.development.js:13815:11)
      at commitPassiveMountOnFiber (node_modules/react-dom/cjs/react-dom-client.development.js:13834:11)
      at recursivelyTraversePassiveMountEffects (node_modules/react-dom/cjs/react-dom-client.development.js:13815:11)
      at commitPassiveMountOnFiber (node_modules/react-dom/cjs/react-dom-client.development.js:13834:11)
      at recursivelyTraversePassiveMountEffects (node_modules/react-dom/cjs/react-dom-client.development.js:13815:11)
      at commitPassiveMountOnFiber (node_modules/react-dom/cjs/react-dom-client.development.js:13957:11)
      at recursivelyTraversePassiveMountEffects (node_modules/react-dom/cjs/react-dom-client.development.js:13815:11)
      at commitPassiveMountOnFiber (node_modules/react-dom/cjs/react-dom-client.development.js:13834:11)
      at recursivelyTraversePassiveMountEffects (node_modules/react-dom/cjs/react-dom-client.development.js:13815:11)
      at commitPassiveMountOnFiber (node_modules/react-dom/cjs/react-dom-client.development.js:13834:11)
      at recursivelyTraversePassiveMountEffects (node_modules/react-dom/cjs/react-dom-client.development.js:13815:11)
      at commitPassiveMountOnFiber (node_modules/react-dom/cjs/react-dom-client.development.js:13853:11)
      at flushPassiveEffects (node_modules/react-dom/cjs/react-dom-client.development.js:15737:9)
      at node_modules/react-dom/cjs/react-dom-client.development.js:15379:15
      at flushActQueue (node_modules/react/cjs/react.development.js:566:34)
      at Object.<anonymous>.process.env.NODE_ENV.exports.act (node_modules/react/cjs/react.development.js:859:10)
      at node_modules/@testing-library/react/dist/act-compat.js:47:25
      at renderRoot (node_modules/@testing-library/react/dist/pure.js:190:26)
      at render (node_modules/@testing-library/react/dist/pure.js:292:10)
      at customRender (src/tests/utils/test-utils.tsx:35:16)
      at Object.<anonymous> (src/tests/unit/components/loading/LoadingOverlay.test.tsx:24:11)

  ● LoadingOverlay › displays spinner when no progress provided

    TypeError: Cannot read properties of undefined (reading 'matches')

      19 |   useEffect(() => {
      20 |     const media = window.matchMedia('(prefers-reduced-motion: reduce)');
    > 21 |     setPrefersReducedMotion(media.matches);
         |                                   ^
      22 |     
      23 |     const handleChange = () => setPrefersReducedMotion(media.matches);
      24 |     media.addEventListener('change', handleChange);

      at src/components/loading/Spinner.tsx:21:35
      at Object.react-stack-bottom-frame (node_modules/react-dom/cjs/react-dom-client.development.js:23949:20)
      at runWithFiberInDEV (node_modules/react-dom/cjs/react-dom-client.development.js:1522:13)
      at commitHookEffectListMount (node_modules/react-dom/cjs/react-dom-client.development.js:11905:29)
      at commitHookPassiveMountEffects (node_modules/react-dom/cjs/react-dom-client.development.js:12028:11)
      at commitPassiveMountOnFiber (node_modules/react-dom/cjs/react-dom-client.development.js:13841:13)
      at recursivelyTraversePassiveMountEffects (node_modules/react-dom/cjs/react-dom-client.development.js:13815:11)
      at commitPassiveMountOnFiber (node_modules/react-dom/cjs/react-dom-client.development.js:13957:11)
      at recursivelyTraversePassiveMountEffects (node_modules/react-dom/cjs/react-dom-client.development.js:13815:11)
      at commitPassiveMountOnFiber (node_modules/react-dom/cjs/react-dom-client.development.js:13957:11)
      at recursivelyTraversePassiveMountEffects (node_modules/react-dom/cjs/react-dom-client.development.js:13815:11)
      at commitPassiveMountOnFiber (node_modules/react-dom/cjs/react-dom-client.development.js:13957:11)
      at recursivelyTraversePassiveMountEffects (node_modules/react-dom/cjs/react-dom-client.development.js:13815:11)
      at commitPassiveMountOnFiber (node_modules/react-dom/cjs/react-dom-client.development.js:13834:11)
      at recursivelyTraversePassiveMountEffects (node_modules/react-dom/cjs/react-dom-client.development.js:13815:11)
      at commitPassiveMountOnFiber (node_modules/react-dom/cjs/react-dom-client.development.js:13834:11)
      at recursivelyTraversePassiveMountEffects (node_modules/react-dom/cjs/react-dom-client.development.js:13815:11)
      at commitPassiveMountOnFiber (node_modules/react-dom/cjs/react-dom-client.development.js:13957:11)
      at recursivelyTraversePassiveMountEffects (node_modules/react-dom/cjs/react-dom-client.development.js:13815:11)
      at commitPassiveMountOnFiber (node_modules/react-dom/cjs/react-dom-client.development.js:13834:11)
      at recursivelyTraversePassiveMountEffects (node_modules/react-dom/cjs/react-dom-client.development.js:13815:11)
      at commitPassiveMountOnFiber (node_modules/react-dom/cjs/react-dom-client.development.js:13834:11)
      at recursivelyTraversePassiveMountEffects (node_modules/react-dom/cjs/react-dom-client.development.js:13815:11)
      at commitPassiveMountOnFiber (node_modules/react-dom/cjs/react-dom-client.development.js:13853:11)
      at flushPassiveEffects (node_modules/react-dom/cjs/react-dom-client.development.js:15737:9)
      at node_modules/react-dom/cjs/react-dom-client.development.js:15379:15
      at flushActQueue (node_modules/react/cjs/react.development.js:566:34)
      at Object.<anonymous>.process.env.NODE_ENV.exports.act (node_modules/react/cjs/react.development.js:859:10)
      at node_modules/@testing-library/react/dist/act-compat.js:47:25
      at renderRoot (node_modules/@testing-library/react/dist/pure.js:190:26)
      at render (node_modules/@testing-library/react/dist/pure.js:292:10)
      at customRender (src/tests/utils/test-utils.tsx:35:16)
      at Object.<anonymous> (src/tests/unit/components/loading/LoadingOverlay.test.tsx:54:11)

  ● LoadingOverlay › shows cancel button when cancellable

    TypeError: Cannot read properties of undefined (reading 'matches')

      19 |   useEffect(() => {
      20 |     const media = window.matchMedia('(prefers-reduced-motion: reduce)');
    > 21 |     setPrefersReducedMotion(media.matches);
         |                                   ^
      22 |     
      23 |     const handleChange = () => setPrefersReducedMotion(media.matches);
      24 |     media.addEventListener('change', handleChange);

      at src/components/loading/Spinner.tsx:21:35
      at Object.react-stack-bottom-frame (node_modules/react-dom/cjs/react-dom-client.development.js:23949:20)
      at runWithFiberInDEV (node_modules/react-dom/cjs/react-dom-client.development.js:1522:13)
      at commitHookEffectListMount (node_modules/react-dom/cjs/react-dom-client.development.js:11905:29)
      at commitHookPassiveMountEffects (node_modules/react-dom/cjs/react-dom-client.development.js:12028:11)
      at commitPassiveMountOnFiber (node_modules/react-dom/cjs/react-dom-client.development.js:13841:13)
      at recursivelyTraversePassiveMountEffects (node_modules/react-dom/cjs/react-dom-client.development.js:13815:11)
      at commitPassiveMountOnFiber (node_modules/react-dom/cjs/react-dom-client.development.js:13957:11)
      at recursivelyTraversePassiveMountEffects (node_modules/react-dom/cjs/react-dom-client.development.js:13815:11)
      at commitPassiveMountOnFiber (node_modules/react-dom/cjs/react-dom-client.development.js:13957:11)
      at recursivelyTraversePassiveMountEffects (node_modules/react-dom/cjs/react-dom-client.development.js:13815:11)
      at commitPassiveMountOnFiber (node_modules/react-dom/cjs/react-dom-client.development.js:13957:11)
      at recursivelyTraversePassiveMountEffects (node_modules/react-dom/cjs/react-dom-client.development.js:13815:11)
      at commitPassiveMountOnFiber (node_modules/react-dom/cjs/react-dom-client.development.js:13834:11)
      at recursivelyTraversePassiveMountEffects (node_modules/react-dom/cjs/react-dom-client.development.js:13815:11)
      at commitPassiveMountOnFiber (node_modules/react-dom/cjs/react-dom-client.development.js:13834:11)
      at recursivelyTraversePassiveMountEffects (node_modules/react-dom/cjs/react-dom-client.development.js:13815:11)
      at commitPassiveMountOnFiber (node_modules/react-dom/cjs/react-dom-client.development.js:13957:11)
      at recursivelyTraversePassiveMountEffects (node_modules/react-dom/cjs/react-dom-client.development.js:13815:11)
      at commitPassiveMountOnFiber (node_modules/react-dom/cjs/react-dom-client.development.js:13834:11)
      at recursivelyTraversePassiveMountEffects (node_modules/react-dom/cjs/react-dom-client.development.js:13815:11)
      at commitPassiveMountOnFiber (node_modules/react-dom/cjs/react-dom-client.development.js:13834:11)
      at recursivelyTraversePassiveMountEffects (node_modules/react-dom/cjs/react-dom-client.development.js:13815:11)
      at commitPassiveMountOnFiber (node_modules/react-dom/cjs/react-dom-client.development.js:13853:11)
      at flushPassiveEffects (node_modules/react-dom/cjs/react-dom-client.development.js:15737:9)
      at node_modules/react-dom/cjs/react-dom-client.development.js:15379:15
      at flushActQueue (node_modules/react/cjs/react.development.js:566:34)
      at Object.<anonymous>.process.env.NODE_ENV.exports.act (node_modules/react/cjs/react.development.js:859:10)
      at node_modules/@testing-library/react/dist/act-compat.js:47:25
      at renderRoot (node_modules/@testing-library/react/dist/pure.js:190:26)
      at render (node_modules/@testing-library/react/dist/pure.js:292:10)
      at customRender (src/tests/utils/test-utils.tsx:35:16)
      at Object.<anonymous> (src/tests/unit/components/loading/LoadingOverlay.test.tsx:68:11)

  ● LoadingOverlay › hides cancel button when not cancellable

    TypeError: Cannot read properties of undefined (reading 'matches')

      19 |   useEffect(() => {
      20 |     const media = window.matchMedia('(prefers-reduced-motion: reduce)');
    > 21 |     setPrefersReducedMotion(media.matches);
         |                                   ^
      22 |     
      23 |     const handleChange = () => setPrefersReducedMotion(media.matches);
      24 |     media.addEventListener('change', handleChange);

      at src/components/loading/Spinner.tsx:21:35
      at Object.react-stack-bottom-frame (node_modules/react-dom/cjs/react-dom-client.development.js:23949:20)
      at runWithFiberInDEV (node_modules/react-dom/cjs/react-dom-client.development.js:1522:13)
      at commitHookEffectListMount (node_modules/react-dom/cjs/react-dom-client.development.js:11905:29)
      at commitHookPassiveMountEffects (node_modules/react-dom/cjs/react-dom-client.development.js:12028:11)
      at commitPassiveMountOnFiber (node_modules/react-dom/cjs/react-dom-client.development.js:13841:13)
      at recursivelyTraversePassiveMountEffects (node_modules/react-dom/cjs/react-dom-client.development.js:13815:11)
      at commitPassiveMountOnFiber (node_modules/react-dom/cjs/react-dom-client.development.js:13957:11)
      at recursivelyTraversePassiveMountEffects (node_modules/react-dom/cjs/react-dom-client.development.js:13815:11)
      at commitPassiveMountOnFiber (node_modules/react-dom/cjs/react-dom-client.development.js:13957:11)
      at recursivelyTraversePassiveMountEffects (node_modules/react-dom/cjs/react-dom-client.development.js:13815:11)
      at commitPassiveMountOnFiber (node_modules/react-dom/cjs/react-dom-client.development.js:13957:11)
      at recursivelyTraversePassiveMountEffects (node_modules/react-dom/cjs/react-dom-client.development.js:13815:11)
      at commitPassiveMountOnFiber (node_modules/react-dom/cjs/react-dom-client.development.js:13834:11)
      at recursivelyTraversePassiveMountEffects (node_modules/react-dom/cjs/react-dom-client.development.js:13815:11)
      at commitPassiveMountOnFiber (node_modules/react-dom/cjs/react-dom-client.development.js:13834:11)
      at recursivelyTraversePassiveMountEffects (node_modules/react-dom/cjs/react-dom-client.development.js:13815:11)
      at commitPassiveMountOnFiber (node_modules/react-dom/cjs/react-dom-client.development.js:13957:11)
      at recursivelyTraversePassiveMountEffects (node_modules/react-dom/cjs/react-dom-client.development.js:13815:11)
      at commitPassiveMountOnFiber (node_modules/react-dom/cjs/react-dom-client.development.js:13834:11)
      at recursivelyTraversePassiveMountEffects (node_modules/react-dom/cjs/react-dom-client.development.js:13815:11)
      at commitPassiveMountOnFiber (node_modules/react-dom/cjs/react-dom-client.development.js:13834:11)
      at recursivelyTraversePassiveMountEffects (node_modules/react-dom/cjs/react-dom-client.development.js:13815:11)
      at commitPassiveMountOnFiber (node_modules/react-dom/cjs/react-dom-client.development.js:13853:11)
      at flushPassiveEffects (node_modules/react-dom/cjs/react-dom-client.development.js:15737:9)
      at node_modules/react-dom/cjs/react-dom-client.development.js:15379:15
      at flushActQueue (node_modules/react/cjs/react.development.js:566:34)
      at Object.<anonymous>.process.env.NODE_ENV.exports.act (node_modules/react/cjs/react.development.js:859:10)
      at node_modules/@testing-library/react/dist/act-compat.js:47:25
      at renderRoot (node_modules/@testing-library/react/dist/pure.js:190:26)
      at render (node_modules/@testing-library/react/dist/pure.js:292:10)
      at customRender (src/tests/utils/test-utils.tsx:35:16)
      at Object.<anonymous> (src/tests/unit/components/loading/LoadingOverlay.test.tsx:87:11)

  ● LoadingOverlay › blocks interaction with underlying content when loading

    TypeError: Cannot read properties of undefined (reading 'matches')

      19 |   useEffect(() => {
      20 |     const media = window.matchMedia('(prefers-reduced-motion: reduce)');
    > 21 |     setPrefersReducedMotion(media.matches);
         |                                   ^
      22 |     
      23 |     const handleChange = () => setPrefersReducedMotion(media.matches);
      24 |     media.addEventListener('change', handleChange);

      at src/components/loading/Spinner.tsx:21:35
      at Object.react-stack-bottom-frame (node_modules/react-dom/cjs/react-dom-client.development.js:23949:20)
      at runWithFiberInDEV (node_modules/react-dom/cjs/react-dom-client.development.js:1522:13)
      at commitHookEffectListMount (node_modules/react-dom/cjs/react-dom-client.development.js:11905:29)
      at commitHookPassiveMountEffects (node_modules/react-dom/cjs/react-dom-client.development.js:12028:11)
      at commitPassiveMountOnFiber (node_modules/react-dom/cjs/react-dom-client.development.js:13841:13)
      at recursivelyTraversePassiveMountEffects (node_modules/react-dom/cjs/react-dom-client.development.js:13815:11)
      at commitPassiveMountOnFiber (node_modules/react-dom/cjs/react-dom-client.development.js:13957:11)
      at recursivelyTraversePassiveMountEffects (node_modules/react-dom/cjs/react-dom-client.development.js:13815:11)
      at commitPassiveMountOnFiber (node_modules/react-dom/cjs/react-dom-client.development.js:13957:11)
      at recursivelyTraversePassiveMountEffects (node_modules/react-dom/cjs/react-dom-client.development.js:13815:11)
      at commitPassiveMountOnFiber (node_modules/react-dom/cjs/react-dom-client.development.js:13957:11)
      at recursivelyTraversePassiveMountEffects (node_modules/react-dom/cjs/react-dom-client.development.js:13815:11)
      at commitPassiveMountOnFiber (node_modules/react-dom/cjs/react-dom-client.development.js:13834:11)
      at recursivelyTraversePassiveMountEffects (node_modules/react-dom/cjs/react-dom-client.development.js:13815:11)
      at commitPassiveMountOnFiber (node_modules/react-dom/cjs/react-dom-client.development.js:13834:11)
      at recursivelyTraversePassiveMountEffects (node_modules/react-dom/cjs/react-dom-client.development.js:13815:11)
      at commitPassiveMountOnFiber (node_modules/react-dom/cjs/react-dom-client.development.js:13957:11)
      at recursivelyTraversePassiveMountEffects (node_modules/react-dom/cjs/react-dom-client.development.js:13815:11)
      at commitPassiveMountOnFiber (node_modules/react-dom/cjs/react-dom-client.development.js:13834:11)
      at recursivelyTraversePassiveMountEffects (node_modules/react-dom/cjs/react-dom-client.development.js:13815:11)
      at commitPassiveMountOnFiber (node_modules/react-dom/cjs/react-dom-client.development.js:13834:11)
      at recursivelyTraversePassiveMountEffects (node_modules/react-dom/cjs/react-dom-client.development.js:13815:11)
      at commitPassiveMountOnFiber (node_modules/react-dom/cjs/react-dom-client.development.js:13853:11)
      at flushPassiveEffects (node_modules/react-dom/cjs/react-dom-client.development.js:15737:9)
      at node_modules/react-dom/cjs/react-dom-client.development.js:15379:15
      at flushActQueue (node_modules/react/cjs/react.development.js:566:34)
      at Object.<anonymous>.process.env.NODE_ENV.exports.act (node_modules/react/cjs/react.development.js:859:10)
      at node_modules/@testing-library/react/dist/act-compat.js:47:25
      at renderRoot (node_modules/@testing-library/react/dist/pure.js:190:26)
      at render (node_modules/@testing-library/react/dist/pure.js:292:10)
      at customRender (src/tests/utils/test-utils.tsx:35:16)
      at Object.<anonymous> (src/tests/unit/components/loading/LoadingOverlay.test.tsx:97:11)

  ● LoadingOverlay › applies custom className

    TypeError: Cannot read properties of undefined (reading 'matches')

      19 |   useEffect(() => {
      20 |     const media = window.matchMedia('(prefers-reduced-motion: reduce)');
    > 21 |     setPrefersReducedMotion(media.matches);
         |                                   ^
      22 |     
      23 |     const handleChange = () => setPrefersReducedMotion(media.matches);
      24 |     media.addEventListener('change', handleChange);

      at src/components/loading/Spinner.tsx:21:35
      at Object.react-stack-bottom-frame (node_modules/react-dom/cjs/react-dom-client.development.js:23949:20)
      at runWithFiberInDEV (node_modules/react-dom/cjs/react-dom-client.development.js:1522:13)
      at commitHookEffectListMount (node_modules/react-dom/cjs/react-dom-client.development.js:11905:29)
      at commitHookPassiveMountEffects (node_modules/react-dom/cjs/react-dom-client.development.js:12028:11)
      at commitPassiveMountOnFiber (node_modules/react-dom/cjs/react-dom-client.development.js:13841:13)
      at recursivelyTraversePassiveMountEffects (node_modules/react-dom/cjs/react-dom-client.development.js:13815:11)
      at commitPassiveMountOnFiber (node_modules/react-dom/cjs/react-dom-client.development.js:13957:11)
      at recursivelyTraversePassiveMountEffects (node_modules/react-dom/cjs/react-dom-client.development.js:13815:11)
      at commitPassiveMountOnFiber (node_modules/react-dom/cjs/react-dom-client.development.js:13957:11)
      at recursivelyTraversePassiveMountEffects (node_modules/react-dom/cjs/react-dom-client.development.js:13815:11)
      at commitPassiveMountOnFiber (node_modules/react-dom/cjs/react-dom-client.development.js:13957:11)
      at recursivelyTraversePassiveMountEffects (node_modules/react-dom/cjs/react-dom-client.development.js:13815:11)
      at commitPassiveMountOnFiber (node_modules/react-dom/cjs/react-dom-client.development.js:13834:11)
      at recursivelyTraversePassiveMountEffects (node_modules/react-dom/cjs/react-dom-client.development.js:13815:11)
      at commitPassiveMountOnFiber (node_modules/react-dom/cjs/react-dom-client.development.js:13834:11)
      at recursivelyTraversePassiveMountEffects (node_modules/react-dom/cjs/react-dom-client.development.js:13815:11)
      at commitPassiveMountOnFiber (node_modules/react-dom/cjs/react-dom-client.development.js:13957:11)
      at recursivelyTraversePassiveMountEffects (node_modules/react-dom/cjs/react-dom-client.development.js:13815:11)
      at commitPassiveMountOnFiber (node_modules/react-dom/cjs/react-dom-client.development.js:13834:11)
      at recursivelyTraversePassiveMountEffects (node_modules/react-dom/cjs/react-dom-client.development.js:13815:11)
      at commitPassiveMountOnFiber (node_modules/react-dom/cjs/react-dom-client.development.js:13834:11)
      at recursivelyTraversePassiveMountEffects (node_modules/react-dom/cjs/react-dom-client.development.js:13815:11)
      at commitPassiveMountOnFiber (node_modules/react-dom/cjs/react-dom-client.development.js:13853:11)
      at flushPassiveEffects (node_modules/react-dom/cjs/react-dom-client.development.js:15737:9)
      at node_modules/react-dom/cjs/react-dom-client.development.js:15379:15
      at flushActQueue (node_modules/react/cjs/react.development.js:566:34)
      at Object.<anonymous>.process.env.NODE_ENV.exports.act (node_modules/react/cjs/react.development.js:859:10)
      at node_modules/@testing-library/react/dist/act-compat.js:47:25
      at renderRoot (node_modules/@testing-library/react/dist/pure.js:190:26)
      at render (node_modules/@testing-library/react/dist/pure.js:292:10)
      at customRender (src/tests/utils/test-utils.tsx:35:16)
      at Object.<anonymous> (src/tests/unit/components/loading/LoadingOverlay.test.tsx:133:11)

  ● LoadingOverlay › handles overlay variants

    TypeError: Cannot read properties of undefined (reading 'matches')

      19 |   useEffect(() => {
      20 |     const media = window.matchMedia('(prefers-reduced-motion: reduce)');
    > 21 |     setPrefersReducedMotion(media.matches);
         |                                   ^
      22 |     
      23 |     const handleChange = () => setPrefersReducedMotion(media.matches);
      24 |     media.addEventListener('change', handleChange);

      at src/components/loading/Spinner.tsx:21:35
      at Object.react-stack-bottom-frame (node_modules/react-dom/cjs/react-dom-client.development.js:23949:20)
      at runWithFiberInDEV (node_modules/react-dom/cjs/react-dom-client.development.js:1522:13)
      at commitHookEffectListMount (node_modules/react-dom/cjs/react-dom-client.development.js:11905:29)
      at commitHookPassiveMountEffects (node_modules/react-dom/cjs/react-dom-client.development.js:12028:11)
      at commitPassiveMountOnFiber (node_modules/react-dom/cjs/react-dom-client.development.js:13841:13)
      at recursivelyTraversePassiveMountEffects (node_modules/react-dom/cjs/react-dom-client.development.js:13815:11)
      at commitPassiveMountOnFiber (node_modules/react-dom/cjs/react-dom-client.development.js:13957:11)
      at recursivelyTraversePassiveMountEffects (node_modules/react-dom/cjs/react-dom-client.development.js:13815:11)
      at commitPassiveMountOnFiber (node_modules/react-dom/cjs/react-dom-client.development.js:13957:11)
      at recursivelyTraversePassiveMountEffects (node_modules/react-dom/cjs/react-dom-client.development.js:13815:11)
      at commitPassiveMountOnFiber (node_modules/react-dom/cjs/react-dom-client.development.js:13957:11)
      at recursivelyTraversePassiveMountEffects (node_modules/react-dom/cjs/react-dom-client.development.js:13815:11)
      at commitPassiveMountOnFiber (node_modules/react-dom/cjs/react-dom-client.development.js:13834:11)
      at recursivelyTraversePassiveMountEffects (node_modules/react-dom/cjs/react-dom-client.development.js:13815:11)
      at commitPassiveMountOnFiber (node_modules/react-dom/cjs/react-dom-client.development.js:13834:11)
      at recursivelyTraversePassiveMountEffects (node_modules/react-dom/cjs/react-dom-client.development.js:13815:11)
      at commitPassiveMountOnFiber (node_modules/react-dom/cjs/react-dom-client.development.js:13957:11)
      at recursivelyTraversePassiveMountEffects (node_modules/react-dom/cjs/react-dom-client.development.js:13815:11)
      at commitPassiveMountOnFiber (node_modules/react-dom/cjs/react-dom-client.development.js:13834:11)
      at recursivelyTraversePassiveMountEffects (node_modules/react-dom/cjs/react-dom-client.development.js:13815:11)
      at commitPassiveMountOnFiber (node_modules/react-dom/cjs/react-dom-client.development.js:13834:11)
      at recursivelyTraversePassiveMountEffects (node_modules/react-dom/cjs/react-dom-client.development.js:13815:11)
      at commitPassiveMountOnFiber (node_modules/react-dom/cjs/react-dom-client.development.js:13853:11)
      at flushPassiveEffects (node_modules/react-dom/cjs/react-dom-client.development.js:15737:9)
      at node_modules/react-dom/cjs/react-dom-client.development.js:15379:15
      at flushActQueue (node_modules/react/cjs/react.development.js:566:34)
      at Object.<anonymous>.process.env.NODE_ENV.exports.act (node_modules/react/cjs/react.development.js:859:10)
      at node_modules/@testing-library/react/dist/act-compat.js:47:25
      at renderRoot (node_modules/@testing-library/react/dist/pure.js:190:26)
      at render (node_modules/@testing-library/react/dist/pure.js:292:10)
      at customRender (src/tests/utils/test-utils.tsx:35:16)
      at Object.<anonymous> (src/tests/unit/components/loading/LoadingOverlay.test.tsx:145:32)

  ● LoadingOverlay › maintains accessibility standards

    TypeError: Cannot read properties of undefined (reading 'matches')

      19 |   useEffect(() => {
      20 |     const media = window.matchMedia('(prefers-reduced-motion: reduce)');
    > 21 |     setPrefersReducedMotion(media.matches);
         |                                   ^
      22 |     
      23 |     const handleChange = () => setPrefersReducedMotion(media.matches);
      24 |     media.addEventListener('change', handleChange);

      at src/components/loading/Spinner.tsx:21:35
      at Object.react-stack-bottom-frame (node_modules/react-dom/cjs/react-dom-client.development.js:23949:20)
      at runWithFiberInDEV (node_modules/react-dom/cjs/react-dom-client.development.js:1522:13)
      at commitHookEffectListMount (node_modules/react-dom/cjs/react-dom-client.development.js:11905:29)
      at commitHookPassiveMountEffects (node_modules/react-dom/cjs/react-dom-client.development.js:12028:11)
      at commitPassiveMountOnFiber (node_modules/react-dom/cjs/react-dom-client.development.js:13841:13)
      at recursivelyTraversePassiveMountEffects (node_modules/react-dom/cjs/react-dom-client.development.js:13815:11)
      at commitPassiveMountOnFiber (node_modules/react-dom/cjs/react-dom-client.development.js:13957:11)
      at recursivelyTraversePassiveMountEffects (node_modules/react-dom/cjs/react-dom-client.development.js:13815:11)
      at commitPassiveMountOnFiber (node_modules/react-dom/cjs/react-dom-client.development.js:13957:11)
      at recursivelyTraversePassiveMountEffects (node_modules/react-dom/cjs/react-dom-client.development.js:13815:11)
      at commitPassiveMountOnFiber (node_modules/react-dom/cjs/react-dom-client.development.js:13957:11)
      at recursivelyTraversePassiveMountEffects (node_modules/react-dom/cjs/react-dom-client.development.js:13815:11)
      at commitPassiveMountOnFiber (node_modules/react-dom/cjs/react-dom-client.development.js:13834:11)
      at recursivelyTraversePassiveMountEffects (node_modules/react-dom/cjs/react-dom-client.development.js:13815:11)
      at commitPassiveMountOnFiber (node_modules/react-dom/cjs/react-dom-client.development.js:13834:11)
      at recursivelyTraversePassiveMountEffects (node_modules/react-dom/cjs/react-dom-client.development.js:13815:11)
      at commitPassiveMountOnFiber (node_modules/react-dom/cjs/react-dom-client.development.js:13957:11)
      at recursivelyTraversePassiveMountEffects (node_modules/react-dom/cjs/react-dom-client.development.js:13815:11)
      at commitPassiveMountOnFiber (node_modules/react-dom/cjs/react-dom-client.development.js:13834:11)
      at recursivelyTraversePassiveMountEffects (node_modules/react-dom/cjs/react-dom-client.development.js:13815:11)
      at commitPassiveMountOnFiber (node_modules/react-dom/cjs/react-dom-client.development.js:13834:11)
      at recursivelyTraversePassiveMountEffects (node_modules/react-dom/cjs/react-dom-client.development.js:13815:11)
      at commitPassiveMountOnFiber (node_modules/react-dom/cjs/react-dom-client.development.js:13853:11)
      at flushPassiveEffects (node_modules/react-dom/cjs/react-dom-client.development.js:15737:9)
      at node_modules/react-dom/cjs/react-dom-client.development.js:15379:15
      at flushActQueue (node_modules/react/cjs/react.development.js:566:34)
      at Object.<anonymous>.process.env.NODE_ENV.exports.act (node_modules/react/cjs/react.development.js:859:10)
      at node_modules/@testing-library/react/dist/act-compat.js:47:25
      at renderRoot (node_modules/@testing-library/react/dist/pure.js:190:26)
      at render (node_modules/@testing-library/react/dist/pure.js:292:10)
      at customRender (src/tests/utils/test-utils.tsx:35:16)
      at Object.<anonymous> (src/tests/unit/components/loading/LoadingOverlay.test.tsx:166:11)

  ● LoadingOverlay › updates dynamically when props change

    TypeError: Cannot read properties of undefined (reading 'matches')

      19 |   useEffect(() => {
      20 |     const media = window.matchMedia('(prefers-reduced-motion: reduce)');
    > 21 |     setPrefersReducedMotion(media.matches);
         |                                   ^
      22 |     
      23 |     const handleChange = () => setPrefersReducedMotion(media.matches);
      24 |     media.addEventListener('change', handleChange);

      at src/components/loading/Spinner.tsx:21:35
      at Object.react-stack-bottom-frame (node_modules/react-dom/cjs/react-dom-client.development.js:23949:20)
      at runWithFiberInDEV (node_modules/react-dom/cjs/react-dom-client.development.js:1522:13)
      at commitHookEffectListMount (node_modules/react-dom/cjs/react-dom-client.development.js:11905:29)
      at commitHookPassiveMountEffects (node_modules/react-dom/cjs/react-dom-client.development.js:12028:11)
      at commitPassiveMountOnFiber (node_modules/react-dom/cjs/react-dom-client.development.js:13841:13)
      at recursivelyTraversePassiveMountEffects (node_modules/react-dom/cjs/react-dom-client.development.js:13815:11)
      at commitPassiveMountOnFiber (node_modules/react-dom/cjs/react-dom-client.development.js:13957:11)
      at recursivelyTraversePassiveMountEffects (node_modules/react-dom/cjs/react-dom-client.development.js:13815:11)
      at commitPassiveMountOnFiber (node_modules/react-dom/cjs/react-dom-client.development.js:13957:11)
      at recursivelyTraversePassiveMountEffects (node_modules/react-dom/cjs/react-dom-client.development.js:13815:11)
      at commitPassiveMountOnFiber (node_modules/react-dom/cjs/react-dom-client.development.js:13957:11)
      at recursivelyTraversePassiveMountEffects (node_modules/react-dom/cjs/react-dom-client.development.js:13815:11)
      at commitPassiveMountOnFiber (node_modules/react-dom/cjs/react-dom-client.development.js:13834:11)
      at recursivelyTraversePassiveMountEffects (node_modules/react-dom/cjs/react-dom-client.development.js:13815:11)
      at commitPassiveMountOnFiber (node_modules/react-dom/cjs/react-dom-client.development.js:13834:11)
      at recursivelyTraversePassiveMountEffects (node_modules/react-dom/cjs/react-dom-client.development.js:13815:11)
      at commitPassiveMountOnFiber (node_modules/react-dom/cjs/react-dom-client.development.js:13957:11)
      at recursivelyTraversePassiveMountEffects (node_modules/react-dom/cjs/react-dom-client.development.js:13815:11)
      at commitPassiveMountOnFiber (node_modules/react-dom/cjs/react-dom-client.development.js:13834:11)
      at recursivelyTraversePassiveMountEffects (node_modules/react-dom/cjs/react-dom-client.development.js:13815:11)
      at commitPassiveMountOnFiber (node_modules/react-dom/cjs/react-dom-client.development.js:13834:11)
      at recursivelyTraversePassiveMountEffects (node_modules/react-dom/cjs/react-dom-client.development.js:13815:11)
      at commitPassiveMountOnFiber (node_modules/react-dom/cjs/react-dom-client.development.js:13853:11)
      at flushPassiveEffects (node_modules/react-dom/cjs/react-dom-client.development.js:15737:9)
      at node_modules/react-dom/cjs/react-dom-client.development.js:15379:15
      at flushActQueue (node_modules/react/cjs/react.development.js:566:34)
      at Object.<anonymous>.process.env.NODE_ENV.exports.act (node_modules/react/cjs/react.development.js:859:10)
      at node_modules/@testing-library/react/dist/act-compat.js:47:25
      at renderRoot (node_modules/@testing-library/react/dist/pure.js:190:26)
      at rerender (node_modules/@testing-library/react/dist/pure.js:211:7)
      at Object.<anonymous> (src/tests/unit/components/loading/LoadingOverlay.test.tsx:194:5)

  ● LoadingOverlay › handles backdrop blur effect

    TypeError: Cannot read properties of undefined (reading 'matches')

      19 |   useEffect(() => {
      20 |     const media = window.matchMedia('(prefers-reduced-motion: reduce)');
    > 21 |     setPrefersReducedMotion(media.matches);
         |                                   ^
      22 |     
      23 |     const handleChange = () => setPrefersReducedMotion(media.matches);
      24 |     media.addEventListener('change', handleChange);

      at src/components/loading/Spinner.tsx:21:35
      at Object.react-stack-bottom-frame (node_modules/react-dom/cjs/react-dom-client.development.js:23949:20)
      at runWithFiberInDEV (node_modules/react-dom/cjs/react-dom-client.development.js:1522:13)
      at commitHookEffectListMount (node_modules/react-dom/cjs/react-dom-client.development.js:11905:29)
      at commitHookPassiveMountEffects (node_modules/react-dom/cjs/react-dom-client.development.js:12028:11)
      at commitPassiveMountOnFiber (node_modules/react-dom/cjs/react-dom-client.development.js:13841:13)
      at recursivelyTraversePassiveMountEffects (node_modules/react-dom/cjs/react-dom-client.development.js:13815:11)
      at commitPassiveMountOnFiber (node_modules/react-dom/cjs/react-dom-client.development.js:13957:11)
      at recursivelyTraversePassiveMountEffects (node_modules/react-dom/cjs/react-dom-client.development.js:13815:11)
      at commitPassiveMountOnFiber (node_modules/react-dom/cjs/react-dom-client.development.js:13957:11)
      at recursivelyTraversePassiveMountEffects (node_modules/react-dom/cjs/react-dom-client.development.js:13815:11)
      at commitPassiveMountOnFiber (node_modules/react-dom/cjs/react-dom-client.development.js:13957:11)
      at recursivelyTraversePassiveMountEffects (node_modules/react-dom/cjs/react-dom-client.development.js:13815:11)
      at commitPassiveMountOnFiber (node_modules/react-dom/cjs/react-dom-client.development.js:13834:11)
      at recursivelyTraversePassiveMountEffects (node_modules/react-dom/cjs/react-dom-client.development.js:13815:11)
      at commitPassiveMountOnFiber (node_modules/react-dom/cjs/react-dom-client.development.js:13834:11)
      at recursivelyTraversePassiveMountEffects (node_modules/react-dom/cjs/react-dom-client.development.js:13815:11)
      at commitPassiveMountOnFiber (node_modules/react-dom/cjs/react-dom-client.development.js:13957:11)
      at recursivelyTraversePassiveMountEffects (node_modules/react-dom/cjs/react-dom-client.development.js:13815:11)
      at commitPassiveMountOnFiber (node_modules/react-dom/cjs/react-dom-client.development.js:13834:11)
      at recursivelyTraversePassiveMountEffects (node_modules/react-dom/cjs/react-dom-client.development.js:13815:11)
      at commitPassiveMountOnFiber (node_modules/react-dom/cjs/react-dom-client.development.js:13834:11)
      at recursivelyTraversePassiveMountEffects (node_modules/react-dom/cjs/react-dom-client.development.js:13815:11)
      at commitPassiveMountOnFiber (node_modules/react-dom/cjs/react-dom-client.development.js:13853:11)
      at flushPassiveEffects (node_modules/react-dom/cjs/react-dom-client.development.js:15737:9)
      at node_modules/react-dom/cjs/react-dom-client.development.js:15379:15
      at flushActQueue (node_modules/react/cjs/react.development.js:566:34)
      at Object.<anonymous>.process.env.NODE_ENV.exports.act (node_modules/react/cjs/react.development.js:859:10)
      at node_modules/@testing-library/react/dist/act-compat.js:47:25
      at renderRoot (node_modules/@testing-library/react/dist/pure.js:190:26)
      at render (node_modules/@testing-library/react/dist/pure.js:292:10)
      at customRender (src/tests/utils/test-utils.tsx:35:16)
      at Object.<anonymous> (src/tests/unit/components/loading/LoadingOverlay.test.tsx:216:11)

  ● LoadingOverlay › supports custom z-index

    TypeError: Cannot read properties of undefined (reading 'matches')

      19 |   useEffect(() => {
      20 |     const media = window.matchMedia('(prefers-reduced-motion: reduce)');
    > 21 |     setPrefersReducedMotion(media.matches);
         |                                   ^
      22 |     
      23 |     const handleChange = () => setPrefersReducedMotion(media.matches);
      24 |     media.addEventListener('change', handleChange);

      at src/components/loading/Spinner.tsx:21:35
      at Object.react-stack-bottom-frame (node_modules/react-dom/cjs/react-dom-client.development.js:23949:20)
      at runWithFiberInDEV (node_modules/react-dom/cjs/react-dom-client.development.js:1522:13)
      at commitHookEffectListMount (node_modules/react-dom/cjs/react-dom-client.development.js:11905:29)
      at commitHookPassiveMountEffects (node_modules/react-dom/cjs/react-dom-client.development.js:12028:11)
      at commitPassiveMountOnFiber (node_modules/react-dom/cjs/react-dom-client.development.js:13841:13)
      at recursivelyTraversePassiveMountEffects (node_modules/react-dom/cjs/react-dom-client.development.js:13815:11)
      at commitPassiveMountOnFiber (node_modules/react-dom/cjs/react-dom-client.development.js:13957:11)
      at recursivelyTraversePassiveMountEffects (node_modules/react-dom/cjs/react-dom-client.development.js:13815:11)
      at commitPassiveMountOnFiber (node_modules/react-dom/cjs/react-dom-client.development.js:13957:11)
      at recursivelyTraversePassiveMountEffects (node_modules/react-dom/cjs/react-dom-client.development.js:13815:11)
      at commitPassiveMountOnFiber (node_modules/react-dom/cjs/react-dom-client.development.js:13957:11)
      at recursivelyTraversePassiveMountEffects (node_modules/react-dom/cjs/react-dom-client.development.js:13815:11)
      at commitPassiveMountOnFiber (node_modules/react-dom/cjs/react-dom-client.development.js:13834:11)
      at recursivelyTraversePassiveMountEffects (node_modules/react-dom/cjs/react-dom-client.development.js:13815:11)
      at commitPassiveMountOnFiber (node_modules/react-dom/cjs/react-dom-client.development.js:13834:11)
      at recursivelyTraversePassiveMountEffects (node_modules/react-dom/cjs/react-dom-client.development.js:13815:11)
      at commitPassiveMountOnFiber (node_modules/react-dom/cjs/react-dom-client.development.js:13957:11)
      at recursivelyTraversePassiveMountEffects (node_modules/react-dom/cjs/react-dom-client.development.js:13815:11)
      at commitPassiveMountOnFiber (node_modules/react-dom/cjs/react-dom-client.development.js:13834:11)
      at recursivelyTraversePassiveMountEffects (node_modules/react-dom/cjs/react-dom-client.development.js:13815:11)
      at commitPassiveMountOnFiber (node_modules/react-dom/cjs/react-dom-client.development.js:13834:11)
      at recursivelyTraversePassiveMountEffects (node_modules/react-dom/cjs/react-dom-client.development.js:13815:11)
      at commitPassiveMountOnFiber (node_modules/react-dom/cjs/react-dom-client.development.js:13853:11)
      at flushPassiveEffects (node_modules/react-dom/cjs/react-dom-client.development.js:15737:9)
      at node_modules/react-dom/cjs/react-dom-client.development.js:15379:15
      at flushActQueue (node_modules/react/cjs/react.development.js:566:34)
      at Object.<anonymous>.process.env.NODE_ENV.exports.act (node_modules/react/cjs/react.development.js:859:10)
      at node_modules/@testing-library/react/dist/act-compat.js:47:25
      at renderRoot (node_modules/@testing-library/react/dist/pure.js:190:26)
      at render (node_modules/@testing-library/react/dist/pure.js:292:10)
      at customRender (src/tests/utils/test-utils.tsx:35:16)
      at Object.<anonymous> (src/tests/unit/components/loading/LoadingOverlay.test.tsx:227:11)

  ● LoadingOverlay › handles keyboard escape to cancel

    TypeError: Cannot read properties of undefined (reading 'matches')

      19 |   useEffect(() => {
      20 |     const media = window.matchMedia('(prefers-reduced-motion: reduce)');
    > 21 |     setPrefersReducedMotion(media.matches);
         |                                   ^
      22 |     
      23 |     const handleChange = () => setPrefersReducedMotion(media.matches);
      24 |     media.addEventListener('change', handleChange);

      at src/components/loading/Spinner.tsx:21:35
      at Object.react-stack-bottom-frame (node_modules/react-dom/cjs/react-dom-client.development.js:23949:20)
      at runWithFiberInDEV (node_modules/react-dom/cjs/react-dom-client.development.js:1522:13)
      at commitHookEffectListMount (node_modules/react-dom/cjs/react-dom-client.development.js:11905:29)
      at commitHookPassiveMountEffects (node_modules/react-dom/cjs/react-dom-client.development.js:12028:11)
      at commitPassiveMountOnFiber (node_modules/react-dom/cjs/react-dom-client.development.js:13841:13)
      at recursivelyTraversePassiveMountEffects (node_modules/react-dom/cjs/react-dom-client.development.js:13815:11)
      at commitPassiveMountOnFiber (node_modules/react-dom/cjs/react-dom-client.development.js:13957:11)
      at recursivelyTraversePassiveMountEffects (node_modules/react-dom/cjs/react-dom-client.development.js:13815:11)
      at commitPassiveMountOnFiber (node_modules/react-dom/cjs/react-dom-client.development.js:13957:11)
      at recursivelyTraversePassiveMountEffects (node_modules/react-dom/cjs/react-dom-client.development.js:13815:11)
      at commitPassiveMountOnFiber (node_modules/react-dom/cjs/react-dom-client.development.js:13957:11)
      at recursivelyTraversePassiveMountEffects (node_modules/react-dom/cjs/react-dom-client.development.js:13815:11)
      at commitPassiveMountOnFiber (node_modules/react-dom/cjs/react-dom-client.development.js:13834:11)
      at recursivelyTraversePassiveMountEffects (node_modules/react-dom/cjs/react-dom-client.development.js:13815:11)
      at commitPassiveMountOnFiber (node_modules/react-dom/cjs/react-dom-client.development.js:13834:11)
      at recursivelyTraversePassiveMountEffects (node_modules/react-dom/cjs/react-dom-client.development.js:13815:11)
      at commitPassiveMountOnFiber (node_modules/react-dom/cjs/react-dom-client.development.js:13957:11)
      at recursivelyTraversePassiveMountEffects (node_modules/react-dom/cjs/react-dom-client.development.js:13815:11)
      at commitPassiveMountOnFiber (node_modules/react-dom/cjs/react-dom-client.development.js:13834:11)
      at recursivelyTraversePassiveMountEffects (node_modules/react-dom/cjs/react-dom-client.development.js:13815:11)
      at commitPassiveMountOnFiber (node_modules/react-dom/cjs/react-dom-client.development.js:13834:11)
      at recursivelyTraversePassiveMountEffects (node_modules/react-dom/cjs/react-dom-client.development.js:13815:11)
      at commitPassiveMountOnFiber (node_modules/react-dom/cjs/react-dom-client.development.js:13853:11)
      at flushPassiveEffects (node_modules/react-dom/cjs/react-dom-client.development.js:15737:9)
      at node_modules/react-dom/cjs/react-dom-client.development.js:15379:15
      at flushActQueue (node_modules/react/cjs/react.development.js:566:34)
      at Object.<anonymous>.process.env.NODE_ENV.exports.act (node_modules/react/cjs/react.development.js:859:10)
      at node_modules/@testing-library/react/dist/act-compat.js:47:25
      at renderRoot (node_modules/@testing-library/react/dist/pure.js:190:26)
      at render (node_modules/@testing-library/react/dist/pure.js:292:10)
      at customRender (src/tests/utils/test-utils.tsx:35:16)
      at Object.<anonymous> (src/tests/unit/components/loading/LoadingOverlay.test.tsx:239:11)

  ● LoadingOverlay › prevents escape cancel when not allowed

    TypeError: Cannot read properties of undefined (reading 'matches')

      19 |   useEffect(() => {
      20 |     const media = window.matchMedia('(prefers-reduced-motion: reduce)');
    > 21 |     setPrefersReducedMotion(media.matches);
         |                                   ^
      22 |     
      23 |     const handleChange = () => setPrefersReducedMotion(media.matches);
      24 |     media.addEventListener('change', handleChange);

      at src/components/loading/Spinner.tsx:21:35
      at Object.react-stack-bottom-frame (node_modules/react-dom/cjs/react-dom-client.development.js:23949:20)
      at runWithFiberInDEV (node_modules/react-dom/cjs/react-dom-client.development.js:1522:13)
      at commitHookEffectListMount (node_modules/react-dom/cjs/react-dom-client.development.js:11905:29)
      at commitHookPassiveMountEffects (node_modules/react-dom/cjs/react-dom-client.development.js:12028:11)
      at commitPassiveMountOnFiber (node_modules/react-dom/cjs/react-dom-client.development.js:13841:13)
      at recursivelyTraversePassiveMountEffects (node_modules/react-dom/cjs/react-dom-client.development.js:13815:11)
      at commitPassiveMountOnFiber (node_modules/react-dom/cjs/react-dom-client.development.js:13957:11)
      at recursivelyTraversePassiveMountEffects (node_modules/react-dom/cjs/react-dom-client.development.js:13815:11)
      at commitPassiveMountOnFiber (node_modules/react-dom/cjs/react-dom-client.development.js:13957:11)
      at recursivelyTraversePassiveMountEffects (node_modules/react-dom/cjs/react-dom-client.development.js:13815:11)
      at commitPassiveMountOnFiber (node_modules/react-dom/cjs/react-dom-client.development.js:13957:11)
      at recursivelyTraversePassiveMountEffects (node_modules/react-dom/cjs/react-dom-client.development.js:13815:11)
      at commitPassiveMountOnFiber (node_modules/react-dom/cjs/react-dom-client.development.js:13834:11)
      at recursivelyTraversePassiveMountEffects (node_modules/react-dom/cjs/react-dom-client.development.js:13815:11)
      at commitPassiveMountOnFiber (node_modules/react-dom/cjs/react-dom-client.development.js:13834:11)
      at recursivelyTraversePassiveMountEffects (node_modules/react-dom/cjs/react-dom-client.development.js:13815:11)
      at commitPassiveMountOnFiber (node_modules/react-dom/cjs/react-dom-client.development.js:13957:11)
      at recursivelyTraversePassiveMountEffects (node_modules/react-dom/cjs/react-dom-client.development.js:13815:11)
      at commitPassiveMountOnFiber (node_modules/react-dom/cjs/react-dom-client.development.js:13834:11)
      at recursivelyTraversePassiveMountEffects (node_modules/react-dom/cjs/react-dom-client.development.js:13815:11)
      at commitPassiveMountOnFiber (node_modules/react-dom/cjs/react-dom-client.development.js:13834:11)
      at recursivelyTraversePassiveMountEffects (node_modules/react-dom/cjs/react-dom-client.development.js:13815:11)
      at commitPassiveMountOnFiber (node_modules/react-dom/cjs/react-dom-client.development.js:13853:11)
      at flushPassiveEffects (node_modules/react-dom/cjs/react-dom-client.development.js:15737:9)
      at node_modules/react-dom/cjs/react-dom-client.development.js:15379:15
      at flushActQueue (node_modules/react/cjs/react.development.js:566:34)
      at Object.<anonymous>.process.env.NODE_ENV.exports.act (node_modules/react/cjs/react.development.js:859:10)
      at node_modules/@testing-library/react/dist/act-compat.js:47:25
      at renderRoot (node_modules/@testing-library/react/dist/pure.js:190:26)
      at render (node_modules/@testing-library/react/dist/pure.js:292:10)
      at customRender (src/tests/utils/test-utils.tsx:35:16)
      at Object.<anonymous> (src/tests/unit/components/loading/LoadingOverlay.test.tsx:256:11)

FAIL src/tests/unit/hooks/useResponsive.test.ts
  ● useResponsive Hook › Screen Size Tracking › should update screen size on resize

    expect(received).toBe(expected) // Object.is equality

    Expected: 768
    Received: 375

      150 |       });
      151 |       
    > 152 |       expect(result.current.screenSize.width).toBe(768);
          |                                               ^
      153 |       expect(result.current.breakpoint).toBe('md');
      154 |     });
      155 |   });

      at Object.<anonymous> (src/tests/unit/hooks/useResponsive.test.ts:152:47)

  ● useResponsive Hook › Responsive State Updates › should update breakpoint from mobile to desktop

    expect(received).toBe(expected) // Object.is equality

    Expected: false
    Received: true

      169 |       });
      170 |       
    > 171 |       expect(result.current.isMobile).toBe(false);
          |                                       ^
      172 |       expect(result.current.isDesktop).toBe(true);
      173 |     });
      174 |

      at Object.<anonymous> (src/tests/unit/hooks/useResponsive.test.ts:171:39)

  ● useResponsive Hook › Responsive State Updates › should handle multiple rapid resize events

    expect(received).toBe(expected) // Object.is equality

    Expected: "lg"
    Received: "mobile"

      189 |       });
      190 |       
    > 191 |       expect(result.current.breakpoint).toBe('lg');
          |                                         ^
      192 |     });
      193 |   });
      194 |

      at Object.<anonymous> (src/tests/unit/hooks/useResponsive.test.ts:191:41)

  ● useResponsive Hook › Edge Cases › should handle portrait/landscape orientation changes

    expect(received).toBe(expected) // Object.is equality

    Expected: "sm"
    Received: "mobile"

      277 |       });
      278 |       
    > 279 |       expect(result.current.breakpoint).toBe('sm'); // Now in small tablet range
          |                                         ^
      280 |       expect(result.current.screenSize.width).toBe(667);
      281 |       expect(result.current.screenSize.height).toBe(375);
      282 |     });

      at Object.<anonymous> (src/tests/unit/hooks/useResponsive.test.ts:279:41)

FAIL src/tests/unit/contexts/LoadingStateProvider.test.tsx
  ● LoadingStateProvider › accessibility › provides proper ARIA announcements

    expect(element).toHaveAttribute("aria-busy", "true") // element.getAttribute("aria-busy") === "true"

    Expected the element to have attribute:
      aria-busy="true"
    Received:
      aria-busy="false"

      284 |       });
      285 |       
    > 286 |       expect(statusElement).toHaveAttribute('aria-busy', 'true');
          |                             ^
      287 |     });
      288 |   });
      289 | });

      at Object.<anonymous> (src/tests/unit/contexts/LoadingStateProvider.test.tsx:286:29)

FAIL src/tests/unit/hooks/useApiIntegration.basic.test.ts
  ● API Integration Hooks Basic Tests › useApiError › formats basic error messages correctly

    expect(received).toBe(expected) // Object.is equality

    Expected: "Please check your internet connection and try again."
    Received: "errors:calculation.networkError"

      39 |       const message = result.current.formatErrorMessage(basicError);
      40 |       
    > 41 |       expect(message).toBe('Please check your internet connection and try again.');
         |                       ^
      42 |     });
      43 |
      44 |     test('detects retryable errors correctly', () => {

      at Object.<anonymous> (src/tests/unit/hooks/useApiIntegration.basic.test.ts:41:23)

FAIL src/tests/unit/utils/ValidationEngine.test.ts
  ● ValidationEngine › validateForm › should validate all fields successfully

    expect(received).toHaveLength(expected)

    Expected length: 0
    Received length: 3
    Received array:  ["name", "email", "age"]

      205 |       const result = ValidationEngine.validateForm(formData, formValidation);
      206 |       expect(result.isValid).toBe(true);
    > 207 |       expect(Object.keys(result.fieldErrors)).toHaveLength(0);
          |                                               ^
      208 |     });
      209 |
      210 |     it('should collect field-specific errors', () => {

      at Object.<anonymous> (src/tests/unit/utils/ValidationEngine.test.ts:207:47)

  ● ValidationEngine › validateForm › should validate only provided fields when partial validation

    expect(received).toBe(expected) // Object.is equality

    Expected: false
    Received: true

      238 |
      239 |       const result = ValidationEngine.validateForm(formData, { name: formValidation.name });
    > 240 |       expect(result.isValid).toBe(false);
          |                              ^
      241 |       expect(result.fieldErrors.name).toContain('Name must be at least 2 characters');
      242 |     });
      243 |   });

      at Object.<anonymous> (src/tests/unit/utils/ValidationEngine.test.ts:240:30)

  ● ValidationEngine › sanitizeInput › should remove HTML tags

    expect(received).toBe(expected) // Object.is equality

    Expected: "Hello World"
    Received: "alert(&quot;xss&quot;)Hello World"

      247 |       const input = '<script>alert("xss")</script>Hello World';
      248 |       const result = ValidationEngine.sanitizeInput(input);
    > 249 |       expect(result).toBe('Hello World');
          |                      ^
      250 |     });
      251 |
      252 |     it('should encode HTML entities', () => {

      at Object.<anonymous> (src/tests/unit/utils/ValidationEngine.test.ts:249:22)

PASS src/components/ResultsDisplayComponent.test.tsx
  ● Console

    console.error
      An update to LanguageProvider inside a test was not wrapped in act(...).
      
      When testing, code that causes React state updates should be wrapped into act(...):
      
      act(() => {
        /* fire events that update state */
      });
      /* assert on the output */
      
      This ensures that you're testing the behavior the user would see in the browser. Learn more at https://react.dev/link/wrap-tests-with-act

      189 |       
      190 |       // Load Tengwar font asynchronously
    > 191 |       setIsFontLoading(true);
          |       ^
      192 |       const fontLoaded = await TengwarFontManager.loadTengwarFont();
      193 |       setTengwarFontLoaded(fontLoaded);
      194 |       setIsFontLoading(false);

      at node_modules/react-dom/cjs/react-dom-client.development.js:16023:19
      at runWithFiberInDEV (node_modules/react-dom/cjs/react-dom-client.development.js:1522:13)
      at warnIfUpdatesNotWrappedWithActDEV (node_modules/react-dom/cjs/react-dom-client.development.js:16022:9)
      at scheduleUpdateOnFiber (node_modules/react-dom/cjs/react-dom-client.development.js:14396:11)
      at dispatchSetStateInternal (node_modules/react-dom/cjs/react-dom-client.development.js:6969:13)
      at setIsFontLoading (node_modules/react-dom/cjs/react-dom-client.development.js:6927:7)
      at initializeLanguageSettings (src/contexts/LanguageContext.tsx:191:7)

    console.error
      An update to LanguageProvider inside a test was not wrapped in act(...).
      
      When testing, code that causes React state updates should be wrapped into act(...):
      
      act(() => {
        /* fire events that update state */
      });
      /* assert on the output */
      
      This ensures that you're testing the behavior the user would see in the browser. Learn more at https://react.dev/link/wrap-tests-with-act

      189 |       
      190 |       // Load Tengwar font asynchronously
    > 191 |       setIsFontLoading(true);
          |       ^
      192 |       const fontLoaded = await TengwarFontManager.loadTengwarFont();
      193 |       setTengwarFontLoaded(fontLoaded);
      194 |       setIsFontLoading(false);

      at node_modules/react-dom/cjs/react-dom-client.development.js:16023:19
      at runWithFiberInDEV (node_modules/react-dom/cjs/react-dom-client.development.js:1522:13)
      at warnIfUpdatesNotWrappedWithActDEV (node_modules/react-dom/cjs/react-dom-client.development.js:16022:9)
      at scheduleUpdateOnFiber (node_modules/react-dom/cjs/react-dom-client.development.js:14396:11)
      at dispatchSetStateInternal (node_modules/react-dom/cjs/react-dom-client.development.js:6969:13)
      at setIsFontLoading (node_modules/react-dom/cjs/react-dom-client.development.js:6927:7)
      at initializeLanguageSettings (src/contexts/LanguageContext.tsx:191:7)

    console.error
      An update to LanguageProvider inside a test was not wrapped in act(...).
      
      When testing, code that causes React state updates should be wrapped into act(...):
      
      act(() => {
        /* fire events that update state */
      });
      /* assert on the output */
      
      This ensures that you're testing the behavior the user would see in the browser. Learn more at https://react.dev/link/wrap-tests-with-act

      189 |       
      190 |       // Load Tengwar font asynchronously
    > 191 |       setIsFontLoading(true);
          |       ^
      192 |       const fontLoaded = await TengwarFontManager.loadTengwarFont();
      193 |       setTengwarFontLoaded(fontLoaded);
      194 |       setIsFontLoading(false);

      at node_modules/react-dom/cjs/react-dom-client.development.js:16023:19
      at runWithFiberInDEV (node_modules/react-dom/cjs/react-dom-client.development.js:1522:13)
      at warnIfUpdatesNotWrappedWithActDEV (node_modules/react-dom/cjs/react-dom-client.development.js:16022:9)
      at scheduleUpdateOnFiber (node_modules/react-dom/cjs/react-dom-client.development.js:14396:11)
      at dispatchSetStateInternal (node_modules/react-dom/cjs/react-dom-client.development.js:6969:13)
      at setIsFontLoading (node_modules/react-dom/cjs/react-dom-client.development.js:6927:7)
      at initializeLanguageSettings (src/contexts/LanguageContext.tsx:191:7)

    console.error
      An update to LanguageProvider inside a test was not wrapped in act(...).
      
      When testing, code that causes React state updates should be wrapped into act(...):
      
      act(() => {
        /* fire events that update state */
      });
      /* assert on the output */
      
      This ensures that you're testing the behavior the user would see in the browser. Learn more at https://react.dev/link/wrap-tests-with-act

      189 |       
      190 |       // Load Tengwar font asynchronously
    > 191 |       setIsFontLoading(true);
          |       ^
      192 |       const fontLoaded = await TengwarFontManager.loadTengwarFont();
      193 |       setTengwarFontLoaded(fontLoaded);
      194 |       setIsFontLoading(false);

      at node_modules/react-dom/cjs/react-dom-client.development.js:16023:19
      at runWithFiberInDEV (node_modules/react-dom/cjs/react-dom-client.development.js:1522:13)
      at warnIfUpdatesNotWrappedWithActDEV (node_modules/react-dom/cjs/react-dom-client.development.js:16022:9)
      at scheduleUpdateOnFiber (node_modules/react-dom/cjs/react-dom-client.development.js:14396:11)
      at dispatchSetStateInternal (node_modules/react-dom/cjs/react-dom-client.development.js:6969:13)
      at setIsFontLoading (node_modules/react-dom/cjs/react-dom-client.development.js:6927:7)
      at initializeLanguageSettings (src/contexts/LanguageContext.tsx:191:7)

    console.error
      An update to LanguageProvider inside a test was not wrapped in act(...).
      
      When testing, code that causes React state updates should be wrapped into act(...):
      
      act(() => {
        /* fire events that update state */
      });
      /* assert on the output */
      
      This ensures that you're testing the behavior the user would see in the browser. Learn more at https://react.dev/link/wrap-tests-with-act

      189 |       
      190 |       // Load Tengwar font asynchronously
    > 191 |       setIsFontLoading(true);
          |       ^
      192 |       const fontLoaded = await TengwarFontManager.loadTengwarFont();
      193 |       setTengwarFontLoaded(fontLoaded);
      194 |       setIsFontLoading(false);

      at node_modules/react-dom/cjs/react-dom-client.development.js:16023:19
      at runWithFiberInDEV (node_modules/react-dom/cjs/react-dom-client.development.js:1522:13)
      at warnIfUpdatesNotWrappedWithActDEV (node_modules/react-dom/cjs/react-dom-client.development.js:16022:9)
      at scheduleUpdateOnFiber (node_modules/react-dom/cjs/react-dom-client.development.js:14396:11)
      at dispatchSetStateInternal (node_modules/react-dom/cjs/react-dom-client.development.js:6969:13)
      at setIsFontLoading (node_modules/react-dom/cjs/react-dom-client.development.js:6927:7)
      at initializeLanguageSettings (src/contexts/LanguageContext.tsx:191:7)

    console.error
      An update to LanguageProvider inside a test was not wrapped in act(...).
      
      When testing, code that causes React state updates should be wrapped into act(...):
      
      act(() => {
        /* fire events that update state */
      });
      /* assert on the output */
      
      This ensures that you're testing the behavior the user would see in the browser. Learn more at https://react.dev/link/wrap-tests-with-act

      189 |       
      190 |       // Load Tengwar font asynchronously
    > 191 |       setIsFontLoading(true);
          |       ^
      192 |       const fontLoaded = await TengwarFontManager.loadTengwarFont();
      193 |       setTengwarFontLoaded(fontLoaded);
      194 |       setIsFontLoading(false);

      at node_modules/react-dom/cjs/react-dom-client.development.js:16023:19
      at runWithFiberInDEV (node_modules/react-dom/cjs/react-dom-client.development.js:1522:13)
      at warnIfUpdatesNotWrappedWithActDEV (node_modules/react-dom/cjs/react-dom-client.development.js:16022:9)
      at scheduleUpdateOnFiber (node_modules/react-dom/cjs/react-dom-client.development.js:14396:11)
      at dispatchSetStateInternal (node_modules/react-dom/cjs/react-dom-client.development.js:6969:13)
      at setIsFontLoading (node_modules/react-dom/cjs/react-dom-client.development.js:6927:7)
      at initializeLanguageSettings (src/contexts/LanguageContext.tsx:191:7)

    console.error
      An update to LanguageProvider inside a test was not wrapped in act(...).
      
      When testing, code that causes React state updates should be wrapped into act(...):
      
      act(() => {
        /* fire events that update state */
      });
      /* assert on the output */
      
      This ensures that you're testing the behavior the user would see in the browser. Learn more at https://react.dev/link/wrap-tests-with-act

      189 |       
      190 |       // Load Tengwar font asynchronously
    > 191 |       setIsFontLoading(true);
          |       ^
      192 |       const fontLoaded = await TengwarFontManager.loadTengwarFont();
      193 |       setTengwarFontLoaded(fontLoaded);
      194 |       setIsFontLoading(false);

      at node_modules/react-dom/cjs/react-dom-client.development.js:16023:19
      at runWithFiberInDEV (node_modules/react-dom/cjs/react-dom-client.development.js:1522:13)
      at warnIfUpdatesNotWrappedWithActDEV (node_modules/react-dom/cjs/react-dom-client.development.js:16022:9)
      at scheduleUpdateOnFiber (node_modules/react-dom/cjs/react-dom-client.development.js:14396:11)
      at dispatchSetStateInternal (node_modules/react-dom/cjs/react-dom-client.development.js:6969:13)
      at setIsFontLoading (node_modules/react-dom/cjs/react-dom-client.development.js:6927:7)
      at initializeLanguageSettings (src/contexts/LanguageContext.tsx:191:7)

    console.error
      An update to LanguageProvider inside a test was not wrapped in act(...).
      
      When testing, code that causes React state updates should be wrapped into act(...):
      
      act(() => {
        /* fire events that update state */
      });
      /* assert on the output */
      
      This ensures that you're testing the behavior the user would see in the browser. Learn more at https://react.dev/link/wrap-tests-with-act

      189 |       
      190 |       // Load Tengwar font asynchronously
    > 191 |       setIsFontLoading(true);
          |       ^
      192 |       const fontLoaded = await TengwarFontManager.loadTengwarFont();
      193 |       setTengwarFontLoaded(fontLoaded);
      194 |       setIsFontLoading(false);

      at node_modules/react-dom/cjs/react-dom-client.development.js:16023:19
      at runWithFiberInDEV (node_modules/react-dom/cjs/react-dom-client.development.js:1522:13)
      at warnIfUpdatesNotWrappedWithActDEV (node_modules/react-dom/cjs/react-dom-client.development.js:16022:9)
      at scheduleUpdateOnFiber (node_modules/react-dom/cjs/react-dom-client.development.js:14396:11)
      at dispatchSetStateInternal (node_modules/react-dom/cjs/react-dom-client.development.js:6969:13)
      at setIsFontLoading (node_modules/react-dom/cjs/react-dom-client.development.js:6927:7)
      at initializeLanguageSettings (src/contexts/LanguageContext.tsx:191:7)

    console.error
      An update to LanguageProvider inside a test was not wrapped in act(...).
      
      When testing, code that causes React state updates should be wrapped into act(...):
      
      act(() => {
        /* fire events that update state */
      });
      /* assert on the output */
      
      This ensures that you're testing the behavior the user would see in the browser. Learn more at https://react.dev/link/wrap-tests-with-act

      189 |       
      190 |       // Load Tengwar font asynchronously
    > 191 |       setIsFontLoading(true);
          |       ^
      192 |       const fontLoaded = await TengwarFontManager.loadTengwarFont();
      193 |       setTengwarFontLoaded(fontLoaded);
      194 |       setIsFontLoading(false);

      at node_modules/react-dom/cjs/react-dom-client.development.js:16023:19
      at runWithFiberInDEV (node_modules/react-dom/cjs/react-dom-client.development.js:1522:13)
      at warnIfUpdatesNotWrappedWithActDEV (node_modules/react-dom/cjs/react-dom-client.development.js:16022:9)
      at scheduleUpdateOnFiber (node_modules/react-dom/cjs/react-dom-client.development.js:14396:11)
      at dispatchSetStateInternal (node_modules/react-dom/cjs/react-dom-client.development.js:6969:13)
      at setIsFontLoading (node_modules/react-dom/cjs/react-dom-client.development.js:6927:7)
      at initializeLanguageSettings (src/contexts/LanguageContext.tsx:191:7)

    console.error
      An update to LanguageProvider inside a test was not wrapped in act(...).
      
      When testing, code that causes React state updates should be wrapped into act(...):
      
      act(() => {
        /* fire events that update state */
      });
      /* assert on the output */
      
      This ensures that you're testing the behavior the user would see in the browser. Learn more at https://react.dev/link/wrap-tests-with-act

      189 |       
      190 |       // Load Tengwar font asynchronously
    > 191 |       setIsFontLoading(true);
          |       ^
      192 |       const fontLoaded = await TengwarFontManager.loadTengwarFont();
      193 |       setTengwarFontLoaded(fontLoaded);
      194 |       setIsFontLoading(false);

      at node_modules/react-dom/cjs/react-dom-client.development.js:16023:19
      at runWithFiberInDEV (node_modules/react-dom/cjs/react-dom-client.development.js:1522:13)
      at warnIfUpdatesNotWrappedWithActDEV (node_modules/react-dom/cjs/react-dom-client.development.js:16022:9)
      at scheduleUpdateOnFiber (node_modules/react-dom/cjs/react-dom-client.development.js:14396:11)
      at dispatchSetStateInternal (node_modules/react-dom/cjs/react-dom-client.development.js:6969:13)
      at setIsFontLoading (node_modules/react-dom/cjs/react-dom-client.development.js:6927:7)
      at initializeLanguageSettings (src/contexts/LanguageContext.tsx:191:7)

    console.error
      An update to LanguageProvider inside a test was not wrapped in act(...).
      
      When testing, code that causes React state updates should be wrapped into act(...):
      
      act(() => {
        /* fire events that update state */
      });
      /* assert on the output */
      
      This ensures that you're testing the behavior the user would see in the browser. Learn more at https://react.dev/link/wrap-tests-with-act

      189 |       
      190 |       // Load Tengwar font asynchronously
    > 191 |       setIsFontLoading(true);
          |       ^
      192 |       const fontLoaded = await TengwarFontManager.loadTengwarFont();
      193 |       setTengwarFontLoaded(fontLoaded);
      194 |       setIsFontLoading(false);

      at node_modules/react-dom/cjs/react-dom-client.development.js:16023:19
      at runWithFiberInDEV (node_modules/react-dom/cjs/react-dom-client.development.js:1522:13)
      at warnIfUpdatesNotWrappedWithActDEV (node_modules/react-dom/cjs/react-dom-client.development.js:16022:9)
      at scheduleUpdateOnFiber (node_modules/react-dom/cjs/react-dom-client.development.js:14396:11)
      at dispatchSetStateInternal (node_modules/react-dom/cjs/react-dom-client.development.js:6969:13)
      at setIsFontLoading (node_modules/react-dom/cjs/react-dom-client.development.js:6927:7)
      at initializeLanguageSettings (src/contexts/LanguageContext.tsx:191:7)

    console.error
      An update to LanguageProvider inside a test was not wrapped in act(...).
      
      When testing, code that causes React state updates should be wrapped into act(...):
      
      act(() => {
        /* fire events that update state */
      });
      /* assert on the output */
      
      This ensures that you're testing the behavior the user would see in the browser. Learn more at https://react.dev/link/wrap-tests-with-act

      189 |       
      190 |       // Load Tengwar font asynchronously
    > 191 |       setIsFontLoading(true);
          |       ^
      192 |       const fontLoaded = await TengwarFontManager.loadTengwarFont();
      193 |       setTengwarFontLoaded(fontLoaded);
      194 |       setIsFontLoading(false);

      at node_modules/react-dom/cjs/react-dom-client.development.js:16023:19
      at runWithFiberInDEV (node_modules/react-dom/cjs/react-dom-client.development.js:1522:13)
      at warnIfUpdatesNotWrappedWithActDEV (node_modules/react-dom/cjs/react-dom-client.development.js:16022:9)
      at scheduleUpdateOnFiber (node_modules/react-dom/cjs/react-dom-client.development.js:14396:11)
      at dispatchSetStateInternal (node_modules/react-dom/cjs/react-dom-client.development.js:6969:13)
      at setIsFontLoading (node_modules/react-dom/cjs/react-dom-client.development.js:6927:7)
      at initializeLanguageSettings (src/contexts/LanguageContext.tsx:191:7)

    console.error
      An update to LanguageProvider inside a test was not wrapped in act(...).
      
      When testing, code that causes React state updates should be wrapped into act(...):
      
      act(() => {
        /* fire events that update state */
      });
      /* assert on the output */
      
      This ensures that you're testing the behavior the user would see in the browser. Learn more at https://react.dev/link/wrap-tests-with-act

      189 |       
      190 |       // Load Tengwar font asynchronously
    > 191 |       setIsFontLoading(true);
          |       ^
      192 |       const fontLoaded = await TengwarFontManager.loadTengwarFont();
      193 |       setTengwarFontLoaded(fontLoaded);
      194 |       setIsFontLoading(false);

      at node_modules/react-dom/cjs/react-dom-client.development.js:16023:19
      at runWithFiberInDEV (node_modules/react-dom/cjs/react-dom-client.development.js:1522:13)
      at warnIfUpdatesNotWrappedWithActDEV (node_modules/react-dom/cjs/react-dom-client.development.js:16022:9)
      at scheduleUpdateOnFiber (node_modules/react-dom/cjs/react-dom-client.development.js:14396:11)
      at dispatchSetStateInternal (node_modules/react-dom/cjs/react-dom-client.development.js:6969:13)
      at setIsFontLoading (node_modules/react-dom/cjs/react-dom-client.development.js:6927:7)
      at initializeLanguageSettings (src/contexts/LanguageContext.tsx:191:7)

    console.error
      An update to LanguageProvider inside a test was not wrapped in act(...).
      
      When testing, code that causes React state updates should be wrapped into act(...):
      
      act(() => {
        /* fire events that update state */
      });
      /* assert on the output */
      
      This ensures that you're testing the behavior the user would see in the browser. Learn more at https://react.dev/link/wrap-tests-with-act

      189 |       
      190 |       // Load Tengwar font asynchronously
    > 191 |       setIsFontLoading(true);
          |       ^
      192 |       const fontLoaded = await TengwarFontManager.loadTengwarFont();
      193 |       setTengwarFontLoaded(fontLoaded);
      194 |       setIsFontLoading(false);

      at node_modules/react-dom/cjs/react-dom-client.development.js:16023:19
      at runWithFiberInDEV (node_modules/react-dom/cjs/react-dom-client.development.js:1522:13)
      at warnIfUpdatesNotWrappedWithActDEV (node_modules/react-dom/cjs/react-dom-client.development.js:16022:9)
      at scheduleUpdateOnFiber (node_modules/react-dom/cjs/react-dom-client.development.js:14396:11)
      at dispatchSetStateInternal (node_modules/react-dom/cjs/react-dom-client.development.js:6969:13)
      at setIsFontLoading (node_modules/react-dom/cjs/react-dom-client.development.js:6927:7)
      at initializeLanguageSettings (src/contexts/LanguageContext.tsx:191:7)

    console.error
      An update to LanguageProvider inside a test was not wrapped in act(...).
      
      When testing, code that causes React state updates should be wrapped into act(...):
      
      act(() => {
        /* fire events that update state */
      });
      /* assert on the output */
      
      This ensures that you're testing the behavior the user would see in the browser. Learn more at https://react.dev/link/wrap-tests-with-act

      189 |       
      190 |       // Load Tengwar font asynchronously
    > 191 |       setIsFontLoading(true);
          |       ^
      192 |       const fontLoaded = await TengwarFontManager.loadTengwarFont();
      193 |       setTengwarFontLoaded(fontLoaded);
      194 |       setIsFontLoading(false);

      at node_modules/react-dom/cjs/react-dom-client.development.js:16023:19
      at runWithFiberInDEV (node_modules/react-dom/cjs/react-dom-client.development.js:1522:13)
      at warnIfUpdatesNotWrappedWithActDEV (node_modules/react-dom/cjs/react-dom-client.development.js:16022:9)
      at scheduleUpdateOnFiber (node_modules/react-dom/cjs/react-dom-client.development.js:14396:11)
      at dispatchSetStateInternal (node_modules/react-dom/cjs/react-dom-client.development.js:6969:13)
      at setIsFontLoading (node_modules/react-dom/cjs/react-dom-client.development.js:6927:7)
      at initializeLanguageSettings (src/contexts/LanguageContext.tsx:191:7)

    console.error
      An update to LanguageProvider inside a test was not wrapped in act(...).
      
      When testing, code that causes React state updates should be wrapped into act(...):
      
      act(() => {
        /* fire events that update state */
      });
      /* assert on the output */
      
      This ensures that you're testing the behavior the user would see in the browser. Learn more at https://react.dev/link/wrap-tests-with-act

      189 |       
      190 |       // Load Tengwar font asynchronously
    > 191 |       setIsFontLoading(true);
          |       ^
      192 |       const fontLoaded = await TengwarFontManager.loadTengwarFont();
      193 |       setTengwarFontLoaded(fontLoaded);
      194 |       setIsFontLoading(false);

      at node_modules/react-dom/cjs/react-dom-client.development.js:16023:19
      at runWithFiberInDEV (node_modules/react-dom/cjs/react-dom-client.development.js:1522:13)
      at warnIfUpdatesNotWrappedWithActDEV (node_modules/react-dom/cjs/react-dom-client.development.js:16022:9)
      at scheduleUpdateOnFiber (node_modules/react-dom/cjs/react-dom-client.development.js:14396:11)
      at dispatchSetStateInternal (node_modules/react-dom/cjs/react-dom-client.development.js:6969:13)
      at setIsFontLoading (node_modules/react-dom/cjs/react-dom-client.development.js:6927:7)
      at initializeLanguageSettings (src/contexts/LanguageContext.tsx:191:7)

    console.error
      An update to LanguageProvider inside a test was not wrapped in act(...).
      
      When testing, code that causes React state updates should be wrapped into act(...):
      
      act(() => {
        /* fire events that update state */
      });
      /* assert on the output */
      
      This ensures that you're testing the behavior the user would see in the browser. Learn more at https://react.dev/link/wrap-tests-with-act

      189 |       
      190 |       // Load Tengwar font asynchronously
    > 191 |       setIsFontLoading(true);
          |       ^
      192 |       const fontLoaded = await TengwarFontManager.loadTengwarFont();
      193 |       setTengwarFontLoaded(fontLoaded);
      194 |       setIsFontLoading(false);

      at node_modules/react-dom/cjs/react-dom-client.development.js:16023:19
      at runWithFiberInDEV (node_modules/react-dom/cjs/react-dom-client.development.js:1522:13)
      at warnIfUpdatesNotWrappedWithActDEV (node_modules/react-dom/cjs/react-dom-client.development.js:16022:9)
      at scheduleUpdateOnFiber (node_modules/react-dom/cjs/react-dom-client.development.js:14396:11)
      at dispatchSetStateInternal (node_modules/react-dom/cjs/react-dom-client.development.js:6969:13)
      at setIsFontLoading (node_modules/react-dom/cjs/react-dom-client.development.js:6927:7)
      at initializeLanguageSettings (src/contexts/LanguageContext.tsx:191:7)

    console.error
      An update to LanguageProvider inside a test was not wrapped in act(...).
      
      When testing, code that causes React state updates should be wrapped into act(...):
      
      act(() => {
        /* fire events that update state */
      });
      /* assert on the output */
      
      This ensures that you're testing the behavior the user would see in the browser. Learn more at https://react.dev/link/wrap-tests-with-act

      189 |       
      190 |       // Load Tengwar font asynchronously
    > 191 |       setIsFontLoading(true);
          |       ^
      192 |       const fontLoaded = await TengwarFontManager.loadTengwarFont();
      193 |       setTengwarFontLoaded(fontLoaded);
      194 |       setIsFontLoading(false);

      at node_modules/react-dom/cjs/react-dom-client.development.js:16023:19
      at runWithFiberInDEV (node_modules/react-dom/cjs/react-dom-client.development.js:1522:13)
      at warnIfUpdatesNotWrappedWithActDEV (node_modules/react-dom/cjs/react-dom-client.development.js:16022:9)
      at scheduleUpdateOnFiber (node_modules/react-dom/cjs/react-dom-client.development.js:14396:11)
      at dispatchSetStateInternal (node_modules/react-dom/cjs/react-dom-client.development.js:6969:13)
      at setIsFontLoading (node_modules/react-dom/cjs/react-dom-client.development.js:6927:7)
      at initializeLanguageSettings (src/contexts/LanguageContext.tsx:191:7)

    console.error
      An update to LanguageProvider inside a test was not wrapped in act(...).
      
      When testing, code that causes React state updates should be wrapped into act(...):
      
      act(() => {
        /* fire events that update state */
      });
      /* assert on the output */
      
      This ensures that you're testing the behavior the user would see in the browser. Learn more at https://react.dev/link/wrap-tests-with-act

      189 |       
      190 |       // Load Tengwar font asynchronously
    > 191 |       setIsFontLoading(true);
          |       ^
      192 |       const fontLoaded = await TengwarFontManager.loadTengwarFont();
      193 |       setTengwarFontLoaded(fontLoaded);
      194 |       setIsFontLoading(false);

      at node_modules/react-dom/cjs/react-dom-client.development.js:16023:19
      at runWithFiberInDEV (node_modules/react-dom/cjs/react-dom-client.development.js:1522:13)
      at warnIfUpdatesNotWrappedWithActDEV (node_modules/react-dom/cjs/react-dom-client.development.js:16022:9)
      at scheduleUpdateOnFiber (node_modules/react-dom/cjs/react-dom-client.development.js:14396:11)
      at dispatchSetStateInternal (node_modules/react-dom/cjs/react-dom-client.development.js:6969:13)
      at setIsFontLoading (node_modules/react-dom/cjs/react-dom-client.development.js:6927:7)
      at initializeLanguageSettings (src/contexts/LanguageContext.tsx:191:7)

    console.error
      An update to LanguageProvider inside a test was not wrapped in act(...).
      
      When testing, code that causes React state updates should be wrapped into act(...):
      
      act(() => {
        /* fire events that update state */
      });
      /* assert on the output */
      
      This ensures that you're testing the behavior the user would see in the browser. Learn more at https://react.dev/link/wrap-tests-with-act

      189 |       
      190 |       // Load Tengwar font asynchronously
    > 191 |       setIsFontLoading(true);
          |       ^
      192 |       const fontLoaded = await TengwarFontManager.loadTengwarFont();
      193 |       setTengwarFontLoaded(fontLoaded);
      194 |       setIsFontLoading(false);

      at node_modules/react-dom/cjs/react-dom-client.development.js:16023:19
      at runWithFiberInDEV (node_modules/react-dom/cjs/react-dom-client.development.js:1522:13)
      at warnIfUpdatesNotWrappedWithActDEV (node_modules/react-dom/cjs/react-dom-client.development.js:16022:9)
      at scheduleUpdateOnFiber (node_modules/react-dom/cjs/react-dom-client.development.js:14396:11)
      at dispatchSetStateInternal (node_modules/react-dom/cjs/react-dom-client.development.js:6969:13)
      at setIsFontLoading (node_modules/react-dom/cjs/react-dom-client.development.js:6927:7)
      at initializeLanguageSettings (src/contexts/LanguageContext.tsx:191:7)

    console.error
      An update to LanguageProvider inside a test was not wrapped in act(...).
      
      When testing, code that causes React state updates should be wrapped into act(...):
      
      act(() => {
        /* fire events that update state */
      });
      /* assert on the output */
      
      This ensures that you're testing the behavior the user would see in the browser. Learn more at https://react.dev/link/wrap-tests-with-act

      189 |       
      190 |       // Load Tengwar font asynchronously
    > 191 |       setIsFontLoading(true);
          |       ^
      192 |       const fontLoaded = await TengwarFontManager.loadTengwarFont();
      193 |       setTengwarFontLoaded(fontLoaded);
      194 |       setIsFontLoading(false);

      at node_modules/react-dom/cjs/react-dom-client.development.js:16023:19
      at runWithFiberInDEV (node_modules/react-dom/cjs/react-dom-client.development.js:1522:13)
      at warnIfUpdatesNotWrappedWithActDEV (node_modules/react-dom/cjs/react-dom-client.development.js:16022:9)
      at scheduleUpdateOnFiber (node_modules/react-dom/cjs/react-dom-client.development.js:14396:11)
      at dispatchSetStateInternal (node_modules/react-dom/cjs/react-dom-client.development.js:6969:13)
      at setIsFontLoading (node_modules/react-dom/cjs/react-dom-client.development.js:6927:7)
      at initializeLanguageSettings (src/contexts/LanguageContext.tsx:191:7)

    console.error
      An update to LanguageProvider inside a test was not wrapped in act(...).
      
      When testing, code that causes React state updates should be wrapped into act(...):
      
      act(() => {
        /* fire events that update state */
      });
      /* assert on the output */
      
      This ensures that you're testing the behavior the user would see in the browser. Learn more at https://react.dev/link/wrap-tests-with-act

      189 |       
      190 |       // Load Tengwar font asynchronously
    > 191 |       setIsFontLoading(true);
          |       ^
      192 |       const fontLoaded = await TengwarFontManager.loadTengwarFont();
      193 |       setTengwarFontLoaded(fontLoaded);
      194 |       setIsFontLoading(false);

      at node_modules/react-dom/cjs/react-dom-client.development.js:16023:19
      at runWithFiberInDEV (node_modules/react-dom/cjs/react-dom-client.development.js:1522:13)
      at warnIfUpdatesNotWrappedWithActDEV (node_modules/react-dom/cjs/react-dom-client.development.js:16022:9)
      at scheduleUpdateOnFiber (node_modules/react-dom/cjs/react-dom-client.development.js:14396:11)
      at dispatchSetStateInternal (node_modules/react-dom/cjs/react-dom-client.development.js:6969:13)
      at setIsFontLoading (node_modules/react-dom/cjs/react-dom-client.development.js:6927:7)
      at initializeLanguageSettings (src/contexts/LanguageContext.tsx:191:7)

    console.error
      An update to LanguageProvider inside a test was not wrapped in act(...).
      
      When testing, code that causes React state updates should be wrapped into act(...):
      
      act(() => {
        /* fire events that update state */
      });
      /* assert on the output */
      
      This ensures that you're testing the behavior the user would see in the browser. Learn more at https://react.dev/link/wrap-tests-with-act

      189 |       
      190 |       // Load Tengwar font asynchronously
    > 191 |       setIsFontLoading(true);
          |       ^
      192 |       const fontLoaded = await TengwarFontManager.loadTengwarFont();
      193 |       setTengwarFontLoaded(fontLoaded);
      194 |       setIsFontLoading(false);

      at node_modules/react-dom/cjs/react-dom-client.development.js:16023:19
      at runWithFiberInDEV (node_modules/react-dom/cjs/react-dom-client.development.js:1522:13)
      at warnIfUpdatesNotWrappedWithActDEV (node_modules/react-dom/cjs/react-dom-client.development.js:16022:9)
      at scheduleUpdateOnFiber (node_modules/react-dom/cjs/react-dom-client.development.js:14396:11)
      at dispatchSetStateInternal (node_modules/react-dom/cjs/react-dom-client.development.js:6969:13)
      at setIsFontLoading (node_modules/react-dom/cjs/react-dom-client.development.js:6927:7)
      at initializeLanguageSettings (src/contexts/LanguageContext.tsx:191:7)

    console.error
      An update to LanguageProvider inside a test was not wrapped in act(...).
      
      When testing, code that causes React state updates should be wrapped into act(...):
      
      act(() => {
        /* fire events that update state */
      });
      /* assert on the output */
      
      This ensures that you're testing the behavior the user would see in the browser. Learn more at https://react.dev/link/wrap-tests-with-act

      189 |       
      190 |       // Load Tengwar font asynchronously
    > 191 |       setIsFontLoading(true);
          |       ^
      192 |       const fontLoaded = await TengwarFontManager.loadTengwarFont();
      193 |       setTengwarFontLoaded(fontLoaded);
      194 |       setIsFontLoading(false);

      at node_modules/react-dom/cjs/react-dom-client.development.js:16023:19
      at runWithFiberInDEV (node_modules/react-dom/cjs/react-dom-client.development.js:1522:13)
      at warnIfUpdatesNotWrappedWithActDEV (node_modules/react-dom/cjs/react-dom-client.development.js:16022:9)
      at scheduleUpdateOnFiber (node_modules/react-dom/cjs/react-dom-client.development.js:14396:11)
      at dispatchSetStateInternal (node_modules/react-dom/cjs/react-dom-client.development.js:6969:13)
      at setIsFontLoading (node_modules/react-dom/cjs/react-dom-client.development.js:6927:7)
      at initializeLanguageSettings (src/contexts/LanguageContext.tsx:191:7)

    console.error
      An update to LanguageProvider inside a test was not wrapped in act(...).
      
      When testing, code that causes React state updates should be wrapped into act(...):
      
      act(() => {
        /* fire events that update state */
      });
      /* assert on the output */
      
      This ensures that you're testing the behavior the user would see in the browser. Learn more at https://react.dev/link/wrap-tests-with-act

      189 |       
      190 |       // Load Tengwar font asynchronously
    > 191 |       setIsFontLoading(true);
          |       ^
      192 |       const fontLoaded = await TengwarFontManager.loadTengwarFont();
      193 |       setTengwarFontLoaded(fontLoaded);
      194 |       setIsFontLoading(false);

      at node_modules/react-dom/cjs/react-dom-client.development.js:16023:19
      at runWithFiberInDEV (node_modules/react-dom/cjs/react-dom-client.development.js:1522:13)
      at warnIfUpdatesNotWrappedWithActDEV (node_modules/react-dom/cjs/react-dom-client.development.js:16022:9)
      at scheduleUpdateOnFiber (node_modules/react-dom/cjs/react-dom-client.development.js:14396:11)
      at dispatchSetStateInternal (node_modules/react-dom/cjs/react-dom-client.development.js:6969:13)
      at setIsFontLoading (node_modules/react-dom/cjs/react-dom-client.development.js:6927:7)
      at initializeLanguageSettings (src/contexts/LanguageContext.tsx:191:7)

    console.error
      An update to LanguageProvider inside a test was not wrapped in act(...).
      
      When testing, code that causes React state updates should be wrapped into act(...):
      
      act(() => {
        /* fire events that update state */
      });
      /* assert on the output */
      
      This ensures that you're testing the behavior the user would see in the browser. Learn more at https://react.dev/link/wrap-tests-with-act

      189 |       
      190 |       // Load Tengwar font asynchronously
    > 191 |       setIsFontLoading(true);
          |       ^
      192 |       const fontLoaded = await TengwarFontManager.loadTengwarFont();
      193 |       setTengwarFontLoaded(fontLoaded);
      194 |       setIsFontLoading(false);

      at node_modules/react-dom/cjs/react-dom-client.development.js:16023:19
      at runWithFiberInDEV (node_modules/react-dom/cjs/react-dom-client.development.js:1522:13)
      at warnIfUpdatesNotWrappedWithActDEV (node_modules/react-dom/cjs/react-dom-client.development.js:16022:9)
      at scheduleUpdateOnFiber (node_modules/react-dom/cjs/react-dom-client.development.js:14396:11)
      at dispatchSetStateInternal (node_modules/react-dom/cjs/react-dom-client.development.js:6969:13)
      at setIsFontLoading (node_modules/react-dom/cjs/react-dom-client.development.js:6927:7)
      at initializeLanguageSettings (src/contexts/LanguageContext.tsx:191:7)

    console.error
      An update to LanguageProvider inside a test was not wrapped in act(...).
      
      When testing, code that causes React state updates should be wrapped into act(...):
      
      act(() => {
        /* fire events that update state */
      });
      /* assert on the output */
      
      This ensures that you're testing the behavior the user would see in the browser. Learn more at https://react.dev/link/wrap-tests-with-act

      189 |       
      190 |       // Load Tengwar font asynchronously
    > 191 |       setIsFontLoading(true);
          |       ^
      192 |       const fontLoaded = await TengwarFontManager.loadTengwarFont();
      193 |       setTengwarFontLoaded(fontLoaded);
      194 |       setIsFontLoading(false);

      at node_modules/react-dom/cjs/react-dom-client.development.js:16023:19
      at runWithFiberInDEV (node_modules/react-dom/cjs/react-dom-client.development.js:1522:13)
      at warnIfUpdatesNotWrappedWithActDEV (node_modules/react-dom/cjs/react-dom-client.development.js:16022:9)
      at scheduleUpdateOnFiber (node_modules/react-dom/cjs/react-dom-client.development.js:14396:11)
      at dispatchSetStateInternal (node_modules/react-dom/cjs/react-dom-client.development.js:6969:13)
      at setIsFontLoading (node_modules/react-dom/cjs/react-dom-client.development.js:6927:7)
      at initializeLanguageSettings (src/contexts/LanguageContext.tsx:191:7)

    console.error
      An update to LanguageProvider inside a test was not wrapped in act(...).
      
      When testing, code that causes React state updates should be wrapped into act(...):
      
      act(() => {
        /* fire events that update state */
      });
      /* assert on the output */
      
      This ensures that you're testing the behavior the user would see in the browser. Learn more at https://react.dev/link/wrap-tests-with-act

      189 |       
      190 |       // Load Tengwar font asynchronously
    > 191 |       setIsFontLoading(true);
          |       ^
      192 |       const fontLoaded = await TengwarFontManager.loadTengwarFont();
      193 |       setTengwarFontLoaded(fontLoaded);
      194 |       setIsFontLoading(false);

      at node_modules/react-dom/cjs/react-dom-client.development.js:16023:19
      at runWithFiberInDEV (node_modules/react-dom/cjs/react-dom-client.development.js:1522:13)
      at warnIfUpdatesNotWrappedWithActDEV (node_modules/react-dom/cjs/react-dom-client.development.js:16022:9)
      at scheduleUpdateOnFiber (node_modules/react-dom/cjs/react-dom-client.development.js:14396:11)
      at dispatchSetStateInternal (node_modules/react-dom/cjs/react-dom-client.development.js:6969:13)
      at setIsFontLoading (node_modules/react-dom/cjs/react-dom-client.development.js:6927:7)
      at initializeLanguageSettings (src/contexts/LanguageContext.tsx:191:7)

PASS src/components/FileUploadComponent.test.tsx
  ● Console

    console.error
      An update to LanguageProvider inside a test was not wrapped in act(...).
      
      When testing, code that causes React state updates should be wrapped into act(...):
      
      act(() => {
        /* fire events that update state */
      });
      /* assert on the output */
      
      This ensures that you're testing the behavior the user would see in the browser. Learn more at https://react.dev/link/wrap-tests-with-act

      189 |       
      190 |       // Load Tengwar font asynchronously
    > 191 |       setIsFontLoading(true);
          |       ^
      192 |       const fontLoaded = await TengwarFontManager.loadTengwarFont();
      193 |       setTengwarFontLoaded(fontLoaded);
      194 |       setIsFontLoading(false);

      at node_modules/react-dom/cjs/react-dom-client.development.js:16023:19
      at runWithFiberInDEV (node_modules/react-dom/cjs/react-dom-client.development.js:1522:13)
      at warnIfUpdatesNotWrappedWithActDEV (node_modules/react-dom/cjs/react-dom-client.development.js:16022:9)
      at scheduleUpdateOnFiber (node_modules/react-dom/cjs/react-dom-client.development.js:14396:11)
      at dispatchSetStateInternal (node_modules/react-dom/cjs/react-dom-client.development.js:6969:13)
      at setIsFontLoading (node_modules/react-dom/cjs/react-dom-client.development.js:6927:7)
      at initializeLanguageSettings (src/contexts/LanguageContext.tsx:191:7)

    console.error
      An update to LanguageProvider inside a test was not wrapped in act(...).
      
      When testing, code that causes React state updates should be wrapped into act(...):
      
      act(() => {
        /* fire events that update state */
      });
      /* assert on the output */
      
      This ensures that you're testing the behavior the user would see in the browser. Learn more at https://react.dev/link/wrap-tests-with-act

      189 |       
      190 |       // Load Tengwar font asynchronously
    > 191 |       setIsFontLoading(true);
          |       ^
      192 |       const fontLoaded = await TengwarFontManager.loadTengwarFont();
      193 |       setTengwarFontLoaded(fontLoaded);
      194 |       setIsFontLoading(false);

      at node_modules/react-dom/cjs/react-dom-client.development.js:16023:19
      at runWithFiberInDEV (node_modules/react-dom/cjs/react-dom-client.development.js:1522:13)
      at warnIfUpdatesNotWrappedWithActDEV (node_modules/react-dom/cjs/react-dom-client.development.js:16022:9)
      at scheduleUpdateOnFiber (node_modules/react-dom/cjs/react-dom-client.development.js:14396:11)
      at dispatchSetStateInternal (node_modules/react-dom/cjs/react-dom-client.development.js:6969:13)
      at setIsFontLoading (node_modules/react-dom/cjs/react-dom-client.development.js:6927:7)
      at initializeLanguageSettings (src/contexts/LanguageContext.tsx:191:7)

    console.error
      An update to LanguageProvider inside a test was not wrapped in act(...).
      
      When testing, code that causes React state updates should be wrapped into act(...):
      
      act(() => {
        /* fire events that update state */
      });
      /* assert on the output */
      
      This ensures that you're testing the behavior the user would see in the browser. Learn more at https://react.dev/link/wrap-tests-with-act

      189 |       
      190 |       // Load Tengwar font asynchronously
    > 191 |       setIsFontLoading(true);
          |       ^
      192 |       const fontLoaded = await TengwarFontManager.loadTengwarFont();
      193 |       setTengwarFontLoaded(fontLoaded);
      194 |       setIsFontLoading(false);

      at node_modules/react-dom/cjs/react-dom-client.development.js:16023:19
      at runWithFiberInDEV (node_modules/react-dom/cjs/react-dom-client.development.js:1522:13)
      at warnIfUpdatesNotWrappedWithActDEV (node_modules/react-dom/cjs/react-dom-client.development.js:16022:9)
      at scheduleUpdateOnFiber (node_modules/react-dom/cjs/react-dom-client.development.js:14396:11)
      at dispatchSetStateInternal (node_modules/react-dom/cjs/react-dom-client.development.js:6969:13)
      at setIsFontLoading (node_modules/react-dom/cjs/react-dom-client.development.js:6927:7)
      at initializeLanguageSettings (src/contexts/LanguageContext.tsx:191:7)

    console.error
      An update to LanguageProvider inside a test was not wrapped in act(...).
      
      When testing, code that causes React state updates should be wrapped into act(...):
      
      act(() => {
        /* fire events that update state */
      });
      /* assert on the output */
      
      This ensures that you're testing the behavior the user would see in the browser. Learn more at https://react.dev/link/wrap-tests-with-act

      189 |       
      190 |       // Load Tengwar font asynchronously
    > 191 |       setIsFontLoading(true);
          |       ^
      192 |       const fontLoaded = await TengwarFontManager.loadTengwarFont();
      193 |       setTengwarFontLoaded(fontLoaded);
      194 |       setIsFontLoading(false);

      at node_modules/react-dom/cjs/react-dom-client.development.js:16023:19
      at runWithFiberInDEV (node_modules/react-dom/cjs/react-dom-client.development.js:1522:13)
      at warnIfUpdatesNotWrappedWithActDEV (node_modules/react-dom/cjs/react-dom-client.development.js:16022:9)
      at scheduleUpdateOnFiber (node_modules/react-dom/cjs/react-dom-client.development.js:14396:11)
      at dispatchSetStateInternal (node_modules/react-dom/cjs/react-dom-client.development.js:6969:13)
      at setIsFontLoading (node_modules/react-dom/cjs/react-dom-client.development.js:6927:7)
      at initializeLanguageSettings (src/contexts/LanguageContext.tsx:191:7)

    console.error
      An update to LanguageProvider inside a test was not wrapped in act(...).
      
      When testing, code that causes React state updates should be wrapped into act(...):
      
      act(() => {
        /* fire events that update state */
      });
      /* assert on the output */
      
      This ensures that you're testing the behavior the user would see in the browser. Learn more at https://react.dev/link/wrap-tests-with-act

      189 |       
      190 |       // Load Tengwar font asynchronously
    > 191 |       setIsFontLoading(true);
          |       ^
      192 |       const fontLoaded = await TengwarFontManager.loadTengwarFont();
      193 |       setTengwarFontLoaded(fontLoaded);
      194 |       setIsFontLoading(false);

      at node_modules/react-dom/cjs/react-dom-client.development.js:16023:19
      at runWithFiberInDEV (node_modules/react-dom/cjs/react-dom-client.development.js:1522:13)
      at warnIfUpdatesNotWrappedWithActDEV (node_modules/react-dom/cjs/react-dom-client.development.js:16022:9)
      at scheduleUpdateOnFiber (node_modules/react-dom/cjs/react-dom-client.development.js:14396:11)
      at dispatchSetStateInternal (node_modules/react-dom/cjs/react-dom-client.development.js:6969:13)
      at setIsFontLoading (node_modules/react-dom/cjs/react-dom-client.development.js:6927:7)
      at initializeLanguageSettings (src/contexts/LanguageContext.tsx:191:7)

    console.error
      An update to LanguageProvider inside a test was not wrapped in act(...).
      
      When testing, code that causes React state updates should be wrapped into act(...):
      
      act(() => {
        /* fire events that update state */
      });
      /* assert on the output */
      
      This ensures that you're testing the behavior the user would see in the browser. Learn more at https://react.dev/link/wrap-tests-with-act

      189 |       
      190 |       // Load Tengwar font asynchronously
    > 191 |       setIsFontLoading(true);
          |       ^
      192 |       const fontLoaded = await TengwarFontManager.loadTengwarFont();
      193 |       setTengwarFontLoaded(fontLoaded);
      194 |       setIsFontLoading(false);

      at node_modules/react-dom/cjs/react-dom-client.development.js:16023:19
      at runWithFiberInDEV (node_modules/react-dom/cjs/react-dom-client.development.js:1522:13)
      at warnIfUpdatesNotWrappedWithActDEV (node_modules/react-dom/cjs/react-dom-client.development.js:16022:9)
      at scheduleUpdateOnFiber (node_modules/react-dom/cjs/react-dom-client.development.js:14396:11)
      at dispatchSetStateInternal (node_modules/react-dom/cjs/react-dom-client.development.js:6969:13)
      at setIsFontLoading (node_modules/react-dom/cjs/react-dom-client.development.js:6927:7)
      at initializeLanguageSettings (src/contexts/LanguageContext.tsx:191:7)

    console.error
      An update to LanguageProvider inside a test was not wrapped in act(...).
      
      When testing, code that causes React state updates should be wrapped into act(...):
      
      act(() => {
        /* fire events that update state */
      });
      /* assert on the output */
      
      This ensures that you're testing the behavior the user would see in the browser. Learn more at https://react.dev/link/wrap-tests-with-act

      189 |       
      190 |       // Load Tengwar font asynchronously
    > 191 |       setIsFontLoading(true);
          |       ^
      192 |       const fontLoaded = await TengwarFontManager.loadTengwarFont();
      193 |       setTengwarFontLoaded(fontLoaded);
      194 |       setIsFontLoading(false);

      at node_modules/react-dom/cjs/react-dom-client.development.js:16023:19
      at runWithFiberInDEV (node_modules/react-dom/cjs/react-dom-client.development.js:1522:13)
      at warnIfUpdatesNotWrappedWithActDEV (node_modules/react-dom/cjs/react-dom-client.development.js:16022:9)
      at scheduleUpdateOnFiber (node_modules/react-dom/cjs/react-dom-client.development.js:14396:11)
      at dispatchSetStateInternal (node_modules/react-dom/cjs/react-dom-client.development.js:6969:13)
      at setIsFontLoading (node_modules/react-dom/cjs/react-dom-client.development.js:6927:7)
      at initializeLanguageSettings (src/contexts/LanguageContext.tsx:191:7)

    console.error
      An update to LanguageProvider inside a test was not wrapped in act(...).
      
      When testing, code that causes React state updates should be wrapped into act(...):
      
      act(() => {
        /* fire events that update state */
      });
      /* assert on the output */
      
      This ensures that you're testing the behavior the user would see in the browser. Learn more at https://react.dev/link/wrap-tests-with-act

      189 |       
      190 |       // Load Tengwar font asynchronously
    > 191 |       setIsFontLoading(true);
          |       ^
      192 |       const fontLoaded = await TengwarFontManager.loadTengwarFont();
      193 |       setTengwarFontLoaded(fontLoaded);
      194 |       setIsFontLoading(false);

      at node_modules/react-dom/cjs/react-dom-client.development.js:16023:19
      at runWithFiberInDEV (node_modules/react-dom/cjs/react-dom-client.development.js:1522:13)
      at warnIfUpdatesNotWrappedWithActDEV (node_modules/react-dom/cjs/react-dom-client.development.js:16022:9)
      at scheduleUpdateOnFiber (node_modules/react-dom/cjs/react-dom-client.development.js:14396:11)
      at dispatchSetStateInternal (node_modules/react-dom/cjs/react-dom-client.development.js:6969:13)
      at setIsFontLoading (node_modules/react-dom/cjs/react-dom-client.development.js:6927:7)
      at initializeLanguageSettings (src/contexts/LanguageContext.tsx:191:7)

PASS src/tests/unit/components/loading/ProgressBar.test.tsx
  ● Console

    console.error
      An update to LanguageProvider inside a test was not wrapped in act(...).
      
      When testing, code that causes React state updates should be wrapped into act(...):
      
      act(() => {
        /* fire events that update state */
      });
      /* assert on the output */
      
      This ensures that you're testing the behavior the user would see in the browser. Learn more at https://react.dev/link/wrap-tests-with-act

      189 |       
      190 |       // Load Tengwar font asynchronously
    > 191 |       setIsFontLoading(true);
          |       ^
      192 |       const fontLoaded = await TengwarFontManager.loadTengwarFont();
      193 |       setTengwarFontLoaded(fontLoaded);
      194 |       setIsFontLoading(false);

      at node_modules/react-dom/cjs/react-dom-client.development.js:16023:19
      at runWithFiberInDEV (node_modules/react-dom/cjs/react-dom-client.development.js:1522:13)
      at warnIfUpdatesNotWrappedWithActDEV (node_modules/react-dom/cjs/react-dom-client.development.js:16022:9)
      at scheduleUpdateOnFiber (node_modules/react-dom/cjs/react-dom-client.development.js:14396:11)
      at dispatchSetStateInternal (node_modules/react-dom/cjs/react-dom-client.development.js:6969:13)
      at setIsFontLoading (node_modules/react-dom/cjs/react-dom-client.development.js:6927:7)
      at initializeLanguageSettings (src/contexts/LanguageContext.tsx:191:7)

    console.error
      An update to LanguageProvider inside a test was not wrapped in act(...).
      
      When testing, code that causes React state updates should be wrapped into act(...):
      
      act(() => {
        /* fire events that update state */
      });
      /* assert on the output */
      
      This ensures that you're testing the behavior the user would see in the browser. Learn more at https://react.dev/link/wrap-tests-with-act

      189 |       
      190 |       // Load Tengwar font asynchronously
    > 191 |       setIsFontLoading(true);
          |       ^
      192 |       const fontLoaded = await TengwarFontManager.loadTengwarFont();
      193 |       setTengwarFontLoaded(fontLoaded);
      194 |       setIsFontLoading(false);

      at node_modules/react-dom/cjs/react-dom-client.development.js:16023:19
      at runWithFiberInDEV (node_modules/react-dom/cjs/react-dom-client.development.js:1522:13)
      at warnIfUpdatesNotWrappedWithActDEV (node_modules/react-dom/cjs/react-dom-client.development.js:16022:9)
      at scheduleUpdateOnFiber (node_modules/react-dom/cjs/react-dom-client.development.js:14396:11)
      at dispatchSetStateInternal (node_modules/react-dom/cjs/react-dom-client.development.js:6969:13)
      at setIsFontLoading (node_modules/react-dom/cjs/react-dom-client.development.js:6927:7)
      at initializeLanguageSettings (src/contexts/LanguageContext.tsx:191:7)

    console.error
      An update to LanguageProvider inside a test was not wrapped in act(...).
      
      When testing, code that causes React state updates should be wrapped into act(...):
      
      act(() => {
        /* fire events that update state */
      });
      /* assert on the output */
      
      This ensures that you're testing the behavior the user would see in the browser. Learn more at https://react.dev/link/wrap-tests-with-act

      189 |       
      190 |       // Load Tengwar font asynchronously
    > 191 |       setIsFontLoading(true);
          |       ^
      192 |       const fontLoaded = await TengwarFontManager.loadTengwarFont();
      193 |       setTengwarFontLoaded(fontLoaded);
      194 |       setIsFontLoading(false);

      at node_modules/react-dom/cjs/react-dom-client.development.js:16023:19
      at runWithFiberInDEV (node_modules/react-dom/cjs/react-dom-client.development.js:1522:13)
      at warnIfUpdatesNotWrappedWithActDEV (node_modules/react-dom/cjs/react-dom-client.development.js:16022:9)
      at scheduleUpdateOnFiber (node_modules/react-dom/cjs/react-dom-client.development.js:14396:11)
      at dispatchSetStateInternal (node_modules/react-dom/cjs/react-dom-client.development.js:6969:13)
      at setIsFontLoading (node_modules/react-dom/cjs/react-dom-client.development.js:6927:7)
      at initializeLanguageSettings (src/contexts/LanguageContext.tsx:191:7)

    console.error
      An update to LanguageProvider inside a test was not wrapped in act(...).
      
      When testing, code that causes React state updates should be wrapped into act(...):
      
      act(() => {
        /* fire events that update state */
      });
      /* assert on the output */
      
      This ensures that you're testing the behavior the user would see in the browser. Learn more at https://react.dev/link/wrap-tests-with-act

      189 |       
      190 |       // Load Tengwar font asynchronously
    > 191 |       setIsFontLoading(true);
          |       ^
      192 |       const fontLoaded = await TengwarFontManager.loadTengwarFont();
      193 |       setTengwarFontLoaded(fontLoaded);
      194 |       setIsFontLoading(false);

      at node_modules/react-dom/cjs/react-dom-client.development.js:16023:19
      at runWithFiberInDEV (node_modules/react-dom/cjs/react-dom-client.development.js:1522:13)
      at warnIfUpdatesNotWrappedWithActDEV (node_modules/react-dom/cjs/react-dom-client.development.js:16022:9)
      at scheduleUpdateOnFiber (node_modules/react-dom/cjs/react-dom-client.development.js:14396:11)
      at dispatchSetStateInternal (node_modules/react-dom/cjs/react-dom-client.development.js:6969:13)
      at setIsFontLoading (node_modules/react-dom/cjs/react-dom-client.development.js:6927:7)
      at initializeLanguageSettings (src/contexts/LanguageContext.tsx:191:7)

    console.error
      An update to LanguageProvider inside a test was not wrapped in act(...).
      
      When testing, code that causes React state updates should be wrapped into act(...):
      
      act(() => {
        /* fire events that update state */
      });
      /* assert on the output */
      
      This ensures that you're testing the behavior the user would see in the browser. Learn more at https://react.dev/link/wrap-tests-with-act

      189 |       
      190 |       // Load Tengwar font asynchronously
    > 191 |       setIsFontLoading(true);
          |       ^
      192 |       const fontLoaded = await TengwarFontManager.loadTengwarFont();
      193 |       setTengwarFontLoaded(fontLoaded);
      194 |       setIsFontLoading(false);

      at node_modules/react-dom/cjs/react-dom-client.development.js:16023:19
      at runWithFiberInDEV (node_modules/react-dom/cjs/react-dom-client.development.js:1522:13)
      at warnIfUpdatesNotWrappedWithActDEV (node_modules/react-dom/cjs/react-dom-client.development.js:16022:9)
      at scheduleUpdateOnFiber (node_modules/react-dom/cjs/react-dom-client.development.js:14396:11)
      at dispatchSetStateInternal (node_modules/react-dom/cjs/react-dom-client.development.js:6969:13)
      at setIsFontLoading (node_modules/react-dom/cjs/react-dom-client.development.js:6927:7)
      at initializeLanguageSettings (src/contexts/LanguageContext.tsx:191:7)

    console.error
      An update to LanguageProvider inside a test was not wrapped in act(...).
      
      When testing, code that causes React state updates should be wrapped into act(...):
      
      act(() => {
        /* fire events that update state */
      });
      /* assert on the output */
      
      This ensures that you're testing the behavior the user would see in the browser. Learn more at https://react.dev/link/wrap-tests-with-act

      189 |       
      190 |       // Load Tengwar font asynchronously
    > 191 |       setIsFontLoading(true);
          |       ^
      192 |       const fontLoaded = await TengwarFontManager.loadTengwarFont();
      193 |       setTengwarFontLoaded(fontLoaded);
      194 |       setIsFontLoading(false);

      at node_modules/react-dom/cjs/react-dom-client.development.js:16023:19
      at runWithFiberInDEV (node_modules/react-dom/cjs/react-dom-client.development.js:1522:13)
      at warnIfUpdatesNotWrappedWithActDEV (node_modules/react-dom/cjs/react-dom-client.development.js:16022:9)
      at scheduleUpdateOnFiber (node_modules/react-dom/cjs/react-dom-client.development.js:14396:11)
      at dispatchSetStateInternal (node_modules/react-dom/cjs/react-dom-client.development.js:6969:13)
      at setIsFontLoading (node_modules/react-dom/cjs/react-dom-client.development.js:6927:7)
      at initializeLanguageSettings (src/contexts/LanguageContext.tsx:191:7)

    console.error
      An update to LanguageProvider inside a test was not wrapped in act(...).
      
      When testing, code that causes React state updates should be wrapped into act(...):
      
      act(() => {
        /* fire events that update state */
      });
      /* assert on the output */
      
      This ensures that you're testing the behavior the user would see in the browser. Learn more at https://react.dev/link/wrap-tests-with-act

      189 |       
      190 |       // Load Tengwar font asynchronously
    > 191 |       setIsFontLoading(true);
          |       ^
      192 |       const fontLoaded = await TengwarFontManager.loadTengwarFont();
      193 |       setTengwarFontLoaded(fontLoaded);
      194 |       setIsFontLoading(false);

      at node_modules/react-dom/cjs/react-dom-client.development.js:16023:19
      at runWithFiberInDEV (node_modules/react-dom/cjs/react-dom-client.development.js:1522:13)
      at warnIfUpdatesNotWrappedWithActDEV (node_modules/react-dom/cjs/react-dom-client.development.js:16022:9)
      at scheduleUpdateOnFiber (node_modules/react-dom/cjs/react-dom-client.development.js:14396:11)
      at dispatchSetStateInternal (node_modules/react-dom/cjs/react-dom-client.development.js:6969:13)
      at setIsFontLoading (node_modules/react-dom/cjs/react-dom-client.development.js:6927:7)
      at initializeLanguageSettings (src/contexts/LanguageContext.tsx:191:7)

    console.error
      An update to LanguageProvider inside a test was not wrapped in act(...).
      
      When testing, code that causes React state updates should be wrapped into act(...):
      
      act(() => {
        /* fire events that update state */
      });
      /* assert on the output */
      
      This ensures that you're testing the behavior the user would see in the browser. Learn more at https://react.dev/link/wrap-tests-with-act

      189 |       
      190 |       // Load Tengwar font asynchronously
    > 191 |       setIsFontLoading(true);
          |       ^
      192 |       const fontLoaded = await TengwarFontManager.loadTengwarFont();
      193 |       setTengwarFontLoaded(fontLoaded);
      194 |       setIsFontLoading(false);

      at node_modules/react-dom/cjs/react-dom-client.development.js:16023:19
      at runWithFiberInDEV (node_modules/react-dom/cjs/react-dom-client.development.js:1522:13)
      at warnIfUpdatesNotWrappedWithActDEV (node_modules/react-dom/cjs/react-dom-client.development.js:16022:9)
      at scheduleUpdateOnFiber (node_modules/react-dom/cjs/react-dom-client.development.js:14396:11)
      at dispatchSetStateInternal (node_modules/react-dom/cjs/react-dom-client.development.js:6969:13)
      at setIsFontLoading (node_modules/react-dom/cjs/react-dom-client.development.js:6927:7)
      at initializeLanguageSettings (src/contexts/LanguageContext.tsx:191:7)

    console.error
      An update to LanguageProvider inside a test was not wrapped in act(...).
      
      When testing, code that causes React state updates should be wrapped into act(...):
      
      act(() => {
        /* fire events that update state */
      });
      /* assert on the output */
      
      This ensures that you're testing the behavior the user would see in the browser. Learn more at https://react.dev/link/wrap-tests-with-act

      189 |       
      190 |       // Load Tengwar font asynchronously
    > 191 |       setIsFontLoading(true);
          |       ^
      192 |       const fontLoaded = await TengwarFontManager.loadTengwarFont();
      193 |       setTengwarFontLoaded(fontLoaded);
      194 |       setIsFontLoading(false);

      at node_modules/react-dom/cjs/react-dom-client.development.js:16023:19
      at runWithFiberInDEV (node_modules/react-dom/cjs/react-dom-client.development.js:1522:13)
      at warnIfUpdatesNotWrappedWithActDEV (node_modules/react-dom/cjs/react-dom-client.development.js:16022:9)
      at scheduleUpdateOnFiber (node_modules/react-dom/cjs/react-dom-client.development.js:14396:11)
      at dispatchSetStateInternal (node_modules/react-dom/cjs/react-dom-client.development.js:6969:13)
      at setIsFontLoading (node_modules/react-dom/cjs/react-dom-client.development.js:6927:7)
      at initializeLanguageSettings (src/contexts/LanguageContext.tsx:191:7)

    console.error
      An update to LanguageProvider inside a test was not wrapped in act(...).
      
      When testing, code that causes React state updates should be wrapped into act(...):
      
      act(() => {
        /* fire events that update state */
      });
      /* assert on the output */
      
      This ensures that you're testing the behavior the user would see in the browser. Learn more at https://react.dev/link/wrap-tests-with-act

      189 |       
      190 |       // Load Tengwar font asynchronously
    > 191 |       setIsFontLoading(true);
          |       ^
      192 |       const fontLoaded = await TengwarFontManager.loadTengwarFont();
      193 |       setTengwarFontLoaded(fontLoaded);
      194 |       setIsFontLoading(false);

      at node_modules/react-dom/cjs/react-dom-client.development.js:16023:19
      at runWithFiberInDEV (node_modules/react-dom/cjs/react-dom-client.development.js:1522:13)
      at warnIfUpdatesNotWrappedWithActDEV (node_modules/react-dom/cjs/react-dom-client.development.js:16022:9)
      at scheduleUpdateOnFiber (node_modules/react-dom/cjs/react-dom-client.development.js:14396:11)
      at dispatchSetStateInternal (node_modules/react-dom/cjs/react-dom-client.development.js:6969:13)
      at setIsFontLoading (node_modules/react-dom/cjs/react-dom-client.development.js:6927:7)
      at initializeLanguageSettings (src/contexts/LanguageContext.tsx:191:7)

    console.error
      An update to LanguageProvider inside a test was not wrapped in act(...).
      
      When testing, code that causes React state updates should be wrapped into act(...):
      
      act(() => {
        /* fire events that update state */
      });
      /* assert on the output */
      
      This ensures that you're testing the behavior the user would see in the browser. Learn more at https://react.dev/link/wrap-tests-with-act

      189 |       
      190 |       // Load Tengwar font asynchronously
    > 191 |       setIsFontLoading(true);
          |       ^
      192 |       const fontLoaded = await TengwarFontManager.loadTengwarFont();
      193 |       setTengwarFontLoaded(fontLoaded);
      194 |       setIsFontLoading(false);

      at node_modules/react-dom/cjs/react-dom-client.development.js:16023:19
      at runWithFiberInDEV (node_modules/react-dom/cjs/react-dom-client.development.js:1522:13)
      at warnIfUpdatesNotWrappedWithActDEV (node_modules/react-dom/cjs/react-dom-client.development.js:16022:9)
      at scheduleUpdateOnFiber (node_modules/react-dom/cjs/react-dom-client.development.js:14396:11)
      at dispatchSetStateInternal (node_modules/react-dom/cjs/react-dom-client.development.js:6969:13)
      at setIsFontLoading (node_modules/react-dom/cjs/react-dom-client.development.js:6927:7)
      at initializeLanguageSettings (src/contexts/LanguageContext.tsx:191:7)

    console.error
      An update to LanguageProvider inside a test was not wrapped in act(...).
      
      When testing, code that causes React state updates should be wrapped into act(...):
      
      act(() => {
        /* fire events that update state */
      });
      /* assert on the output */
      
      This ensures that you're testing the behavior the user would see in the browser. Learn more at https://react.dev/link/wrap-tests-with-act

      189 |       
      190 |       // Load Tengwar font asynchronously
    > 191 |       setIsFontLoading(true);
          |       ^
      192 |       const fontLoaded = await TengwarFontManager.loadTengwarFont();
      193 |       setTengwarFontLoaded(fontLoaded);
      194 |       setIsFontLoading(false);

      at node_modules/react-dom/cjs/react-dom-client.development.js:16023:19
      at runWithFiberInDEV (node_modules/react-dom/cjs/react-dom-client.development.js:1522:13)
      at warnIfUpdatesNotWrappedWithActDEV (node_modules/react-dom/cjs/react-dom-client.development.js:16022:9)
      at scheduleUpdateOnFiber (node_modules/react-dom/cjs/react-dom-client.development.js:14396:11)
      at dispatchSetStateInternal (node_modules/react-dom/cjs/react-dom-client.development.js:6969:13)
      at setIsFontLoading (node_modules/react-dom/cjs/react-dom-client.development.js:6927:7)
      at initializeLanguageSettings (src/contexts/LanguageContext.tsx:191:7)

    console.error
      An update to LanguageProvider inside a test was not wrapped in act(...).
      
      When testing, code that causes React state updates should be wrapped into act(...):
      
      act(() => {
        /* fire events that update state */
      });
      /* assert on the output */
      
      This ensures that you're testing the behavior the user would see in the browser. Learn more at https://react.dev/link/wrap-tests-with-act

      189 |       
      190 |       // Load Tengwar font asynchronously
    > 191 |       setIsFontLoading(true);
          |       ^
      192 |       const fontLoaded = await TengwarFontManager.loadTengwarFont();
      193 |       setTengwarFontLoaded(fontLoaded);
      194 |       setIsFontLoading(false);

      at node_modules/react-dom/cjs/react-dom-client.development.js:16023:19
      at runWithFiberInDEV (node_modules/react-dom/cjs/react-dom-client.development.js:1522:13)
      at warnIfUpdatesNotWrappedWithActDEV (node_modules/react-dom/cjs/react-dom-client.development.js:16022:9)
      at scheduleUpdateOnFiber (node_modules/react-dom/cjs/react-dom-client.development.js:14396:11)
      at dispatchSetStateInternal (node_modules/react-dom/cjs/react-dom-client.development.js:6969:13)
      at setIsFontLoading (node_modules/react-dom/cjs/react-dom-client.development.js:6927:7)
      at initializeLanguageSettings (src/contexts/LanguageContext.tsx:191:7)

    console.error
      An update to LanguageProvider inside a test was not wrapped in act(...).
      
      When testing, code that causes React state updates should be wrapped into act(...):
      
      act(() => {
        /* fire events that update state */
      });
      /* assert on the output */
      
      This ensures that you're testing the behavior the user would see in the browser. Learn more at https://react.dev/link/wrap-tests-with-act

      189 |       
      190 |       // Load Tengwar font asynchronously
    > 191 |       setIsFontLoading(true);
          |       ^
      192 |       const fontLoaded = await TengwarFontManager.loadTengwarFont();
      193 |       setTengwarFontLoaded(fontLoaded);
      194 |       setIsFontLoading(false);

      at node_modules/react-dom/cjs/react-dom-client.development.js:16023:19
      at runWithFiberInDEV (node_modules/react-dom/cjs/react-dom-client.development.js:1522:13)
      at warnIfUpdatesNotWrappedWithActDEV (node_modules/react-dom/cjs/react-dom-client.development.js:16022:9)
      at scheduleUpdateOnFiber (node_modules/react-dom/cjs/react-dom-client.development.js:14396:11)
      at dispatchSetStateInternal (node_modules/react-dom/cjs/react-dom-client.development.js:6969:13)
      at setIsFontLoading (node_modules/react-dom/cjs/react-dom-client.development.js:6927:7)
      at initializeLanguageSettings (src/contexts/LanguageContext.tsx:191:7)

PASS src/tests/unit/components/ResponsiveTable.test.tsx
  ● Console

    console.error
      An update to LanguageProvider inside a test was not wrapped in act(...).
      
      When testing, code that causes React state updates should be wrapped into act(...):
      
      act(() => {
        /* fire events that update state */
      });
      /* assert on the output */
      
      This ensures that you're testing the behavior the user would see in the browser. Learn more at https://react.dev/link/wrap-tests-with-act

      189 |       
      190 |       // Load Tengwar font asynchronously
    > 191 |       setIsFontLoading(true);
          |       ^
      192 |       const fontLoaded = await TengwarFontManager.loadTengwarFont();
      193 |       setTengwarFontLoaded(fontLoaded);
      194 |       setIsFontLoading(false);

      at node_modules/react-dom/cjs/react-dom-client.development.js:16023:19
      at runWithFiberInDEV (node_modules/react-dom/cjs/react-dom-client.development.js:1522:13)
      at warnIfUpdatesNotWrappedWithActDEV (node_modules/react-dom/cjs/react-dom-client.development.js:16022:9)
      at scheduleUpdateOnFiber (node_modules/react-dom/cjs/react-dom-client.development.js:14396:11)
      at dispatchSetStateInternal (node_modules/react-dom/cjs/react-dom-client.development.js:6969:13)
      at setIsFontLoading (node_modules/react-dom/cjs/react-dom-client.development.js:6927:7)
      at initializeLanguageSettings (src/contexts/LanguageContext.tsx:191:7)

    console.error
      An update to LanguageProvider inside a test was not wrapped in act(...).
      
      When testing, code that causes React state updates should be wrapped into act(...):
      
      act(() => {
        /* fire events that update state */
      });
      /* assert on the output */
      
      This ensures that you're testing the behavior the user would see in the browser. Learn more at https://react.dev/link/wrap-tests-with-act

      189 |       
      190 |       // Load Tengwar font asynchronously
    > 191 |       setIsFontLoading(true);
          |       ^
      192 |       const fontLoaded = await TengwarFontManager.loadTengwarFont();
      193 |       setTengwarFontLoaded(fontLoaded);
      194 |       setIsFontLoading(false);

      at node_modules/react-dom/cjs/react-dom-client.development.js:16023:19
      at runWithFiberInDEV (node_modules/react-dom/cjs/react-dom-client.development.js:1522:13)
      at warnIfUpdatesNotWrappedWithActDEV (node_modules/react-dom/cjs/react-dom-client.development.js:16022:9)
      at scheduleUpdateOnFiber (node_modules/react-dom/cjs/react-dom-client.development.js:14396:11)
      at dispatchSetStateInternal (node_modules/react-dom/cjs/react-dom-client.development.js:6969:13)
      at setIsFontLoading (node_modules/react-dom/cjs/react-dom-client.development.js:6927:7)
      at initializeLanguageSettings (src/contexts/LanguageContext.tsx:191:7)

    console.error
      An update to LanguageProvider inside a test was not wrapped in act(...).
      
      When testing, code that causes React state updates should be wrapped into act(...):
      
      act(() => {
        /* fire events that update state */
      });
      /* assert on the output */
      
      This ensures that you're testing the behavior the user would see in the browser. Learn more at https://react.dev/link/wrap-tests-with-act

      189 |       
      190 |       // Load Tengwar font asynchronously
    > 191 |       setIsFontLoading(true);
          |       ^
      192 |       const fontLoaded = await TengwarFontManager.loadTengwarFont();
      193 |       setTengwarFontLoaded(fontLoaded);
      194 |       setIsFontLoading(false);

      at node_modules/react-dom/cjs/react-dom-client.development.js:16023:19
      at runWithFiberInDEV (node_modules/react-dom/cjs/react-dom-client.development.js:1522:13)
      at warnIfUpdatesNotWrappedWithActDEV (node_modules/react-dom/cjs/react-dom-client.development.js:16022:9)
      at scheduleUpdateOnFiber (node_modules/react-dom/cjs/react-dom-client.development.js:14396:11)
      at dispatchSetStateInternal (node_modules/react-dom/cjs/react-dom-client.development.js:6969:13)
      at setIsFontLoading (node_modules/react-dom/cjs/react-dom-client.development.js:6927:7)
      at initializeLanguageSettings (src/contexts/LanguageContext.tsx:191:7)

    console.error
      An update to LanguageProvider inside a test was not wrapped in act(...).
      
      When testing, code that causes React state updates should be wrapped into act(...):
      
      act(() => {
        /* fire events that update state */
      });
      /* assert on the output */
      
      This ensures that you're testing the behavior the user would see in the browser. Learn more at https://react.dev/link/wrap-tests-with-act

      189 |       
      190 |       // Load Tengwar font asynchronously
    > 191 |       setIsFontLoading(true);
          |       ^
      192 |       const fontLoaded = await TengwarFontManager.loadTengwarFont();
      193 |       setTengwarFontLoaded(fontLoaded);
      194 |       setIsFontLoading(false);

      at node_modules/react-dom/cjs/react-dom-client.development.js:16023:19
      at runWithFiberInDEV (node_modules/react-dom/cjs/react-dom-client.development.js:1522:13)
      at warnIfUpdatesNotWrappedWithActDEV (node_modules/react-dom/cjs/react-dom-client.development.js:16022:9)
      at scheduleUpdateOnFiber (node_modules/react-dom/cjs/react-dom-client.development.js:14396:11)
      at dispatchSetStateInternal (node_modules/react-dom/cjs/react-dom-client.development.js:6969:13)
      at setIsFontLoading (node_modules/react-dom/cjs/react-dom-client.development.js:6927:7)
      at initializeLanguageSettings (src/contexts/LanguageContext.tsx:191:7)

    console.error
      An update to LanguageProvider inside a test was not wrapped in act(...).
      
      When testing, code that causes React state updates should be wrapped into act(...):
      
      act(() => {
        /* fire events that update state */
      });
      /* assert on the output */
      
      This ensures that you're testing the behavior the user would see in the browser. Learn more at https://react.dev/link/wrap-tests-with-act

      189 |       
      190 |       // Load Tengwar font asynchronously
    > 191 |       setIsFontLoading(true);
          |       ^
      192 |       const fontLoaded = await TengwarFontManager.loadTengwarFont();
      193 |       setTengwarFontLoaded(fontLoaded);
      194 |       setIsFontLoading(false);

      at node_modules/react-dom/cjs/react-dom-client.development.js:16023:19
      at runWithFiberInDEV (node_modules/react-dom/cjs/react-dom-client.development.js:1522:13)
      at warnIfUpdatesNotWrappedWithActDEV (node_modules/react-dom/cjs/react-dom-client.development.js:16022:9)
      at scheduleUpdateOnFiber (node_modules/react-dom/cjs/react-dom-client.development.js:14396:11)
      at dispatchSetStateInternal (node_modules/react-dom/cjs/react-dom-client.development.js:6969:13)
      at setIsFontLoading (node_modules/react-dom/cjs/react-dom-client.development.js:6927:7)
      at initializeLanguageSettings (src/contexts/LanguageContext.tsx:191:7)

    console.error
      An update to LanguageProvider inside a test was not wrapped in act(...).
      
      When testing, code that causes React state updates should be wrapped into act(...):
      
      act(() => {
        /* fire events that update state */
      });
      /* assert on the output */
      
      This ensures that you're testing the behavior the user would see in the browser. Learn more at https://react.dev/link/wrap-tests-with-act

      189 |       
      190 |       // Load Tengwar font asynchronously
    > 191 |       setIsFontLoading(true);
          |       ^
      192 |       const fontLoaded = await TengwarFontManager.loadTengwarFont();
      193 |       setTengwarFontLoaded(fontLoaded);
      194 |       setIsFontLoading(false);

      at node_modules/react-dom/cjs/react-dom-client.development.js:16023:19
      at runWithFiberInDEV (node_modules/react-dom/cjs/react-dom-client.development.js:1522:13)
      at warnIfUpdatesNotWrappedWithActDEV (node_modules/react-dom/cjs/react-dom-client.development.js:16022:9)
      at scheduleUpdateOnFiber (node_modules/react-dom/cjs/react-dom-client.development.js:14396:11)
      at dispatchSetStateInternal (node_modules/react-dom/cjs/react-dom-client.development.js:6969:13)
      at setIsFontLoading (node_modules/react-dom/cjs/react-dom-client.development.js:6927:7)
      at initializeLanguageSettings (src/contexts/LanguageContext.tsx:191:7)

    console.error
      An update to LanguageProvider inside a test was not wrapped in act(...).
      
      When testing, code that causes React state updates should be wrapped into act(...):
      
      act(() => {
        /* fire events that update state */
      });
      /* assert on the output */
      
      This ensures that you're testing the behavior the user would see in the browser. Learn more at https://react.dev/link/wrap-tests-with-act

      189 |       
      190 |       // Load Tengwar font asynchronously
    > 191 |       setIsFontLoading(true);
          |       ^
      192 |       const fontLoaded = await TengwarFontManager.loadTengwarFont();
      193 |       setTengwarFontLoaded(fontLoaded);
      194 |       setIsFontLoading(false);

      at node_modules/react-dom/cjs/react-dom-client.development.js:16023:19
      at runWithFiberInDEV (node_modules/react-dom/cjs/react-dom-client.development.js:1522:13)
      at warnIfUpdatesNotWrappedWithActDEV (node_modules/react-dom/cjs/react-dom-client.development.js:16022:9)
      at scheduleUpdateOnFiber (node_modules/react-dom/cjs/react-dom-client.development.js:14396:11)
      at dispatchSetStateInternal (node_modules/react-dom/cjs/react-dom-client.development.js:6969:13)
      at setIsFontLoading (node_modules/react-dom/cjs/react-dom-client.development.js:6927:7)
      at initializeLanguageSettings (src/contexts/LanguageContext.tsx:191:7)

    console.error
      An update to LanguageProvider inside a test was not wrapped in act(...).
      
      When testing, code that causes React state updates should be wrapped into act(...):
      
      act(() => {
        /* fire events that update state */
      });
      /* assert on the output */
      
      This ensures that you're testing the behavior the user would see in the browser. Learn more at https://react.dev/link/wrap-tests-with-act

      189 |       
      190 |       // Load Tengwar font asynchronously
    > 191 |       setIsFontLoading(true);
          |       ^
      192 |       const fontLoaded = await TengwarFontManager.loadTengwarFont();
      193 |       setTengwarFontLoaded(fontLoaded);
      194 |       setIsFontLoading(false);

      at node_modules/react-dom/cjs/react-dom-client.development.js:16023:19
      at runWithFiberInDEV (node_modules/react-dom/cjs/react-dom-client.development.js:1522:13)
      at warnIfUpdatesNotWrappedWithActDEV (node_modules/react-dom/cjs/react-dom-client.development.js:16022:9)
      at scheduleUpdateOnFiber (node_modules/react-dom/cjs/react-dom-client.development.js:14396:11)
      at dispatchSetStateInternal (node_modules/react-dom/cjs/react-dom-client.development.js:6969:13)
      at setIsFontLoading (node_modules/react-dom/cjs/react-dom-client.development.js:6927:7)
      at initializeLanguageSettings (src/contexts/LanguageContext.tsx:191:7)

    console.error
      An update to LanguageProvider inside a test was not wrapped in act(...).
      
      When testing, code that causes React state updates should be wrapped into act(...):
      
      act(() => {
        /* fire events that update state */
      });
      /* assert on the output */
      
      This ensures that you're testing the behavior the user would see in the browser. Learn more at https://react.dev/link/wrap-tests-with-act

      189 |       
      190 |       // Load Tengwar font asynchronously
    > 191 |       setIsFontLoading(true);
          |       ^
      192 |       const fontLoaded = await TengwarFontManager.loadTengwarFont();
      193 |       setTengwarFontLoaded(fontLoaded);
      194 |       setIsFontLoading(false);

      at node_modules/react-dom/cjs/react-dom-client.development.js:16023:19
      at runWithFiberInDEV (node_modules/react-dom/cjs/react-dom-client.development.js:1522:13)
      at warnIfUpdatesNotWrappedWithActDEV (node_modules/react-dom/cjs/react-dom-client.development.js:16022:9)
      at scheduleUpdateOnFiber (node_modules/react-dom/cjs/react-dom-client.development.js:14396:11)
      at dispatchSetStateInternal (node_modules/react-dom/cjs/react-dom-client.development.js:6969:13)
      at setIsFontLoading (node_modules/react-dom/cjs/react-dom-client.development.js:6927:7)
      at initializeLanguageSettings (src/contexts/LanguageContext.tsx:191:7)

    console.error
      An update to LanguageProvider inside a test was not wrapped in act(...).
      
      When testing, code that causes React state updates should be wrapped into act(...):
      
      act(() => {
        /* fire events that update state */
      });
      /* assert on the output */
      
      This ensures that you're testing the behavior the user would see in the browser. Learn more at https://react.dev/link/wrap-tests-with-act

      189 |       
      190 |       // Load Tengwar font asynchronously
    > 191 |       setIsFontLoading(true);
          |       ^
      192 |       const fontLoaded = await TengwarFontManager.loadTengwarFont();
      193 |       setTengwarFontLoaded(fontLoaded);
      194 |       setIsFontLoading(false);

      at node_modules/react-dom/cjs/react-dom-client.development.js:16023:19
      at runWithFiberInDEV (node_modules/react-dom/cjs/react-dom-client.development.js:1522:13)
      at warnIfUpdatesNotWrappedWithActDEV (node_modules/react-dom/cjs/react-dom-client.development.js:16022:9)
      at scheduleUpdateOnFiber (node_modules/react-dom/cjs/react-dom-client.development.js:14396:11)
      at dispatchSetStateInternal (node_modules/react-dom/cjs/react-dom-client.development.js:6969:13)
      at setIsFontLoading (node_modules/react-dom/cjs/react-dom-client.development.js:6927:7)
      at initializeLanguageSettings (src/contexts/LanguageContext.tsx:191:7)

    console.error
      An update to LanguageProvider inside a test was not wrapped in act(...).
      
      When testing, code that causes React state updates should be wrapped into act(...):
      
      act(() => {
        /* fire events that update state */
      });
      /* assert on the output */
      
      This ensures that you're testing the behavior the user would see in the browser. Learn more at https://react.dev/link/wrap-tests-with-act

      189 |       
      190 |       // Load Tengwar font asynchronously
    > 191 |       setIsFontLoading(true);
          |       ^
      192 |       const fontLoaded = await TengwarFontManager.loadTengwarFont();
      193 |       setTengwarFontLoaded(fontLoaded);
      194 |       setIsFontLoading(false);

      at node_modules/react-dom/cjs/react-dom-client.development.js:16023:19
      at runWithFiberInDEV (node_modules/react-dom/cjs/react-dom-client.development.js:1522:13)
      at warnIfUpdatesNotWrappedWithActDEV (node_modules/react-dom/cjs/react-dom-client.development.js:16022:9)
      at scheduleUpdateOnFiber (node_modules/react-dom/cjs/react-dom-client.development.js:14396:11)
      at dispatchSetStateInternal (node_modules/react-dom/cjs/react-dom-client.development.js:6969:13)
      at setIsFontLoading (node_modules/react-dom/cjs/react-dom-client.development.js:6927:7)
      at initializeLanguageSettings (src/contexts/LanguageContext.tsx:191:7)

    console.error
      An update to LanguageProvider inside a test was not wrapped in act(...).
      
      When testing, code that causes React state updates should be wrapped into act(...):
      
      act(() => {
        /* fire events that update state */
      });
      /* assert on the output */
      
      This ensures that you're testing the behavior the user would see in the browser. Learn more at https://react.dev/link/wrap-tests-with-act

      189 |       
      190 |       // Load Tengwar font asynchronously
    > 191 |       setIsFontLoading(true);
          |       ^
      192 |       const fontLoaded = await TengwarFontManager.loadTengwarFont();
      193 |       setTengwarFontLoaded(fontLoaded);
      194 |       setIsFontLoading(false);

      at node_modules/react-dom/cjs/react-dom-client.development.js:16023:19
      at runWithFiberInDEV (node_modules/react-dom/cjs/react-dom-client.development.js:1522:13)
      at warnIfUpdatesNotWrappedWithActDEV (node_modules/react-dom/cjs/react-dom-client.development.js:16022:9)
      at scheduleUpdateOnFiber (node_modules/react-dom/cjs/react-dom-client.development.js:14396:11)
      at dispatchSetStateInternal (node_modules/react-dom/cjs/react-dom-client.development.js:6969:13)
      at setIsFontLoading (node_modules/react-dom/cjs/react-dom-client.development.js:6927:7)
      at initializeLanguageSettings (src/contexts/LanguageContext.tsx:191:7)

    console.error
      An update to LanguageProvider inside a test was not wrapped in act(...).
      
      When testing, code that causes React state updates should be wrapped into act(...):
      
      act(() => {
        /* fire events that update state */
      });
      /* assert on the output */
      
      This ensures that you're testing the behavior the user would see in the browser. Learn more at https://react.dev/link/wrap-tests-with-act

      189 |       
      190 |       // Load Tengwar font asynchronously
    > 191 |       setIsFontLoading(true);
          |       ^
      192 |       const fontLoaded = await TengwarFontManager.loadTengwarFont();
      193 |       setTengwarFontLoaded(fontLoaded);
      194 |       setIsFontLoading(false);

      at node_modules/react-dom/cjs/react-dom-client.development.js:16023:19
      at runWithFiberInDEV (node_modules/react-dom/cjs/react-dom-client.development.js:1522:13)
      at warnIfUpdatesNotWrappedWithActDEV (node_modules/react-dom/cjs/react-dom-client.development.js:16022:9)
      at scheduleUpdateOnFiber (node_modules/react-dom/cjs/react-dom-client.development.js:14396:11)
      at dispatchSetStateInternal (node_modules/react-dom/cjs/react-dom-client.development.js:6969:13)
      at setIsFontLoading (node_modules/react-dom/cjs/react-dom-client.development.js:6927:7)
      at initializeLanguageSettings (src/contexts/LanguageContext.tsx:191:7)

    console.error
      An update to LanguageProvider inside a test was not wrapped in act(...).
      
      When testing, code that causes React state updates should be wrapped into act(...):
      
      act(() => {
        /* fire events that update state */
      });
      /* assert on the output */
      
      This ensures that you're testing the behavior the user would see in the browser. Learn more at https://react.dev/link/wrap-tests-with-act

      189 |       
      190 |       // Load Tengwar font asynchronously
    > 191 |       setIsFontLoading(true);
          |       ^
      192 |       const fontLoaded = await TengwarFontManager.loadTengwarFont();
      193 |       setTengwarFontLoaded(fontLoaded);
      194 |       setIsFontLoading(false);

      at node_modules/react-dom/cjs/react-dom-client.development.js:16023:19
      at runWithFiberInDEV (node_modules/react-dom/cjs/react-dom-client.development.js:1522:13)
      at warnIfUpdatesNotWrappedWithActDEV (node_modules/react-dom/cjs/react-dom-client.development.js:16022:9)
      at scheduleUpdateOnFiber (node_modules/react-dom/cjs/react-dom-client.development.js:14396:11)
      at dispatchSetStateInternal (node_modules/react-dom/cjs/react-dom-client.development.js:6969:13)
      at setIsFontLoading (node_modules/react-dom/cjs/react-dom-client.development.js:6927:7)
      at initializeLanguageSettings (src/contexts/LanguageContext.tsx:191:7)

    console.error
      An update to LanguageProvider inside a test was not wrapped in act(...).
      
      When testing, code that causes React state updates should be wrapped into act(...):
      
      act(() => {
        /* fire events that update state */
      });
      /* assert on the output */
      
      This ensures that you're testing the behavior the user would see in the browser. Learn more at https://react.dev/link/wrap-tests-with-act

      189 |       
      190 |       // Load Tengwar font asynchronously
    > 191 |       setIsFontLoading(true);
          |       ^
      192 |       const fontLoaded = await TengwarFontManager.loadTengwarFont();
      193 |       setTengwarFontLoaded(fontLoaded);
      194 |       setIsFontLoading(false);

      at node_modules/react-dom/cjs/react-dom-client.development.js:16023:19
      at runWithFiberInDEV (node_modules/react-dom/cjs/react-dom-client.development.js:1522:13)
      at warnIfUpdatesNotWrappedWithActDEV (node_modules/react-dom/cjs/react-dom-client.development.js:16022:9)
      at scheduleUpdateOnFiber (node_modules/react-dom/cjs/react-dom-client.development.js:14396:11)
      at dispatchSetStateInternal (node_modules/react-dom/cjs/react-dom-client.development.js:6969:13)
      at setIsFontLoading (node_modules/react-dom/cjs/react-dom-client.development.js:6927:7)
      at initializeLanguageSettings (src/contexts/LanguageContext.tsx:191:7)

    console.error
      An update to LanguageProvider inside a test was not wrapped in act(...).
      
      When testing, code that causes React state updates should be wrapped into act(...):
      
      act(() => {
        /* fire events that update state */
      });
      /* assert on the output */
      
      This ensures that you're testing the behavior the user would see in the browser. Learn more at https://react.dev/link/wrap-tests-with-act

      189 |       
      190 |       // Load Tengwar font asynchronously
    > 191 |       setIsFontLoading(true);
          |       ^
      192 |       const fontLoaded = await TengwarFontManager.loadTengwarFont();
      193 |       setTengwarFontLoaded(fontLoaded);
      194 |       setIsFontLoading(false);

      at node_modules/react-dom/cjs/react-dom-client.development.js:16023:19
      at runWithFiberInDEV (node_modules/react-dom/cjs/react-dom-client.development.js:1522:13)
      at warnIfUpdatesNotWrappedWithActDEV (node_modules/react-dom/cjs/react-dom-client.development.js:16022:9)
      at scheduleUpdateOnFiber (node_modules/react-dom/cjs/react-dom-client.development.js:14396:11)
      at dispatchSetStateInternal (node_modules/react-dom/cjs/react-dom-client.development.js:6969:13)
      at setIsFontLoading (node_modules/react-dom/cjs/react-dom-client.development.js:6927:7)
      at initializeLanguageSettings (src/contexts/LanguageContext.tsx:191:7)

    console.error
      An update to LanguageProvider inside a test was not wrapped in act(...).
      
      When testing, code that causes React state updates should be wrapped into act(...):
      
      act(() => {
        /* fire events that update state */
      });
      /* assert on the output */
      
      This ensures that you're testing the behavior the user would see in the browser. Learn more at https://react.dev/link/wrap-tests-with-act

      189 |       
      190 |       // Load Tengwar font asynchronously
    > 191 |       setIsFontLoading(true);
          |       ^
      192 |       const fontLoaded = await TengwarFontManager.loadTengwarFont();
      193 |       setTengwarFontLoaded(fontLoaded);
      194 |       setIsFontLoading(false);

      at node_modules/react-dom/cjs/react-dom-client.development.js:16023:19
      at runWithFiberInDEV (node_modules/react-dom/cjs/react-dom-client.development.js:1522:13)
      at warnIfUpdatesNotWrappedWithActDEV (node_modules/react-dom/cjs/react-dom-client.development.js:16022:9)
      at scheduleUpdateOnFiber (node_modules/react-dom/cjs/react-dom-client.development.js:14396:11)
      at dispatchSetStateInternal (node_modules/react-dom/cjs/react-dom-client.development.js:6969:13)
      at setIsFontLoading (node_modules/react-dom/cjs/react-dom-client.development.js:6927:7)
      at initializeLanguageSettings (src/contexts/LanguageContext.tsx:191:7)

    console.error
      An update to LanguageProvider inside a test was not wrapped in act(...).
      
      When testing, code that causes React state updates should be wrapped into act(...):
      
      act(() => {
        /* fire events that update state */
      });
      /* assert on the output */
      
      This ensures that you're testing the behavior the user would see in the browser. Learn more at https://react.dev/link/wrap-tests-with-act

      189 |       
      190 |       // Load Tengwar font asynchronously
    > 191 |       setIsFontLoading(true);
          |       ^
      192 |       const fontLoaded = await TengwarFontManager.loadTengwarFont();
      193 |       setTengwarFontLoaded(fontLoaded);
      194 |       setIsFontLoading(false);

      at node_modules/react-dom/cjs/react-dom-client.development.js:16023:19
      at runWithFiberInDEV (node_modules/react-dom/cjs/react-dom-client.development.js:1522:13)
      at warnIfUpdatesNotWrappedWithActDEV (node_modules/react-dom/cjs/react-dom-client.development.js:16022:9)
      at scheduleUpdateOnFiber (node_modules/react-dom/cjs/react-dom-client.development.js:14396:11)
      at dispatchSetStateInternal (node_modules/react-dom/cjs/react-dom-client.development.js:6969:13)
      at setIsFontLoading (node_modules/react-dom/cjs/react-dom-client.development.js:6927:7)
      at initializeLanguageSettings (src/contexts/LanguageContext.tsx:191:7)

    console.error
      An update to LanguageProvider inside a test was not wrapped in act(...).
      
      When testing, code that causes React state updates should be wrapped into act(...):
      
      act(() => {
        /* fire events that update state */
      });
      /* assert on the output */
      
      This ensures that you're testing the behavior the user would see in the browser. Learn more at https://react.dev/link/wrap-tests-with-act

      189 |       
      190 |       // Load Tengwar font asynchronously
    > 191 |       setIsFontLoading(true);
          |       ^
      192 |       const fontLoaded = await TengwarFontManager.loadTengwarFont();
      193 |       setTengwarFontLoaded(fontLoaded);
      194 |       setIsFontLoading(false);

      at node_modules/react-dom/cjs/react-dom-client.development.js:16023:19
      at runWithFiberInDEV (node_modules/react-dom/cjs/react-dom-client.development.js:1522:13)
      at warnIfUpdatesNotWrappedWithActDEV (node_modules/react-dom/cjs/react-dom-client.development.js:16022:9)
      at scheduleUpdateOnFiber (node_modules/react-dom/cjs/react-dom-client.development.js:14396:11)
      at dispatchSetStateInternal (node_modules/react-dom/cjs/react-dom-client.development.js:6969:13)
      at setIsFontLoading (node_modules/react-dom/cjs/react-dom-client.development.js:6927:7)
      at initializeLanguageSettings (src/contexts/LanguageContext.tsx:191:7)

    console.error
      An update to LanguageProvider inside a test was not wrapped in act(...).
      
      When testing, code that causes React state updates should be wrapped into act(...):
      
      act(() => {
        /* fire events that update state */
      });
      /* assert on the output */
      
      This ensures that you're testing the behavior the user would see in the browser. Learn more at https://react.dev/link/wrap-tests-with-act

      189 |       
      190 |       // Load Tengwar font asynchronously
    > 191 |       setIsFontLoading(true);
          |       ^
      192 |       const fontLoaded = await TengwarFontManager.loadTengwarFont();
      193 |       setTengwarFontLoaded(fontLoaded);
      194 |       setIsFontLoading(false);

      at node_modules/react-dom/cjs/react-dom-client.development.js:16023:19
      at runWithFiberInDEV (node_modules/react-dom/cjs/react-dom-client.development.js:1522:13)
      at warnIfUpdatesNotWrappedWithActDEV (node_modules/react-dom/cjs/react-dom-client.development.js:16022:9)
      at scheduleUpdateOnFiber (node_modules/react-dom/cjs/react-dom-client.development.js:14396:11)
      at dispatchSetStateInternal (node_modules/react-dom/cjs/react-dom-client.development.js:6969:13)
      at setIsFontLoading (node_modules/react-dom/cjs/react-dom-client.development.js:6927:7)
      at initializeLanguageSettings (src/contexts/LanguageContext.tsx:191:7)

    console.error
      An update to LanguageProvider inside a test was not wrapped in act(...).
      
      When testing, code that causes React state updates should be wrapped into act(...):
      
      act(() => {
        /* fire events that update state */
      });
      /* assert on the output */
      
      This ensures that you're testing the behavior the user would see in the browser. Learn more at https://react.dev/link/wrap-tests-with-act

      189 |       
      190 |       // Load Tengwar font asynchronously
    > 191 |       setIsFontLoading(true);
          |       ^
      192 |       const fontLoaded = await TengwarFontManager.loadTengwarFont();
      193 |       setTengwarFontLoaded(fontLoaded);
      194 |       setIsFontLoading(false);

      at node_modules/react-dom/cjs/react-dom-client.development.js:16023:19
      at runWithFiberInDEV (node_modules/react-dom/cjs/react-dom-client.development.js:1522:13)
      at warnIfUpdatesNotWrappedWithActDEV (node_modules/react-dom/cjs/react-dom-client.development.js:16022:9)
      at scheduleUpdateOnFiber (node_modules/react-dom/cjs/react-dom-client.development.js:14396:11)
      at dispatchSetStateInternal (node_modules/react-dom/cjs/react-dom-client.development.js:6969:13)
      at setIsFontLoading (node_modules/react-dom/cjs/react-dom-client.development.js:6927:7)
      at initializeLanguageSettings (src/contexts/LanguageContext.tsx:191:7)

    console.error
      An update to LanguageProvider inside a test was not wrapped in act(...).
      
      When testing, code that causes React state updates should be wrapped into act(...):
      
      act(() => {
        /* fire events that update state */
      });
      /* assert on the output */
      
      This ensures that you're testing the behavior the user would see in the browser. Learn more at https://react.dev/link/wrap-tests-with-act

      189 |       
      190 |       // Load Tengwar font asynchronously
    > 191 |       setIsFontLoading(true);
          |       ^
      192 |       const fontLoaded = await TengwarFontManager.loadTengwarFont();
      193 |       setTengwarFontLoaded(fontLoaded);
      194 |       setIsFontLoading(false);

      at node_modules/react-dom/cjs/react-dom-client.development.js:16023:19
      at runWithFiberInDEV (node_modules/react-dom/cjs/react-dom-client.development.js:1522:13)
      at warnIfUpdatesNotWrappedWithActDEV (node_modules/react-dom/cjs/react-dom-client.development.js:16022:9)
      at scheduleUpdateOnFiber (node_modules/react-dom/cjs/react-dom-client.development.js:14396:11)
      at dispatchSetStateInternal (node_modules/react-dom/cjs/react-dom-client.development.js:6969:13)
      at setIsFontLoading (node_modules/react-dom/cjs/react-dom-client.development.js:6927:7)
      at initializeLanguageSettings (src/contexts/LanguageContext.tsx:191:7)

    console.error
      An update to LanguageProvider inside a test was not wrapped in act(...).
      
      When testing, code that causes React state updates should be wrapped into act(...):
      
      act(() => {
        /* fire events that update state */
      });
      /* assert on the output */
      
      This ensures that you're testing the behavior the user would see in the browser. Learn more at https://react.dev/link/wrap-tests-with-act

      189 |       
      190 |       // Load Tengwar font asynchronously
    > 191 |       setIsFontLoading(true);
          |       ^
      192 |       const fontLoaded = await TengwarFontManager.loadTengwarFont();
      193 |       setTengwarFontLoaded(fontLoaded);
      194 |       setIsFontLoading(false);

      at node_modules/react-dom/cjs/react-dom-client.development.js:16023:19
      at runWithFiberInDEV (node_modules/react-dom/cjs/react-dom-client.development.js:1522:13)
      at warnIfUpdatesNotWrappedWithActDEV (node_modules/react-dom/cjs/react-dom-client.development.js:16022:9)
      at scheduleUpdateOnFiber (node_modules/react-dom/cjs/react-dom-client.development.js:14396:11)
      at dispatchSetStateInternal (node_modules/react-dom/cjs/react-dom-client.development.js:6969:13)
      at setIsFontLoading (node_modules/react-dom/cjs/react-dom-client.development.js:6927:7)
      at initializeLanguageSettings (src/contexts/LanguageContext.tsx:191:7)

    console.error
      An update to LanguageProvider inside a test was not wrapped in act(...).
      
      When testing, code that causes React state updates should be wrapped into act(...):
      
      act(() => {
        /* fire events that update state */
      });
      /* assert on the output */
      
      This ensures that you're testing the behavior the user would see in the browser. Learn more at https://react.dev/link/wrap-tests-with-act

      189 |       
      190 |       // Load Tengwar font asynchronously
    > 191 |       setIsFontLoading(true);
          |       ^
      192 |       const fontLoaded = await TengwarFontManager.loadTengwarFont();
      193 |       setTengwarFontLoaded(fontLoaded);
      194 |       setIsFontLoading(false);

      at node_modules/react-dom/cjs/react-dom-client.development.js:16023:19
      at runWithFiberInDEV (node_modules/react-dom/cjs/react-dom-client.development.js:1522:13)
      at warnIfUpdatesNotWrappedWithActDEV (node_modules/react-dom/cjs/react-dom-client.development.js:16022:9)
      at scheduleUpdateOnFiber (node_modules/react-dom/cjs/react-dom-client.development.js:14396:11)
      at dispatchSetStateInternal (node_modules/react-dom/cjs/react-dom-client.development.js:6969:13)
      at setIsFontLoading (node_modules/react-dom/cjs/react-dom-client.development.js:6927:7)
      at initializeLanguageSettings (src/contexts/LanguageContext.tsx:191:7)

    console.error
      An update to LanguageProvider inside a test was not wrapped in act(...).
      
      When testing, code that causes React state updates should be wrapped into act(...):
      
      act(() => {
        /* fire events that update state */
      });
      /* assert on the output */
      
      This ensures that you're testing the behavior the user would see in the browser. Learn more at https://react.dev/link/wrap-tests-with-act

      189 |       
      190 |       // Load Tengwar font asynchronously
    > 191 |       setIsFontLoading(true);
          |       ^
      192 |       const fontLoaded = await TengwarFontManager.loadTengwarFont();
      193 |       setTengwarFontLoaded(fontLoaded);
      194 |       setIsFontLoading(false);

      at node_modules/react-dom/cjs/react-dom-client.development.js:16023:19
      at runWithFiberInDEV (node_modules/react-dom/cjs/react-dom-client.development.js:1522:13)
      at warnIfUpdatesNotWrappedWithActDEV (node_modules/react-dom/cjs/react-dom-client.development.js:16022:9)
      at scheduleUpdateOnFiber (node_modules/react-dom/cjs/react-dom-client.development.js:14396:11)
      at dispatchSetStateInternal (node_modules/react-dom/cjs/react-dom-client.development.js:6969:13)
      at setIsFontLoading (node_modules/react-dom/cjs/react-dom-client.development.js:6927:7)
      at initializeLanguageSettings (src/contexts/LanguageContext.tsx:191:7)

    console.error
      An update to LanguageProvider inside a test was not wrapped in act(...).
      
      When testing, code that causes React state updates should be wrapped into act(...):
      
      act(() => {
        /* fire events that update state */
      });
      /* assert on the output */
      
      This ensures that you're testing the behavior the user would see in the browser. Learn more at https://react.dev/link/wrap-tests-with-act

      189 |       
      190 |       // Load Tengwar font asynchronously
    > 191 |       setIsFontLoading(true);
          |       ^
      192 |       const fontLoaded = await TengwarFontManager.loadTengwarFont();
      193 |       setTengwarFontLoaded(fontLoaded);
      194 |       setIsFontLoading(false);

      at node_modules/react-dom/cjs/react-dom-client.development.js:16023:19
      at runWithFiberInDEV (node_modules/react-dom/cjs/react-dom-client.development.js:1522:13)
      at warnIfUpdatesNotWrappedWithActDEV (node_modules/react-dom/cjs/react-dom-client.development.js:16022:9)
      at scheduleUpdateOnFiber (node_modules/react-dom/cjs/react-dom-client.development.js:14396:11)
      at dispatchSetStateInternal (node_modules/react-dom/cjs/react-dom-client.development.js:6969:13)
      at setIsFontLoading (node_modules/react-dom/cjs/react-dom-client.development.js:6927:7)
      at initializeLanguageSettings (src/contexts/LanguageContext.tsx:191:7)

    console.error
      An update to LanguageProvider inside a test was not wrapped in act(...).
      
      When testing, code that causes React state updates should be wrapped into act(...):
      
      act(() => {
        /* fire events that update state */
      });
      /* assert on the output */
      
      This ensures that you're testing the behavior the user would see in the browser. Learn more at https://react.dev/link/wrap-tests-with-act

      189 |       
      190 |       // Load Tengwar font asynchronously
    > 191 |       setIsFontLoading(true);
          |       ^
      192 |       const fontLoaded = await TengwarFontManager.loadTengwarFont();
      193 |       setTengwarFontLoaded(fontLoaded);
      194 |       setIsFontLoading(false);

      at node_modules/react-dom/cjs/react-dom-client.development.js:16023:19
      at runWithFiberInDEV (node_modules/react-dom/cjs/react-dom-client.development.js:1522:13)
      at warnIfUpdatesNotWrappedWithActDEV (node_modules/react-dom/cjs/react-dom-client.development.js:16022:9)
      at scheduleUpdateOnFiber (node_modules/react-dom/cjs/react-dom-client.development.js:14396:11)
      at dispatchSetStateInternal (node_modules/react-dom/cjs/react-dom-client.development.js:6969:13)
      at setIsFontLoading (node_modules/react-dom/cjs/react-dom-client.development.js:6927:7)
      at initializeLanguageSettings (src/contexts/LanguageContext.tsx:191:7)

    console.error
      An update to LanguageProvider inside a test was not wrapped in act(...).
      
      When testing, code that causes React state updates should be wrapped into act(...):
      
      act(() => {
        /* fire events that update state */
      });
      /* assert on the output */
      
      This ensures that you're testing the behavior the user would see in the browser. Learn more at https://react.dev/link/wrap-tests-with-act

      189 |       
      190 |       // Load Tengwar font asynchronously
    > 191 |       setIsFontLoading(true);
          |       ^
      192 |       const fontLoaded = await TengwarFontManager.loadTengwarFont();
      193 |       setTengwarFontLoaded(fontLoaded);
      194 |       setIsFontLoading(false);

      at node_modules/react-dom/cjs/react-dom-client.development.js:16023:19
      at runWithFiberInDEV (node_modules/react-dom/cjs/react-dom-client.development.js:1522:13)
      at warnIfUpdatesNotWrappedWithActDEV (node_modules/react-dom/cjs/react-dom-client.development.js:16022:9)
      at scheduleUpdateOnFiber (node_modules/react-dom/cjs/react-dom-client.development.js:14396:11)
      at dispatchSetStateInternal (node_modules/react-dom/cjs/react-dom-client.development.js:6969:13)
      at setIsFontLoading (node_modules/react-dom/cjs/react-dom-client.development.js:6927:7)
      at initializeLanguageSettings (src/contexts/LanguageContext.tsx:191:7)

    console.error
      An update to LanguageProvider inside a test was not wrapped in act(...).
      
      When testing, code that causes React state updates should be wrapped into act(...):
      
      act(() => {
        /* fire events that update state */
      });
      /* assert on the output */
      
      This ensures that you're testing the behavior the user would see in the browser. Learn more at https://react.dev/link/wrap-tests-with-act

      189 |       
      190 |       // Load Tengwar font asynchronously
    > 191 |       setIsFontLoading(true);
          |       ^
      192 |       const fontLoaded = await TengwarFontManager.loadTengwarFont();
      193 |       setTengwarFontLoaded(fontLoaded);
      194 |       setIsFontLoading(false);

      at node_modules/react-dom/cjs/react-dom-client.development.js:16023:19
      at runWithFiberInDEV (node_modules/react-dom/cjs/react-dom-client.development.js:1522:13)
      at warnIfUpdatesNotWrappedWithActDEV (node_modules/react-dom/cjs/react-dom-client.development.js:16022:9)
      at scheduleUpdateOnFiber (node_modules/react-dom/cjs/react-dom-client.development.js:14396:11)
      at dispatchSetStateInternal (node_modules/react-dom/cjs/react-dom-client.development.js:6969:13)
      at setIsFontLoading (node_modules/react-dom/cjs/react-dom-client.development.js:6927:7)
      at initializeLanguageSettings (src/contexts/LanguageContext.tsx:191:7)

    console.error
      An update to LanguageProvider inside a test was not wrapped in act(...).
      
      When testing, code that causes React state updates should be wrapped into act(...):
      
      act(() => {
        /* fire events that update state */
      });
      /* assert on the output */
      
      This ensures that you're testing the behavior the user would see in the browser. Learn more at https://react.dev/link/wrap-tests-with-act

      189 |       
      190 |       // Load Tengwar font asynchronously
    > 191 |       setIsFontLoading(true);
          |       ^
      192 |       const fontLoaded = await TengwarFontManager.loadTengwarFont();
      193 |       setTengwarFontLoaded(fontLoaded);
      194 |       setIsFontLoading(false);

      at node_modules/react-dom/cjs/react-dom-client.development.js:16023:19
      at runWithFiberInDEV (node_modules/react-dom/cjs/react-dom-client.development.js:1522:13)
      at warnIfUpdatesNotWrappedWithActDEV (node_modules/react-dom/cjs/react-dom-client.development.js:16022:9)
      at scheduleUpdateOnFiber (node_modules/react-dom/cjs/react-dom-client.development.js:14396:11)
      at dispatchSetStateInternal (node_modules/react-dom/cjs/react-dom-client.development.js:6969:13)
      at setIsFontLoading (node_modules/react-dom/cjs/react-dom-client.development.js:6927:7)
      at initializeLanguageSettings (src/contexts/LanguageContext.tsx:191:7)

PASS src/tests/unit/components/loading/Skeleton.test.tsx
  ● Console

    console.error
      An update to LanguageProvider inside a test was not wrapped in act(...).
      
      When testing, code that causes React state updates should be wrapped into act(...):
      
      act(() => {
        /* fire events that update state */
      });
      /* assert on the output */
      
      This ensures that you're testing the behavior the user would see in the browser. Learn more at https://react.dev/link/wrap-tests-with-act

      189 |       
      190 |       // Load Tengwar font asynchronously
    > 191 |       setIsFontLoading(true);
          |       ^
      192 |       const fontLoaded = await TengwarFontManager.loadTengwarFont();
      193 |       setTengwarFontLoaded(fontLoaded);
      194 |       setIsFontLoading(false);

      at node_modules/react-dom/cjs/react-dom-client.development.js:16023:19
      at runWithFiberInDEV (node_modules/react-dom/cjs/react-dom-client.development.js:1522:13)
      at warnIfUpdatesNotWrappedWithActDEV (node_modules/react-dom/cjs/react-dom-client.development.js:16022:9)
      at scheduleUpdateOnFiber (node_modules/react-dom/cjs/react-dom-client.development.js:14396:11)
      at dispatchSetStateInternal (node_modules/react-dom/cjs/react-dom-client.development.js:6969:13)
      at setIsFontLoading (node_modules/react-dom/cjs/react-dom-client.development.js:6927:7)
      at initializeLanguageSettings (src/contexts/LanguageContext.tsx:191:7)

    console.error
      An update to LanguageProvider inside a test was not wrapped in act(...).
      
      When testing, code that causes React state updates should be wrapped into act(...):
      
      act(() => {
        /* fire events that update state */
      });
      /* assert on the output */
      
      This ensures that you're testing the behavior the user would see in the browser. Learn more at https://react.dev/link/wrap-tests-with-act

      189 |       
      190 |       // Load Tengwar font asynchronously
    > 191 |       setIsFontLoading(true);
          |       ^
      192 |       const fontLoaded = await TengwarFontManager.loadTengwarFont();
      193 |       setTengwarFontLoaded(fontLoaded);
      194 |       setIsFontLoading(false);

      at node_modules/react-dom/cjs/react-dom-client.development.js:16023:19
      at runWithFiberInDEV (node_modules/react-dom/cjs/react-dom-client.development.js:1522:13)
      at warnIfUpdatesNotWrappedWithActDEV (node_modules/react-dom/cjs/react-dom-client.development.js:16022:9)
      at scheduleUpdateOnFiber (node_modules/react-dom/cjs/react-dom-client.development.js:14396:11)
      at dispatchSetStateInternal (node_modules/react-dom/cjs/react-dom-client.development.js:6969:13)
      at setIsFontLoading (node_modules/react-dom/cjs/react-dom-client.development.js:6927:7)
      at initializeLanguageSettings (src/contexts/LanguageContext.tsx:191:7)

    console.error
      An update to LanguageProvider inside a test was not wrapped in act(...).
      
      When testing, code that causes React state updates should be wrapped into act(...):
      
      act(() => {
        /* fire events that update state */
      });
      /* assert on the output */
      
      This ensures that you're testing the behavior the user would see in the browser. Learn more at https://react.dev/link/wrap-tests-with-act

      189 |       
      190 |       // Load Tengwar font asynchronously
    > 191 |       setIsFontLoading(true);
          |       ^
      192 |       const fontLoaded = await TengwarFontManager.loadTengwarFont();
      193 |       setTengwarFontLoaded(fontLoaded);
      194 |       setIsFontLoading(false);

      at node_modules/react-dom/cjs/react-dom-client.development.js:16023:19
      at runWithFiberInDEV (node_modules/react-dom/cjs/react-dom-client.development.js:1522:13)
      at warnIfUpdatesNotWrappedWithActDEV (node_modules/react-dom/cjs/react-dom-client.development.js:16022:9)
      at scheduleUpdateOnFiber (node_modules/react-dom/cjs/react-dom-client.development.js:14396:11)
      at dispatchSetStateInternal (node_modules/react-dom/cjs/react-dom-client.development.js:6969:13)
      at setIsFontLoading (node_modules/react-dom/cjs/react-dom-client.development.js:6927:7)
      at initializeLanguageSettings (src/contexts/LanguageContext.tsx:191:7)

    console.error
      An update to LanguageProvider inside a test was not wrapped in act(...).
      
      When testing, code that causes React state updates should be wrapped into act(...):
      
      act(() => {
        /* fire events that update state */
      });
      /* assert on the output */
      
      This ensures that you're testing the behavior the user would see in the browser. Learn more at https://react.dev/link/wrap-tests-with-act

      189 |       
      190 |       // Load Tengwar font asynchronously
    > 191 |       setIsFontLoading(true);
          |       ^
      192 |       const fontLoaded = await TengwarFontManager.loadTengwarFont();
      193 |       setTengwarFontLoaded(fontLoaded);
      194 |       setIsFontLoading(false);

      at node_modules/react-dom/cjs/react-dom-client.development.js:16023:19
      at runWithFiberInDEV (node_modules/react-dom/cjs/react-dom-client.development.js:1522:13)
      at warnIfUpdatesNotWrappedWithActDEV (node_modules/react-dom/cjs/react-dom-client.development.js:16022:9)
      at scheduleUpdateOnFiber (node_modules/react-dom/cjs/react-dom-client.development.js:14396:11)
      at dispatchSetStateInternal (node_modules/react-dom/cjs/react-dom-client.development.js:6969:13)
      at setIsFontLoading (node_modules/react-dom/cjs/react-dom-client.development.js:6927:7)
      at initializeLanguageSettings (src/contexts/LanguageContext.tsx:191:7)

    console.error
      An update to LanguageProvider inside a test was not wrapped in act(...).
      
      When testing, code that causes React state updates should be wrapped into act(...):
      
      act(() => {
        /* fire events that update state */
      });
      /* assert on the output */
      
      This ensures that you're testing the behavior the user would see in the browser. Learn more at https://react.dev/link/wrap-tests-with-act

      189 |       
      190 |       // Load Tengwar font asynchronously
    > 191 |       setIsFontLoading(true);
          |       ^
      192 |       const fontLoaded = await TengwarFontManager.loadTengwarFont();
      193 |       setTengwarFontLoaded(fontLoaded);
      194 |       setIsFontLoading(false);

      at node_modules/react-dom/cjs/react-dom-client.development.js:16023:19
      at runWithFiberInDEV (node_modules/react-dom/cjs/react-dom-client.development.js:1522:13)
      at warnIfUpdatesNotWrappedWithActDEV (node_modules/react-dom/cjs/react-dom-client.development.js:16022:9)
      at scheduleUpdateOnFiber (node_modules/react-dom/cjs/react-dom-client.development.js:14396:11)
      at dispatchSetStateInternal (node_modules/react-dom/cjs/react-dom-client.development.js:6969:13)
      at setIsFontLoading (node_modules/react-dom/cjs/react-dom-client.development.js:6927:7)
      at initializeLanguageSettings (src/contexts/LanguageContext.tsx:191:7)

    console.error
      An update to LanguageProvider inside a test was not wrapped in act(...).
      
      When testing, code that causes React state updates should be wrapped into act(...):
      
      act(() => {
        /* fire events that update state */
      });
      /* assert on the output */
      
      This ensures that you're testing the behavior the user would see in the browser. Learn more at https://react.dev/link/wrap-tests-with-act

      189 |       
      190 |       // Load Tengwar font asynchronously
    > 191 |       setIsFontLoading(true);
          |       ^
      192 |       const fontLoaded = await TengwarFontManager.loadTengwarFont();
      193 |       setTengwarFontLoaded(fontLoaded);
      194 |       setIsFontLoading(false);

      at node_modules/react-dom/cjs/react-dom-client.development.js:16023:19
      at runWithFiberInDEV (node_modules/react-dom/cjs/react-dom-client.development.js:1522:13)
      at warnIfUpdatesNotWrappedWithActDEV (node_modules/react-dom/cjs/react-dom-client.development.js:16022:9)
      at scheduleUpdateOnFiber (node_modules/react-dom/cjs/react-dom-client.development.js:14396:11)
      at dispatchSetStateInternal (node_modules/react-dom/cjs/react-dom-client.development.js:6969:13)
      at setIsFontLoading (node_modules/react-dom/cjs/react-dom-client.development.js:6927:7)
      at initializeLanguageSettings (src/contexts/LanguageContext.tsx:191:7)

    console.error
      An update to LanguageProvider inside a test was not wrapped in act(...).
      
      When testing, code that causes React state updates should be wrapped into act(...):
      
      act(() => {
        /* fire events that update state */
      });
      /* assert on the output */
      
      This ensures that you're testing the behavior the user would see in the browser. Learn more at https://react.dev/link/wrap-tests-with-act

      189 |       
      190 |       // Load Tengwar font asynchronously
    > 191 |       setIsFontLoading(true);
          |       ^
      192 |       const fontLoaded = await TengwarFontManager.loadTengwarFont();
      193 |       setTengwarFontLoaded(fontLoaded);
      194 |       setIsFontLoading(false);

      at node_modules/react-dom/cjs/react-dom-client.development.js:16023:19
      at runWithFiberInDEV (node_modules/react-dom/cjs/react-dom-client.development.js:1522:13)
      at warnIfUpdatesNotWrappedWithActDEV (node_modules/react-dom/cjs/react-dom-client.development.js:16022:9)
      at scheduleUpdateOnFiber (node_modules/react-dom/cjs/react-dom-client.development.js:14396:11)
      at dispatchSetStateInternal (node_modules/react-dom/cjs/react-dom-client.development.js:6969:13)
      at setIsFontLoading (node_modules/react-dom/cjs/react-dom-client.development.js:6927:7)
      at initializeLanguageSettings (src/contexts/LanguageContext.tsx:191:7)

    console.error
      An update to LanguageProvider inside a test was not wrapped in act(...).
      
      When testing, code that causes React state updates should be wrapped into act(...):
      
      act(() => {
        /* fire events that update state */
      });
      /* assert on the output */
      
      This ensures that you're testing the behavior the user would see in the browser. Learn more at https://react.dev/link/wrap-tests-with-act

      189 |       
      190 |       // Load Tengwar font asynchronously
    > 191 |       setIsFontLoading(true);
          |       ^
      192 |       const fontLoaded = await TengwarFontManager.loadTengwarFont();
      193 |       setTengwarFontLoaded(fontLoaded);
      194 |       setIsFontLoading(false);

      at node_modules/react-dom/cjs/react-dom-client.development.js:16023:19
      at runWithFiberInDEV (node_modules/react-dom/cjs/react-dom-client.development.js:1522:13)
      at warnIfUpdatesNotWrappedWithActDEV (node_modules/react-dom/cjs/react-dom-client.development.js:16022:9)
      at scheduleUpdateOnFiber (node_modules/react-dom/cjs/react-dom-client.development.js:14396:11)
      at dispatchSetStateInternal (node_modules/react-dom/cjs/react-dom-client.development.js:6969:13)
      at setIsFontLoading (node_modules/react-dom/cjs/react-dom-client.development.js:6927:7)
      at initializeLanguageSettings (src/contexts/LanguageContext.tsx:191:7)

    console.error
      An update to LanguageProvider inside a test was not wrapped in act(...).
      
      When testing, code that causes React state updates should be wrapped into act(...):
      
      act(() => {
        /* fire events that update state */
      });
      /* assert on the output */
      
      This ensures that you're testing the behavior the user would see in the browser. Learn more at https://react.dev/link/wrap-tests-with-act

      189 |       
      190 |       // Load Tengwar font asynchronously
    > 191 |       setIsFontLoading(true);
          |       ^
      192 |       const fontLoaded = await TengwarFontManager.loadTengwarFont();
      193 |       setTengwarFontLoaded(fontLoaded);
      194 |       setIsFontLoading(false);

      at node_modules/react-dom/cjs/react-dom-client.development.js:16023:19
      at runWithFiberInDEV (node_modules/react-dom/cjs/react-dom-client.development.js:1522:13)
      at warnIfUpdatesNotWrappedWithActDEV (node_modules/react-dom/cjs/react-dom-client.development.js:16022:9)
      at scheduleUpdateOnFiber (node_modules/react-dom/cjs/react-dom-client.development.js:14396:11)
      at dispatchSetStateInternal (node_modules/react-dom/cjs/react-dom-client.development.js:6969:13)
      at setIsFontLoading (node_modules/react-dom/cjs/react-dom-client.development.js:6927:7)
      at initializeLanguageSettings (src/contexts/LanguageContext.tsx:191:7)

    console.error
      An update to LanguageProvider inside a test was not wrapped in act(...).
      
      When testing, code that causes React state updates should be wrapped into act(...):
      
      act(() => {
        /* fire events that update state */
      });
      /* assert on the output */
      
      This ensures that you're testing the behavior the user would see in the browser. Learn more at https://react.dev/link/wrap-tests-with-act

      189 |       
      190 |       // Load Tengwar font asynchronously
    > 191 |       setIsFontLoading(true);
          |       ^
      192 |       const fontLoaded = await TengwarFontManager.loadTengwarFont();
      193 |       setTengwarFontLoaded(fontLoaded);
      194 |       setIsFontLoading(false);

      at node_modules/react-dom/cjs/react-dom-client.development.js:16023:19
      at runWithFiberInDEV (node_modules/react-dom/cjs/react-dom-client.development.js:1522:13)
      at warnIfUpdatesNotWrappedWithActDEV (node_modules/react-dom/cjs/react-dom-client.development.js:16022:9)
      at scheduleUpdateOnFiber (node_modules/react-dom/cjs/react-dom-client.development.js:14396:11)
      at dispatchSetStateInternal (node_modules/react-dom/cjs/react-dom-client.development.js:6969:13)
      at setIsFontLoading (node_modules/react-dom/cjs/react-dom-client.development.js:6927:7)
      at initializeLanguageSettings (src/contexts/LanguageContext.tsx:191:7)

    console.error
      An update to LanguageProvider inside a test was not wrapped in act(...).
      
      When testing, code that causes React state updates should be wrapped into act(...):
      
      act(() => {
        /* fire events that update state */
      });
      /* assert on the output */
      
      This ensures that you're testing the behavior the user would see in the browser. Learn more at https://react.dev/link/wrap-tests-with-act

      189 |       
      190 |       // Load Tengwar font asynchronously
    > 191 |       setIsFontLoading(true);
          |       ^
      192 |       const fontLoaded = await TengwarFontManager.loadTengwarFont();
      193 |       setTengwarFontLoaded(fontLoaded);
      194 |       setIsFontLoading(false);

      at node_modules/react-dom/cjs/react-dom-client.development.js:16023:19
      at runWithFiberInDEV (node_modules/react-dom/cjs/react-dom-client.development.js:1522:13)
      at warnIfUpdatesNotWrappedWithActDEV (node_modules/react-dom/cjs/react-dom-client.development.js:16022:9)
      at scheduleUpdateOnFiber (node_modules/react-dom/cjs/react-dom-client.development.js:14396:11)
      at dispatchSetStateInternal (node_modules/react-dom/cjs/react-dom-client.development.js:6969:13)
      at setIsFontLoading (node_modules/react-dom/cjs/react-dom-client.development.js:6927:7)
      at initializeLanguageSettings (src/contexts/LanguageContext.tsx:191:7)

    console.error
      An update to LanguageProvider inside a test was not wrapped in act(...).
      
      When testing, code that causes React state updates should be wrapped into act(...):
      
      act(() => {
        /* fire events that update state */
      });
      /* assert on the output */
      
      This ensures that you're testing the behavior the user would see in the browser. Learn more at https://react.dev/link/wrap-tests-with-act

      189 |       
      190 |       // Load Tengwar font asynchronously
    > 191 |       setIsFontLoading(true);
          |       ^
      192 |       const fontLoaded = await TengwarFontManager.loadTengwarFont();
      193 |       setTengwarFontLoaded(fontLoaded);
      194 |       setIsFontLoading(false);

      at node_modules/react-dom/cjs/react-dom-client.development.js:16023:19
      at runWithFiberInDEV (node_modules/react-dom/cjs/react-dom-client.development.js:1522:13)
      at warnIfUpdatesNotWrappedWithActDEV (node_modules/react-dom/cjs/react-dom-client.development.js:16022:9)
      at scheduleUpdateOnFiber (node_modules/react-dom/cjs/react-dom-client.development.js:14396:11)
      at dispatchSetStateInternal (node_modules/react-dom/cjs/react-dom-client.development.js:6969:13)
      at setIsFontLoading (node_modules/react-dom/cjs/react-dom-client.development.js:6927:7)
      at initializeLanguageSettings (src/contexts/LanguageContext.tsx:191:7)

    console.error
      An update to LanguageProvider inside a test was not wrapped in act(...).
      
      When testing, code that causes React state updates should be wrapped into act(...):
      
      act(() => {
        /* fire events that update state */
      });
      /* assert on the output */
      
      This ensures that you're testing the behavior the user would see in the browser. Learn more at https://react.dev/link/wrap-tests-with-act

      189 |       
      190 |       // Load Tengwar font asynchronously
    > 191 |       setIsFontLoading(true);
          |       ^
      192 |       const fontLoaded = await TengwarFontManager.loadTengwarFont();
      193 |       setTengwarFontLoaded(fontLoaded);
      194 |       setIsFontLoading(false);

      at node_modules/react-dom/cjs/react-dom-client.development.js:16023:19
      at runWithFiberInDEV (node_modules/react-dom/cjs/react-dom-client.development.js:1522:13)
      at warnIfUpdatesNotWrappedWithActDEV (node_modules/react-dom/cjs/react-dom-client.development.js:16022:9)
      at scheduleUpdateOnFiber (node_modules/react-dom/cjs/react-dom-client.development.js:14396:11)
      at dispatchSetStateInternal (node_modules/react-dom/cjs/react-dom-client.development.js:6969:13)
      at setIsFontLoading (node_modules/react-dom/cjs/react-dom-client.development.js:6927:7)
      at initializeLanguageSettings (src/contexts/LanguageContext.tsx:191:7)

PASS src/tests/unit/components/loading/Spinner.test.tsx
  ● Console

    console.error
      An update to LanguageProvider inside a test was not wrapped in act(...).
      
      When testing, code that causes React state updates should be wrapped into act(...):
      
      act(() => {
        /* fire events that update state */
      });
      /* assert on the output */
      
      This ensures that you're testing the behavior the user would see in the browser. Learn more at https://react.dev/link/wrap-tests-with-act

      189 |       
      190 |       // Load Tengwar font asynchronously
    > 191 |       setIsFontLoading(true);
          |       ^
      192 |       const fontLoaded = await TengwarFontManager.loadTengwarFont();
      193 |       setTengwarFontLoaded(fontLoaded);
      194 |       setIsFontLoading(false);

      at node_modules/react-dom/cjs/react-dom-client.development.js:16023:19
      at runWithFiberInDEV (node_modules/react-dom/cjs/react-dom-client.development.js:1522:13)
      at warnIfUpdatesNotWrappedWithActDEV (node_modules/react-dom/cjs/react-dom-client.development.js:16022:9)
      at scheduleUpdateOnFiber (node_modules/react-dom/cjs/react-dom-client.development.js:14396:11)
      at dispatchSetStateInternal (node_modules/react-dom/cjs/react-dom-client.development.js:6969:13)
      at setIsFontLoading (node_modules/react-dom/cjs/react-dom-client.development.js:6927:7)
      at initializeLanguageSettings (src/contexts/LanguageContext.tsx:191:7)

    console.error
      An update to LanguageProvider inside a test was not wrapped in act(...).
      
      When testing, code that causes React state updates should be wrapped into act(...):
      
      act(() => {
        /* fire events that update state */
      });
      /* assert on the output */
      
      This ensures that you're testing the behavior the user would see in the browser. Learn more at https://react.dev/link/wrap-tests-with-act

      189 |       
      190 |       // Load Tengwar font asynchronously
    > 191 |       setIsFontLoading(true);
          |       ^
      192 |       const fontLoaded = await TengwarFontManager.loadTengwarFont();
      193 |       setTengwarFontLoaded(fontLoaded);
      194 |       setIsFontLoading(false);

      at node_modules/react-dom/cjs/react-dom-client.development.js:16023:19
      at runWithFiberInDEV (node_modules/react-dom/cjs/react-dom-client.development.js:1522:13)
      at warnIfUpdatesNotWrappedWithActDEV (node_modules/react-dom/cjs/react-dom-client.development.js:16022:9)
      at scheduleUpdateOnFiber (node_modules/react-dom/cjs/react-dom-client.development.js:14396:11)
      at dispatchSetStateInternal (node_modules/react-dom/cjs/react-dom-client.development.js:6969:13)
      at setIsFontLoading (node_modules/react-dom/cjs/react-dom-client.development.js:6927:7)
      at initializeLanguageSettings (src/contexts/LanguageContext.tsx:191:7)

    console.error
      An update to LanguageProvider inside a test was not wrapped in act(...).
      
      When testing, code that causes React state updates should be wrapped into act(...):
      
      act(() => {
        /* fire events that update state */
      });
      /* assert on the output */
      
      This ensures that you're testing the behavior the user would see in the browser. Learn more at https://react.dev/link/wrap-tests-with-act

      189 |       
      190 |       // Load Tengwar font asynchronously
    > 191 |       setIsFontLoading(true);
          |       ^
      192 |       const fontLoaded = await TengwarFontManager.loadTengwarFont();
      193 |       setTengwarFontLoaded(fontLoaded);
      194 |       setIsFontLoading(false);

      at node_modules/react-dom/cjs/react-dom-client.development.js:16023:19
      at runWithFiberInDEV (node_modules/react-dom/cjs/react-dom-client.development.js:1522:13)
      at warnIfUpdatesNotWrappedWithActDEV (node_modules/react-dom/cjs/react-dom-client.development.js:16022:9)
      at scheduleUpdateOnFiber (node_modules/react-dom/cjs/react-dom-client.development.js:14396:11)
      at dispatchSetStateInternal (node_modules/react-dom/cjs/react-dom-client.development.js:6969:13)
      at setIsFontLoading (node_modules/react-dom/cjs/react-dom-client.development.js:6927:7)
      at initializeLanguageSettings (src/contexts/LanguageContext.tsx:191:7)

    console.error
      An update to LanguageProvider inside a test was not wrapped in act(...).
      
      When testing, code that causes React state updates should be wrapped into act(...):
      
      act(() => {
        /* fire events that update state */
      });
      /* assert on the output */
      
      This ensures that you're testing the behavior the user would see in the browser. Learn more at https://react.dev/link/wrap-tests-with-act

      189 |       
      190 |       // Load Tengwar font asynchronously
    > 191 |       setIsFontLoading(true);
          |       ^
      192 |       const fontLoaded = await TengwarFontManager.loadTengwarFont();
      193 |       setTengwarFontLoaded(fontLoaded);
      194 |       setIsFontLoading(false);

      at node_modules/react-dom/cjs/react-dom-client.development.js:16023:19
      at runWithFiberInDEV (node_modules/react-dom/cjs/react-dom-client.development.js:1522:13)
      at warnIfUpdatesNotWrappedWithActDEV (node_modules/react-dom/cjs/react-dom-client.development.js:16022:9)
      at scheduleUpdateOnFiber (node_modules/react-dom/cjs/react-dom-client.development.js:14396:11)
      at dispatchSetStateInternal (node_modules/react-dom/cjs/react-dom-client.development.js:6969:13)
      at setIsFontLoading (node_modules/react-dom/cjs/react-dom-client.development.js:6927:7)
      at initializeLanguageSettings (src/contexts/LanguageContext.tsx:191:7)

    console.error
      An update to LanguageProvider inside a test was not wrapped in act(...).
      
      When testing, code that causes React state updates should be wrapped into act(...):
      
      act(() => {
        /* fire events that update state */
      });
      /* assert on the output */
      
      This ensures that you're testing the behavior the user would see in the browser. Learn more at https://react.dev/link/wrap-tests-with-act

      189 |       
      190 |       // Load Tengwar font asynchronously
    > 191 |       setIsFontLoading(true);
          |       ^
      192 |       const fontLoaded = await TengwarFontManager.loadTengwarFont();
      193 |       setTengwarFontLoaded(fontLoaded);
      194 |       setIsFontLoading(false);

      at node_modules/react-dom/cjs/react-dom-client.development.js:16023:19
      at runWithFiberInDEV (node_modules/react-dom/cjs/react-dom-client.development.js:1522:13)
      at warnIfUpdatesNotWrappedWithActDEV (node_modules/react-dom/cjs/react-dom-client.development.js:16022:9)
      at scheduleUpdateOnFiber (node_modules/react-dom/cjs/react-dom-client.development.js:14396:11)
      at dispatchSetStateInternal (node_modules/react-dom/cjs/react-dom-client.development.js:6969:13)
      at setIsFontLoading (node_modules/react-dom/cjs/react-dom-client.development.js:6927:7)
      at initializeLanguageSettings (src/contexts/LanguageContext.tsx:191:7)

    console.error
      An update to LanguageProvider inside a test was not wrapped in act(...).
      
      When testing, code that causes React state updates should be wrapped into act(...):
      
      act(() => {
        /* fire events that update state */
      });
      /* assert on the output */
      
      This ensures that you're testing the behavior the user would see in the browser. Learn more at https://react.dev/link/wrap-tests-with-act

      189 |       
      190 |       // Load Tengwar font asynchronously
    > 191 |       setIsFontLoading(true);
          |       ^
      192 |       const fontLoaded = await TengwarFontManager.loadTengwarFont();
      193 |       setTengwarFontLoaded(fontLoaded);
      194 |       setIsFontLoading(false);

      at node_modules/react-dom/cjs/react-dom-client.development.js:16023:19
      at runWithFiberInDEV (node_modules/react-dom/cjs/react-dom-client.development.js:1522:13)
      at warnIfUpdatesNotWrappedWithActDEV (node_modules/react-dom/cjs/react-dom-client.development.js:16022:9)
      at scheduleUpdateOnFiber (node_modules/react-dom/cjs/react-dom-client.development.js:14396:11)
      at dispatchSetStateInternal (node_modules/react-dom/cjs/react-dom-client.development.js:6969:13)
      at setIsFontLoading (node_modules/react-dom/cjs/react-dom-client.development.js:6927:7)
      at initializeLanguageSettings (src/contexts/LanguageContext.tsx:191:7)

    console.error
      An update to LanguageProvider inside a test was not wrapped in act(...).
      
      When testing, code that causes React state updates should be wrapped into act(...):
      
      act(() => {
        /* fire events that update state */
      });
      /* assert on the output */
      
      This ensures that you're testing the behavior the user would see in the browser. Learn more at https://react.dev/link/wrap-tests-with-act

      189 |       
      190 |       // Load Tengwar font asynchronously
    > 191 |       setIsFontLoading(true);
          |       ^
      192 |       const fontLoaded = await TengwarFontManager.loadTengwarFont();
      193 |       setTengwarFontLoaded(fontLoaded);
      194 |       setIsFontLoading(false);

      at node_modules/react-dom/cjs/react-dom-client.development.js:16023:19
      at runWithFiberInDEV (node_modules/react-dom/cjs/react-dom-client.development.js:1522:13)
      at warnIfUpdatesNotWrappedWithActDEV (node_modules/react-dom/cjs/react-dom-client.development.js:16022:9)
      at scheduleUpdateOnFiber (node_modules/react-dom/cjs/react-dom-client.development.js:14396:11)
      at dispatchSetStateInternal (node_modules/react-dom/cjs/react-dom-client.development.js:6969:13)
      at setIsFontLoading (node_modules/react-dom/cjs/react-dom-client.development.js:6927:7)
      at initializeLanguageSettings (src/contexts/LanguageContext.tsx:191:7)

    console.error
      An update to LanguageProvider inside a test was not wrapped in act(...).
      
      When testing, code that causes React state updates should be wrapped into act(...):
      
      act(() => {
        /* fire events that update state */
      });
      /* assert on the output */
      
      This ensures that you're testing the behavior the user would see in the browser. Learn more at https://react.dev/link/wrap-tests-with-act

      189 |       
      190 |       // Load Tengwar font asynchronously
    > 191 |       setIsFontLoading(true);
          |       ^
      192 |       const fontLoaded = await TengwarFontManager.loadTengwarFont();
      193 |       setTengwarFontLoaded(fontLoaded);
      194 |       setIsFontLoading(false);

      at node_modules/react-dom/cjs/react-dom-client.development.js:16023:19
      at runWithFiberInDEV (node_modules/react-dom/cjs/react-dom-client.development.js:1522:13)
      at warnIfUpdatesNotWrappedWithActDEV (node_modules/react-dom/cjs/react-dom-client.development.js:16022:9)
      at scheduleUpdateOnFiber (node_modules/react-dom/cjs/react-dom-client.development.js:14396:11)
      at dispatchSetStateInternal (node_modules/react-dom/cjs/react-dom-client.development.js:6969:13)
      at setIsFontLoading (node_modules/react-dom/cjs/react-dom-client.development.js:6927:7)
      at initializeLanguageSettings (src/contexts/LanguageContext.tsx:191:7)

PASS src/tests/unit/hooks/useFormValidation.test.tsx
PASS src/tests/unit/components/ResponsiveWrapper.test.tsx
PASS src/tests/unit/hooks/useLoadingStates.test.ts
PASS src/tests/unit/utils/TengwarTranslator.test.ts
PASS src/App.test.tsx

Test Suites: 8 failed, 1 skipped, 11 passed, 19 of 20 total
Tests:       40 failed, 15 skipped, 350 passed, 405 total
Snapshots:   0 total
Time:        3.401 s
Ran all test suites.
npm error Lifecycle script `test` failed with error:
npm error code 1
npm error path /home/philipp/Workspace/chronicler-app/frontend
npm error workspace frontend@0.1.0
npm error location /home/philipp/Workspace/chronicler-app/frontend
npm error command failed
npm error command sh -c react-scripts test --maxWorkers=2 --watchAll=false
